Recreating states:
Process @0
 Dynamic Allocations: 0
 Known Memory Regions: 0
 Open Streams: 3
 Open DIRs: 0
 Thread #1 @TT=0

Process @2
 Dynamic Allocations: 0
 Known Memory Regions: 72
 Open Streams: 3
 Open DIRs: 0
 Thread #1 @TT=1
  Function [Index=6]
   Allocas:
   Instruction values [Active=unassigned]:

Process @3
 Dynamic Allocations: 0
 Known Memory Regions: 72
 Open Streams: 3
 Open DIRs: 0
 Thread #1 @TT=5
  Function [Index=6]
   Allocas:
    0 =[1x4]
    1 =[1x4]
    2 =[1x8]
   Instruction values [Active=3]:
    0 = 
    1 = 
    2 = 

Process @4
 Dynamic Allocations: 0
 Known Memory Regions: 72
 Open Streams: 3
 Open DIRs: 0
 Thread #1 @TT=6
  Function [Index=6]
   Allocas:
    0 =[1x4]
    1 =[1x4]
    2 =[1x8]
   Instruction values [Active=4]:
    0 = 
    1 = 
    2 = 

Process @5
 Dynamic Allocations: 0
 Known Memory Regions: 72
 Open Streams: 3
 Open DIRs: 0
 Thread #1 @TT=7
  Function [Index=6]
   Allocas:
    0 =[1x4]
    1 =[1x4]
    2 =[1x8]
   Instruction values [Active=6]:
    0 = 
    1 = 
    2 = 

Process @6
 Dynamic Allocations: 0
 Known Memory Regions: 72
 Open Streams: 3
 Open DIRs: 0
 Thread #1 @TT=13
  Function [Index=6]
   Allocas:
    0 =[1x4]
    1 =[1x4]
    2 =[1x8]
   Instruction values [Active=8]:
    0 = 
    1 = 
    2 = 
  Function [Index=5]
   Allocas:
    0 =[1x4]
    1 =[1x4]
    2 =[1x8]
   Instruction values [Active=3]:
    0 = 
    1 = 
    2 = 

Process @7
 Dynamic Allocations: 0
 Known Memory Regions: 72
 Open Streams: 3
 Open DIRs: 0
 Thread #1 @TT=14
  Function [Index=6]
   Allocas:
    0 =[1x4]
    1 =[1x4]
    2 =[1x8]
   Instruction values [Active=8]:
    0 = 
    1 = 
    2 = 
  Function [Index=5]
   Allocas:
    0 =[1x4]
    1 =[1x4]
    2 =[1x8]
   Instruction values [Active=6]:
    0 = 
    1 = 
    2 = 

Process @8
 Dynamic Allocations: 0
 Known Memory Regions: 72
 Open Streams: 3
 Open DIRs: 0
 Thread #1 @TT=22
  Function [Index=6]
   Allocas:
    0 =[1x4]
    1 =[1x4]
    2 =[1x8]
   Instruction values [Active=8]:
    0 = 
    1 = 
    2 = 
  Function [Index=5]
   Allocas:
    0 =[1x4]
    1 =[1x4]
    2 =[1x8]
   Instruction values [Active=16]:
    0 = 
    1 = 
    2 = 
    8 = (int64_t)1, (uint64_t)1
    9 = (int64_t)3, (uint64_t)3
    10 = (int64_t)-1, (uint64_t)1
    11 = (int64_t)1, (uint64_t)1
    13 = (int64_t)1, (uint64_t)1
    14 = (int64_t)1, (uint64_t)1
    15 = 

Process @9
 Dynamic Allocations: 0
 Known Memory Regions: 72
 Open Streams: 3
 Open DIRs: 0
 Thread #1 @TT=31
  Function [Index=6]
   Allocas:
    0 =[1x4]
    1 =[1x4]
    2 =[1x8]
   Instruction values [Active=8]:
    0 = 
    1 = 
    2 = 
  Function [Index=5]
   Allocas:
    0 =[1x4]
    1 =[1x4]
    2 =[1x8]
    17 =[1x1]
   Instruction values [Active=20]:
    0 = 
    1 = 
    2 = 
    8 = (int64_t)1, (uint64_t)1
    9 = (int64_t)3, (uint64_t)3
    10 = (int64_t)-1, (uint64_t)1
    11 = (int64_t)1, (uint64_t)1
    13 = (int64_t)1, (uint64_t)1
    14 = (int64_t)1, (uint64_t)1
    15 = 
    17 = 
    19 = (int64_t)1, (uint64_t)1
  Function [Index=0]
   Allocas:
    0 =[1x4]
    1 =[1x8]
    2 =[1x4]
    3 =[1x8]
   Instruction values [Active=4]:
    0 = 
    1 = 
    2 = 
    3 = 

Process @10
 Dynamic Allocations: 0
 Known Memory Regions: 72
 Open Streams: 3
 Open DIRs: 0
 Thread #1 @TT=32
  Function [Index=6]
   Allocas:
    0 =[1x4]
    1 =[1x4]
    2 =[1x8]
   Instruction values [Active=8]:
    0 = 
    1 = 
    2 = 
  Function [Index=5]
   Allocas:
    0 =[1x4]
    1 =[1x4]
    2 =[1x8]
    17 =[1x1]
   Instruction values [Active=20]:
    0 = 
    1 = 
    2 = 
    8 = (int64_t)1, (uint64_t)1
    9 = (int64_t)3, (uint64_t)3
    10 = (int64_t)-1, (uint64_t)1
    11 = (int64_t)1, (uint64_t)1
    13 = (int64_t)1, (uint64_t)1
    14 = (int64_t)1, (uint64_t)1
    15 = 
    17 = 
    19 = (int64_t)1, (uint64_t)1
  Function [Index=0]
   Allocas:
    0 =[1x4]
    1 =[1x8]
    2 =[1x4]
    3 =[1x8]
   Instruction values [Active=6]:
    0 = 
    1 = 
    2 = 
    3 = 

Process @11
 Dynamic Allocations: 0
 Known Memory Regions: 72
 Open Streams: 3
 Open DIRs: 0
 Thread #1 @TT=35
  Function [Index=6]
   Allocas:
    0 =[1x4]
    1 =[1x4]
    2 =[1x8]
   Instruction values [Active=8]:
    0 = 
    1 = 
    2 = 
  Function [Index=5]
   Allocas:
    0 =[1x4]
    1 =[1x4]
    2 =[1x8]
    17 =[1x1]
   Instruction values [Active=20]:
    0 = 
    1 = 
    2 = 
    8 = (int64_t)1, (uint64_t)1
    9 = (int64_t)3, (uint64_t)3
    10 = (int64_t)-1, (uint64_t)1
    11 = (int64_t)1, (uint64_t)1
    13 = (int64_t)1, (uint64_t)1
    14 = (int64_t)1, (uint64_t)1
    15 = 
    17 = 
    19 = (int64_t)1, (uint64_t)1
  Function [Index=0]
   Allocas:
    0 =[1x4]
    1 =[1x8]
    2 =[1x4]
    3 =[1x8]
   Instruction values [Active=11]:
    0 = 
    1 = 
    2 = 
    3 = 
    8 = (int64_t)1, (uint64_t)1
    9 = (int64_t)1, (uint64_t)1

Process @12
 Dynamic Allocations: 0
 Known Memory Regions: 72
 Open Streams: 3
 Open DIRs: 0
 Thread #1 @TT=40
  Function [Index=6]
   Allocas:
    0 =[1x4]
    1 =[1x4]
    2 =[1x8]
   Instruction values [Active=8]:
    0 = 
    1 = 
    2 = 
  Function [Index=5]
   Allocas:
    0 =[1x4]
    1 =[1x4]
    2 =[1x8]
    17 =[1x1]
   Instruction values [Active=20]:
    0 = 
    1 = 
    2 = 
    8 = (int64_t)1, (uint64_t)1
    9 = (int64_t)3, (uint64_t)3
    10 = (int64_t)-1, (uint64_t)1
    11 = (int64_t)1, (uint64_t)1
    13 = (int64_t)1, (uint64_t)1
    14 = (int64_t)1, (uint64_t)1
    15 = 
    17 = 
    19 = (int64_t)1, (uint64_t)1

Process @13
 Dynamic Allocations: 0
 Known Memory Regions: 72
 Open Streams: 3
 Open DIRs: 0
 Thread #1 @TT=43
  Function [Index=6]
   Allocas:
    0 =[1x4]
    1 =[1x4]
    2 =[1x8]
   Instruction values [Active=8]:
    0 = 
    1 = 
    2 = 
  Function [Index=5]
   Allocas:
    0 =[1x4]
    1 =[1x4]
    2 =[1x8]
    17 =[1x1]
   Instruction values [Active=22]:
    0 = 
    1 = 
    2 = 
    8 = (int64_t)1, (uint64_t)1
    9 = (int64_t)3, (uint64_t)3
    10 = (int64_t)-1, (uint64_t)1
    11 = (int64_t)1, (uint64_t)1
    13 = (int64_t)1, (uint64_t)1
    14 = (int64_t)1, (uint64_t)1
    15 = 
    17 = 
    19 = (int64_t)1, (uint64_t)1
    21 = 

Process @14
 Dynamic Allocations: 0
 Known Memory Regions: 72
 Open Streams: 3
 Open DIRs: 0
 Thread #1 @TT=47
  Function [Index=6]
   Allocas:
    0 =[1x4]
    1 =[1x4]
    2 =[1x8]
   Instruction values [Active=8]:
    0 = 
    1 = 
    2 = 
  Function [Index=5]
   Allocas:
    0 =[1x4]
    1 =[1x4]
    2 =[1x8]
   Instruction values [Active=26]:
    0 = 
    1 = 
    2 = 
    8 = (int64_t)1, (uint64_t)1
    9 = (int64_t)3, (uint64_t)3
    10 = (int64_t)-1, (uint64_t)1
    11 = (int64_t)1, (uint64_t)1
    13 = (int64_t)1, (uint64_t)1
    14 = (int64_t)1, (uint64_t)1
    15 = 
    17 = 
    19 = (int64_t)1, (uint64_t)1
    21 = 
    24 = (int64_t)1, (uint64_t)1
    25 = (int64_t)2, (uint64_t)2

Process @15
 Dynamic Allocations: 0
 Known Memory Regions: 72
 Open Streams: 3
 Open DIRs: 0
 Thread #1 @TT=55
  Function [Index=6]
   Allocas:
    0 =[1x4]
    1 =[1x4]
    2 =[1x8]
   Instruction values [Active=8]:
    0 = 
    1 = 
    2 = 
  Function [Index=5]
   Allocas:
    0 =[1x4]
    1 =[1x4]
    2 =[1x8]
   Instruction values [Active=16]:
    0 = 
    1 = 
    2 = 
    8 = (int64_t)2, (uint64_t)2
    9 = (int64_t)3, (uint64_t)3
    10 = (int64_t)-1, (uint64_t)1
    11 = (int64_t)1, (uint64_t)1
    13 = (int64_t)2, (uint64_t)2
    14 = (int64_t)2, (uint64_t)2
    15 = 

Process @16
 Dynamic Allocations: 0
 Known Memory Regions: 72
 Open Streams: 3
 Open DIRs: 0
 Thread #1 @TT=64
  Function [Index=6]
   Allocas:
    0 =[1x4]
    1 =[1x4]
    2 =[1x8]
   Instruction values [Active=8]:
    0 = 
    1 = 
    2 = 
  Function [Index=5]
   Allocas:
    0 =[1x4]
    1 =[1x4]
    2 =[1x8]
    17 =[2x1]
   Instruction values [Active=20]:
    0 = 
    1 = 
    2 = 
    8 = (int64_t)2, (uint64_t)2
    9 = (int64_t)3, (uint64_t)3
    10 = (int64_t)-1, (uint64_t)1
    11 = (int64_t)1, (uint64_t)1
    13 = (int64_t)2, (uint64_t)2
    14 = (int64_t)2, (uint64_t)2
    15 = 
    17 = 
    19 = (int64_t)2, (uint64_t)2
  Function [Index=0]
   Allocas:
    0 =[1x4]
    1 =[1x8]
    2 =[1x4]
    3 =[1x8]
   Instruction values [Active=4]:
    0 = 
    1 = 
    2 = 
    3 = 

Process @17
 Dynamic Allocations: 0
 Known Memory Regions: 72
 Open Streams: 3
 Open DIRs: 0
 Thread #1 @TT=65
  Function [Index=6]
   Allocas:
    0 =[1x4]
    1 =[1x4]
    2 =[1x8]
   Instruction values [Active=8]:
    0 = 
    1 = 
    2 = 
  Function [Index=5]
   Allocas:
    0 =[1x4]
    1 =[1x4]
    2 =[1x8]
    17 =[2x1]
   Instruction values [Active=20]:
    0 = 
    1 = 
    2 = 
    8 = (int64_t)2, (uint64_t)2
    9 = (int64_t)3, (uint64_t)3
    10 = (int64_t)-1, (uint64_t)1
    11 = (int64_t)1, (uint64_t)1
    13 = (int64_t)2, (uint64_t)2
    14 = (int64_t)2, (uint64_t)2
    15 = 
    17 = 
    19 = (int64_t)2, (uint64_t)2
  Function [Index=0]
   Allocas:
    0 =[1x4]
    1 =[1x8]
    2 =[1x4]
    3 =[1x8]
   Instruction values [Active=6]:
    0 = 
    1 = 
    2 = 
    3 = 

Process @18
 Dynamic Allocations: 0
 Known Memory Regions: 72
 Open Streams: 3
 Open DIRs: 0
 Thread #1 @TT=68
  Function [Index=6]
   Allocas:
    0 =[1x4]
    1 =[1x4]
    2 =[1x8]
   Instruction values [Active=8]:
    0 = 
    1 = 
    2 = 
  Function [Index=5]
   Allocas:
    0 =[1x4]
    1 =[1x4]
    2 =[1x8]
    17 =[2x1]
   Instruction values [Active=20]:
    0 = 
    1 = 
    2 = 
    8 = (int64_t)2, (uint64_t)2
    9 = (int64_t)3, (uint64_t)3
    10 = (int64_t)-1, (uint64_t)1
    11 = (int64_t)1, (uint64_t)1
    13 = (int64_t)2, (uint64_t)2
    14 = (int64_t)2, (uint64_t)2
    15 = 
    17 = 
    19 = (int64_t)2, (uint64_t)2
  Function [Index=0]
   Allocas:
    0 =[1x4]
    1 =[1x8]
    2 =[1x4]
    3 =[1x8]
   Instruction values [Active=11]:
    0 = 
    1 = 
    2 = 
    3 = 
    8 = (int64_t)2, (uint64_t)2
    9 = (int64_t)2, (uint64_t)2

Process @19
 Dynamic Allocations: 0
 Known Memory Regions: 72
 Open Streams: 3
 Open DIRs: 0
 Thread #1 @TT=76
  Function [Index=6]
   Allocas:
    0 =[1x4]
    1 =[1x4]
    2 =[1x8]
   Instruction values [Active=8]:
    0 = 
    1 = 
    2 = 
  Function [Index=5]
   Allocas:
    0 =[1x4]
    1 =[1x4]
    2 =[1x8]
    17 =[2x1]
   Instruction values [Active=20]:
    0 = 
    1 = 
    2 = 
    8 = (int64_t)2, (uint64_t)2
    9 = (int64_t)3, (uint64_t)3
    10 = (int64_t)-1, (uint64_t)1
    11 = (int64_t)1, (uint64_t)1
    13 = (int64_t)2, (uint64_t)2
    14 = (int64_t)2, (uint64_t)2
    15 = 
    17 = 
    19 = (int64_t)2, (uint64_t)2
  Function [Index=0]
   Allocas:
    0 =[1x4]
    1 =[1x8]
    2 =[1x4]
    3 =[1x8]
   Instruction values [Active=21]:
    0 = 
    1 = 
    2 = 
    3 = 
    8 = (int64_t)2, (uint64_t)2
    9 = (int64_t)2, (uint64_t)2
    13 = (int64_t)1, (uint64_t)1
    14 = (int64_t)2, (uint64_t)2
    15 = (int64_t)-1, (uint64_t)1
    16 = (int64_t)1, (uint64_t)1
    18 = (int64_t)1, (uint64_t)1
    19 = (int64_t)1, (uint64_t)1
    20 = 

Process @20
 Dynamic Allocations: 0
 Known Memory Regions: 72
 Open Streams: 3
 Open DIRs: 0
 Thread #1 @TT=82
  Function [Index=6]
   Allocas:
    0 =[1x4]
    1 =[1x4]
    2 =[1x8]
   Instruction values [Active=8]:
    0 = 
    1 = 
    2 = 
  Function [Index=5]
   Allocas:
    0 =[1x4]
    1 =[1x4]
    2 =[1x8]
    17 =[2x1]
   Instruction values [Active=20]:
    0 = 
    1 = 
    2 = 
    8 = (int64_t)2, (uint64_t)2
    9 = (int64_t)3, (uint64_t)3
    10 = (int64_t)-1, (uint64_t)1
    11 = (int64_t)1, (uint64_t)1
    13 = (int64_t)2, (uint64_t)2
    14 = (int64_t)2, (uint64_t)2
    15 = 
    17 = 
    19 = (int64_t)2, (uint64_t)2
  Function [Index=0]
   Allocas:
    0 =[1x4]
    1 =[1x8]
    2 =[1x4]
    3 =[1x8]
    22 =[1x1]
   Instruction values [Active=27]:
    0 = 
    1 = 
    2 = 
    3 = 
    8 = (int64_t)2, (uint64_t)2
    9 = (int64_t)2, (uint64_t)2
    13 = (int64_t)1, (uint64_t)1
    14 = (int64_t)2, (uint64_t)2
    15 = (int64_t)-1, (uint64_t)1
    16 = (int64_t)1, (uint64_t)1
    18 = (int64_t)1, (uint64_t)1
    19 = (int64_t)1, (uint64_t)1
    20 = 
    22 = 
    24 = 
    25 = (int64_t)1, (uint64_t)1
    26 = (int64_t)1, (uint64_t)1
    27 = 

Process @21
 Dynamic Allocations: 0
 Known Memory Regions: 72
 Open Streams: 3
 Open DIRs: 0
 Thread #1 @TT=84
  Function [Index=6]
   Allocas:
    0 =[1x4]
    1 =[1x4]
    2 =[1x8]
   Instruction values [Active=8]:
    0 = 
    1 = 
    2 = 
  Function [Index=5]
   Allocas:
    0 =[1x4]
    1 =[1x4]
    2 =[1x8]
    17 =[2x1]
   Instruction values [Active=20]:
    0 = 
    1 = 
    2 = 
    8 = (int64_t)2, (uint64_t)2
    9 = (int64_t)3, (uint64_t)3
    10 = (int64_t)-1, (uint64_t)1
    11 = (int64_t)1, (uint64_t)1
    13 = (int64_t)2, (uint64_t)2
    14 = (int64_t)2, (uint64_t)2
    15 = 
    17 = 
    19 = (int64_t)2, (uint64_t)2
  Function [Index=0]
   Allocas:
    0 =[1x4]
    1 =[1x8]
    2 =[1x4]
    3 =[1x8]
    22 =[1x1]
   Instruction values [Active=29]:
    0 = 
    1 = 
    2 = 
    3 = 
    8 = (int64_t)2, (uint64_t)2
    9 = (int64_t)2, (uint64_t)2
    13 = (int64_t)1, (uint64_t)1
    14 = (int64_t)2, (uint64_t)2
    15 = (int64_t)-1, (uint64_t)1
    16 = (int64_t)1, (uint64_t)1
    18 = (int64_t)1, (uint64_t)1
    19 = (int64_t)1, (uint64_t)1
    20 = 
    22 = 
    24 = 
    25 = (int64_t)1, (uint64_t)1
    26 = (int64_t)1, (uint64_t)1
    27 = 
    28 = 

Process @22
 Dynamic Allocations: 0
 Known Memory Regions: 72
 Open Streams: 3
 Open DIRs: 0
 Thread #1 @TT=88
  Function [Index=6]
   Allocas:
    0 =[1x4]
    1 =[1x4]
    2 =[1x8]
   Instruction values [Active=8]:
    0 = 
    1 = 
    2 = 
  Function [Index=5]
   Allocas:
    0 =[1x4]
    1 =[1x4]
    2 =[1x8]
    17 =[2x1]
   Instruction values [Active=20]:
    0 = 
    1 = 
    2 = 
    8 = (int64_t)2, (uint64_t)2
    9 = (int64_t)3, (uint64_t)3
    10 = (int64_t)-1, (uint64_t)1
    11 = (int64_t)1, (uint64_t)1
    13 = (int64_t)2, (uint64_t)2
    14 = (int64_t)2, (uint64_t)2
    15 = 
    17 = 
    19 = (int64_t)2, (uint64_t)2
  Function [Index=0]
   Allocas:
    0 =[1x4]
    1 =[1x8]
    2 =[1x4]
    3 =[1x8]
   Instruction values [Active=33]:
    0 = 
    1 = 
    2 = 
    3 = 
    8 = (int64_t)2, (uint64_t)2
    9 = (int64_t)2, (uint64_t)2
    13 = (int64_t)1, (uint64_t)1
    14 = (int64_t)2, (uint64_t)2
    15 = (int64_t)-1, (uint64_t)1
    16 = (int64_t)1, (uint64_t)1
    18 = (int64_t)1, (uint64_t)1
    19 = (int64_t)1, (uint64_t)1
    20 = 
    22 = 
    24 = 
    25 = (int64_t)1, (uint64_t)1
    26 = (int64_t)1, (uint64_t)1
    27 = 
    28 = 
    31 = (int64_t)1, (uint64_t)1
    32 = (int64_t)2, (uint64_t)2

Process @23
 Dynamic Allocations: 0
 Known Memory Regions: 72
 Open Streams: 3
 Open DIRs: 0
 Thread #1 @TT=93
  Function [Index=6]
   Allocas:
    0 =[1x4]
    1 =[1x4]
    2 =[1x8]
   Instruction values [Active=8]:
    0 = 
    1 = 
    2 = 
  Function [Index=5]
   Allocas:
    0 =[1x4]
    1 =[1x4]
    2 =[1x8]
    17 =[2x1]
   Instruction values [Active=20]:
    0 = 
    1 = 
    2 = 
    8 = (int64_t)2, (uint64_t)2
    9 = (int64_t)3, (uint64_t)3
    10 = (int64_t)-1, (uint64_t)1
    11 = (int64_t)1, (uint64_t)1
    13 = (int64_t)2, (uint64_t)2
    14 = (int64_t)2, (uint64_t)2
    15 = 
    17 = 
    19 = (int64_t)2, (uint64_t)2

Process @24
 Dynamic Allocations: 0
 Known Memory Regions: 72
 Open Streams: 3
 Open DIRs: 0
 Thread #1 @TT=96
  Function [Index=6]
   Allocas:
    0 =[1x4]
    1 =[1x4]
    2 =[1x8]
   Instruction values [Active=8]:
    0 = 
    1 = 
    2 = 
  Function [Index=5]
   Allocas:
    0 =[1x4]
    1 =[1x4]
    2 =[1x8]
    17 =[2x1]
   Instruction values [Active=22]:
    0 = 
    1 = 
    2 = 
    8 = (int64_t)2, (uint64_t)2
    9 = (int64_t)3, (uint64_t)3
    10 = (int64_t)-1, (uint64_t)1
    11 = (int64_t)1, (uint64_t)1
    13 = (int64_t)2, (uint64_t)2
    14 = (int64_t)2, (uint64_t)2
    15 = 
    17 = 
    19 = (int64_t)2, (uint64_t)2
    21 = 

Process @25
 Dynamic Allocations: 0
 Known Memory Regions: 72
 Open Streams: 3
 Open DIRs: 0
 Thread #1 @TT=100
  Function [Index=6]
   Allocas:
    0 =[1x4]
    1 =[1x4]
    2 =[1x8]
   Instruction values [Active=8]:
    0 = 
    1 = 
    2 = 
  Function [Index=5]
   Allocas:
    0 =[1x4]
    1 =[1x4]
    2 =[1x8]
   Instruction values [Active=26]:
    0 = 
    1 = 
    2 = 
    8 = (int64_t)2, (uint64_t)2
    9 = (int64_t)3, (uint64_t)3
    10 = (int64_t)-1, (uint64_t)1
    11 = (int64_t)1, (uint64_t)1
    13 = (int64_t)2, (uint64_t)2
    14 = (int64_t)2, (uint64_t)2
    15 = 
    17 = 
    19 = (int64_t)2, (uint64_t)2
    21 = 
    24 = (int64_t)2, (uint64_t)2
    25 = (int64_t)3, (uint64_t)3

Process @26
 Dynamic Allocations: 0
 Known Memory Regions: 72
 Open Streams: 3
 Open DIRs: 0
 Thread #1 @TT=105
  Function [Index=6]
   Allocas:
    0 =[1x4]
    1 =[1x4]
    2 =[1x8]
   Instruction values [Active=8]:
    0 = 
    1 = 
    2 = 

Process @27
 Dynamic Allocations: 0
 Known Memory Regions: 72
 Open Streams: 3
 Open DIRs: 0
 Thread #1 @TT=107

Process @26
 Dynamic Allocations: 0
 Known Memory Regions: 72
 Open Streams: 3
 Open DIRs: 0
 Thread #1 @TT=106
  Function [Index=6]
   Allocas:
    0 =[1x4]
    1 =[1x4]
    2 =[1x8]
   Instruction values [Active=8]:
    0 = 
    1 = 
    2 = 

Process @25
 Dynamic Allocations: 0
 Known Memory Regions: 72
 Open Streams: 3
 Open DIRs: 0
 Thread #1 @TT=104
  Function [Index=6]
   Allocas:
    0 =[1x4]
    1 =[1x4]
    2 =[1x8]
   Instruction values [Active=8]:
    0 = 
    1 = 
    2 = 
  Function [Index=5]
   Allocas:
    0 =[1x4]
    1 =[1x4]
    2 =[1x8]
   Instruction values [Active=11]:
    0 = 
    1 = 
    2 = 
    8 = (int64_t)3, (uint64_t)3
    9 = (int64_t)3, (uint64_t)3
    10 = (int64_t)0, (uint64_t)0
    11 = (int64_t)0, (uint64_t)0

Process @24
 Dynamic Allocations: 0
 Known Memory Regions: 72
 Open Streams: 3
 Open DIRs: 0
 Thread #1 @TT=99
  Function [Index=6]
   Allocas:
    0 =[1x4]
    1 =[1x4]
    2 =[1x8]
   Instruction values [Active=8]:
    0 = 
    1 = 
    2 = 
  Function [Index=5]
   Allocas:
    0 =[1x4]
    1 =[1x4]
    2 =[1x8]
   Instruction values [Active=25]:
    0 = 
    1 = 
    2 = 
    8 = (int64_t)2, (uint64_t)2
    9 = (int64_t)3, (uint64_t)3
    10 = (int64_t)-1, (uint64_t)1
    11 = (int64_t)1, (uint64_t)1
    13 = (int64_t)2, (uint64_t)2
    14 = (int64_t)2, (uint64_t)2
    15 = 
    17 = 
    19 = (int64_t)2, (uint64_t)2
    21 = 
    24 = (int64_t)2, (uint64_t)2
    25 = (int64_t)3, (uint64_t)3

Process @23
 Dynamic Allocations: 0
 Known Memory Regions: 72
 Open Streams: 3
 Open DIRs: 0
 Thread #1 @TT=95
  Function [Index=6]
   Allocas:
    0 =[1x4]
    1 =[1x4]
    2 =[1x8]
   Instruction values [Active=8]:
    0 = 
    1 = 
    2 = 
  Function [Index=5]
   Allocas:
    0 =[1x4]
    1 =[1x4]
    2 =[1x8]
    17 =[2x1]
   Instruction values [Active=21]:
    0 = 
    1 = 
    2 = 
    8 = (int64_t)2, (uint64_t)2
    9 = (int64_t)3, (uint64_t)3
    10 = (int64_t)-1, (uint64_t)1
    11 = (int64_t)1, (uint64_t)1
    13 = (int64_t)2, (uint64_t)2
    14 = (int64_t)2, (uint64_t)2
    15 = 
    17 = 
    19 = (int64_t)2, (uint64_t)2
    21 = 

Process @22
 Dynamic Allocations: 0
 Known Memory Regions: 72
 Open Streams: 3
 Open DIRs: 0
 Thread #1 @TT=92
  Function [Index=6]
   Allocas:
    0 =[1x4]
    1 =[1x4]
    2 =[1x8]
   Instruction values [Active=8]:
    0 = 
    1 = 
    2 = 
  Function [Index=5]
   Allocas:
    0 =[1x4]
    1 =[1x4]
    2 =[1x8]
    17 =[2x1]
   Instruction values [Active=20]:
    0 = 
    1 = 
    2 = 
    8 = (int64_t)2, (uint64_t)2
    9 = (int64_t)3, (uint64_t)3
    10 = (int64_t)-1, (uint64_t)1
    11 = (int64_t)1, (uint64_t)1
    13 = (int64_t)2, (uint64_t)2
    14 = (int64_t)2, (uint64_t)2
    15 = 
    17 = 
    19 = (int64_t)2, (uint64_t)2
  Function [Index=0]
   Allocas:
    0 =[1x4]
    1 =[1x8]
    2 =[1x4]
    3 =[1x8]
   Instruction values [Active=16]:
    0 = 
    1 = 
    2 = 
    3 = 
    8 = (int64_t)2, (uint64_t)2
    9 = (int64_t)2, (uint64_t)2
    13 = (int64_t)2, (uint64_t)2
    14 = (int64_t)2, (uint64_t)2
    15 = (int64_t)0, (uint64_t)0
    16 = (int64_t)0, (uint64_t)0

Process @21
 Dynamic Allocations: 0
 Known Memory Regions: 72
 Open Streams: 3
 Open DIRs: 0
 Thread #1 @TT=87
  Function [Index=6]
   Allocas:
    0 =[1x4]
    1 =[1x4]
    2 =[1x8]
   Instruction values [Active=8]:
    0 = 
    1 = 
    2 = 
  Function [Index=5]
   Allocas:
    0 =[1x4]
    1 =[1x4]
    2 =[1x8]
    17 =[2x1]
   Instruction values [Active=20]:
    0 = 
    1 = 
    2 = 
    8 = (int64_t)2, (uint64_t)2
    9 = (int64_t)3, (uint64_t)3
    10 = (int64_t)-1, (uint64_t)1
    11 = (int64_t)1, (uint64_t)1
    13 = (int64_t)2, (uint64_t)2
    14 = (int64_t)2, (uint64_t)2
    15 = 
    17 = 
    19 = (int64_t)2, (uint64_t)2
  Function [Index=0]
   Allocas:
    0 =[1x4]
    1 =[1x8]
    2 =[1x4]
    3 =[1x8]
   Instruction values [Active=32]:
    0 = 
    1 = 
    2 = 
    3 = 
    8 = (int64_t)2, (uint64_t)2
    9 = (int64_t)2, (uint64_t)2
    13 = (int64_t)1, (uint64_t)1
    14 = (int64_t)2, (uint64_t)2
    15 = (int64_t)-1, (uint64_t)1
    16 = (int64_t)1, (uint64_t)1
    18 = (int64_t)1, (uint64_t)1
    19 = (int64_t)1, (uint64_t)1
    20 = 
    22 = 
    24 = 
    25 = (int64_t)1, (uint64_t)1
    26 = (int64_t)1, (uint64_t)1
    27 = 
    28 = 
    31 = (int64_t)1, (uint64_t)1
    32 = (int64_t)2, (uint64_t)2

Process @20
 Dynamic Allocations: 0
 Known Memory Regions: 72
 Open Streams: 3
 Open DIRs: 0
 Thread #1 @TT=83
  Function [Index=6]
   Allocas:
    0 =[1x4]
    1 =[1x4]
    2 =[1x8]
   Instruction values [Active=8]:
    0 = 
    1 = 
    2 = 
  Function [Index=5]
   Allocas:
    0 =[1x4]
    1 =[1x4]
    2 =[1x8]
    17 =[2x1]
   Instruction values [Active=20]:
    0 = 
    1 = 
    2 = 
    8 = (int64_t)2, (uint64_t)2
    9 = (int64_t)3, (uint64_t)3
    10 = (int64_t)-1, (uint64_t)1
    11 = (int64_t)1, (uint64_t)1
    13 = (int64_t)2, (uint64_t)2
    14 = (int64_t)2, (uint64_t)2
    15 = 
    17 = 
    19 = (int64_t)2, (uint64_t)2
  Function [Index=0]
   Allocas:
    0 =[1x4]
    1 =[1x8]
    2 =[1x4]
    3 =[1x8]
    22 =[1x1]
   Instruction values [Active=28]:
    0 = 
    1 = 
    2 = 
    3 = 
    8 = (int64_t)2, (uint64_t)2
    9 = (int64_t)2, (uint64_t)2
    13 = (int64_t)1, (uint64_t)1
    14 = (int64_t)2, (uint64_t)2
    15 = (int64_t)-1, (uint64_t)1
    16 = (int64_t)1, (uint64_t)1
    18 = (int64_t)1, (uint64_t)1
    19 = (int64_t)1, (uint64_t)1
    20 = 
    22 = 
    24 = 
    25 = (int64_t)1, (uint64_t)1
    26 = (int64_t)1, (uint64_t)1
    27 = 
    28 = 

Process @19
 Dynamic Allocations: 0
 Known Memory Regions: 72
 Open Streams: 3
 Open DIRs: 0
 Thread #1 @TT=81
  Function [Index=6]
   Allocas:
    0 =[1x4]
    1 =[1x4]
    2 =[1x8]
   Instruction values [Active=8]:
    0 = 
    1 = 
    2 = 
  Function [Index=5]
   Allocas:
    0 =[1x4]
    1 =[1x4]
    2 =[1x8]
    17 =[2x1]
   Instruction values [Active=20]:
    0 = 
    1 = 
    2 = 
    8 = (int64_t)2, (uint64_t)2
    9 = (int64_t)3, (uint64_t)3
    10 = (int64_t)-1, (uint64_t)1
    11 = (int64_t)1, (uint64_t)1
    13 = (int64_t)2, (uint64_t)2
    14 = (int64_t)2, (uint64_t)2
    15 = 
    17 = 
    19 = (int64_t)2, (uint64_t)2
  Function [Index=0]
   Allocas:
    0 =[1x4]
    1 =[1x8]
    2 =[1x4]
    3 =[1x8]
    22 =[1x1]
   Instruction values [Active=27]:
    0 = 
    1 = 
    2 = 
    3 = 
    8 = (int64_t)2, (uint64_t)2
    9 = (int64_t)2, (uint64_t)2
    13 = (int64_t)1, (uint64_t)1
    14 = (int64_t)2, (uint64_t)2
    15 = (int64_t)-1, (uint64_t)1
    16 = (int64_t)1, (uint64_t)1
    18 = (int64_t)1, (uint64_t)1
    19 = (int64_t)1, (uint64_t)1
    20 = 
    22 = 
    24 = 
    25 = (int64_t)1, (uint64_t)1
    26 = (int64_t)1, (uint64_t)1

Process @18
 Dynamic Allocations: 0
 Known Memory Regions: 72
 Open Streams: 3
 Open DIRs: 0
 Thread #1 @TT=75
  Function [Index=6]
   Allocas:
    0 =[1x4]
    1 =[1x4]
    2 =[1x8]
   Instruction values [Active=8]:
    0 = 
    1 = 
    2 = 
  Function [Index=5]
   Allocas:
    0 =[1x4]
    1 =[1x4]
    2 =[1x8]
    17 =[2x1]
   Instruction values [Active=20]:
    0 = 
    1 = 
    2 = 
    8 = (int64_t)2, (uint64_t)2
    9 = (int64_t)3, (uint64_t)3
    10 = (int64_t)-1, (uint64_t)1
    11 = (int64_t)1, (uint64_t)1
    13 = (int64_t)2, (uint64_t)2
    14 = (int64_t)2, (uint64_t)2
    15 = 
    17 = 
    19 = (int64_t)2, (uint64_t)2
  Function [Index=0]
   Allocas:
    0 =[1x4]
    1 =[1x8]
    2 =[1x4]
    3 =[1x8]
   Instruction values [Active=20]:
    0 = 
    1 = 
    2 = 
    3 = 
    8 = (int64_t)2, (uint64_t)2
    9 = (int64_t)2, (uint64_t)2
    13 = (int64_t)1, (uint64_t)1
    14 = (int64_t)2, (uint64_t)2
    15 = (int64_t)-1, (uint64_t)1
    16 = (int64_t)1, (uint64_t)1
    18 = (int64_t)1, (uint64_t)1
    19 = (int64_t)1, (uint64_t)1
    20 = 

Process @17
 Dynamic Allocations: 0
 Known Memory Regions: 72
 Open Streams: 3
 Open DIRs: 0
 Thread #1 @TT=67
  Function [Index=6]
   Allocas:
    0 =[1x4]
    1 =[1x4]
    2 =[1x8]
   Instruction values [Active=8]:
    0 = 
    1 = 
    2 = 
  Function [Index=5]
   Allocas:
    0 =[1x4]
    1 =[1x4]
    2 =[1x8]
    17 =[2x1]
   Instruction values [Active=20]:
    0 = 
    1 = 
    2 = 
    8 = (int64_t)2, (uint64_t)2
    9 = (int64_t)3, (uint64_t)3
    10 = (int64_t)-1, (uint64_t)1
    11 = (int64_t)1, (uint64_t)1
    13 = (int64_t)2, (uint64_t)2
    14 = (int64_t)2, (uint64_t)2
    15 = 
    17 = 
    19 = (int64_t)2, (uint64_t)2
  Function [Index=0]
   Allocas:
    0 =[1x4]
    1 =[1x8]
    2 =[1x4]
    3 =[1x8]
   Instruction values [Active=9]:
    0 = 
    1 = 
    2 = 
    3 = 
    8 = (int64_t)2, (uint64_t)2
    9 = (int64_t)2, (uint64_t)2

Process @16
 Dynamic Allocations: 0
 Known Memory Regions: 72
 Open Streams: 3
 Open DIRs: 0
 Thread #1 @TT=64
  Function [Index=6]
   Allocas:
    0 =[1x4]
    1 =[1x4]
    2 =[1x8]
   Instruction values [Active=8]:
    0 = 
    1 = 
    2 = 
  Function [Index=5]
   Allocas:
    0 =[1x4]
    1 =[1x4]
    2 =[1x8]
    17 =[2x1]
   Instruction values [Active=20]:
    0 = 
    1 = 
    2 = 
    8 = (int64_t)2, (uint64_t)2
    9 = (int64_t)3, (uint64_t)3
    10 = (int64_t)-1, (uint64_t)1
    11 = (int64_t)1, (uint64_t)1
    13 = (int64_t)2, (uint64_t)2
    14 = (int64_t)2, (uint64_t)2
    15 = 
    17 = 
    19 = (int64_t)2, (uint64_t)2
  Function [Index=0]
   Allocas:
    0 =[1x4]
    1 =[1x8]
    2 =[1x4]
    3 =[1x8]
   Instruction values [Active=4]:
    0 = 
    1 = 
    2 = 
    3 = 

Process @15
 Dynamic Allocations: 0
 Known Memory Regions: 72
 Open Streams: 3
 Open DIRs: 0
 Thread #1 @TT=63
  Function [Index=6]
   Allocas:
    0 =[1x4]
    1 =[1x4]
    2 =[1x8]
   Instruction values [Active=8]:
    0 = 
    1 = 
    2 = 
  Function [Index=5]
   Allocas:
    0 =[1x4]
    1 =[1x4]
    2 =[1x8]
    17 =[2x1]
   Instruction values [Active=20]:
    0 = 
    1 = 
    2 = 
    8 = (int64_t)2, (uint64_t)2
    9 = (int64_t)3, (uint64_t)3
    10 = (int64_t)-1, (uint64_t)1
    11 = (int64_t)1, (uint64_t)1
    13 = (int64_t)2, (uint64_t)2
    14 = (int64_t)2, (uint64_t)2
    15 = 
    17 = 
    19 = (int64_t)2, (uint64_t)2
  Function [Index=0]
   Allocas:
    0 =[1x4]
    1 =[1x8]
    2 =[1x4]
    3 =[1x8]
   Instruction values [Active=3]:
    0 = 
    1 = 
    2 = 
    3 = 

Process @14
 Dynamic Allocations: 0
 Known Memory Regions: 72
 Open Streams: 3
 Open DIRs: 0
 Thread #1 @TT=54
  Function [Index=6]
   Allocas:
    0 =[1x4]
    1 =[1x4]
    2 =[1x8]
   Instruction values [Active=8]:
    0 = 
    1 = 
    2 = 
  Function [Index=5]
   Allocas:
    0 =[1x4]
    1 =[1x4]
    2 =[1x8]
   Instruction values [Active=15]:
    0 = 
    1 = 
    2 = 
    8 = (int64_t)2, (uint64_t)2
    9 = (int64_t)3, (uint64_t)3
    10 = (int64_t)-1, (uint64_t)1
    11 = (int64_t)1, (uint64_t)1
    13 = (int64_t)2, (uint64_t)2
    14 = (int64_t)2, (uint64_t)2
    15 = 

Process @13
 Dynamic Allocations: 0
 Known Memory Regions: 72
 Open Streams: 3
 Open DIRs: 0
 Thread #1 @TT=46
  Function [Index=6]
   Allocas:
    0 =[1x4]
    1 =[1x4]
    2 =[1x8]
   Instruction values [Active=8]:
    0 = 
    1 = 
    2 = 
  Function [Index=5]
   Allocas:
    0 =[1x4]
    1 =[1x4]
    2 =[1x8]
   Instruction values [Active=25]:
    0 = 
    1 = 
    2 = 
    8 = (int64_t)1, (uint64_t)1
    9 = (int64_t)3, (uint64_t)3
    10 = (int64_t)-1, (uint64_t)1
    11 = (int64_t)1, (uint64_t)1
    13 = (int64_t)1, (uint64_t)1
    14 = (int64_t)1, (uint64_t)1
    15 = 
    17 = 
    19 = (int64_t)1, (uint64_t)1
    21 = 
    24 = (int64_t)1, (uint64_t)1
    25 = (int64_t)2, (uint64_t)2

Process @12
 Dynamic Allocations: 0
 Known Memory Regions: 72
 Open Streams: 3
 Open DIRs: 0
 Thread #1 @TT=42
  Function [Index=6]
   Allocas:
    0 =[1x4]
    1 =[1x4]
    2 =[1x8]
   Instruction values [Active=8]:
    0 = 
    1 = 
    2 = 
  Function [Index=5]
   Allocas:
    0 =[1x4]
    1 =[1x4]
    2 =[1x8]
    17 =[1x1]
   Instruction values [Active=21]:
    0 = 
    1 = 
    2 = 
    8 = (int64_t)1, (uint64_t)1
    9 = (int64_t)3, (uint64_t)3
    10 = (int64_t)-1, (uint64_t)1
    11 = (int64_t)1, (uint64_t)1
    13 = (int64_t)1, (uint64_t)1
    14 = (int64_t)1, (uint64_t)1
    15 = 
    17 = 
    19 = (int64_t)1, (uint64_t)1
    21 = 

Process @11
 Dynamic Allocations: 0
 Known Memory Regions: 72
 Open Streams: 3
 Open DIRs: 0
 Thread #1 @TT=39
  Function [Index=6]
   Allocas:
    0 =[1x4]
    1 =[1x4]
    2 =[1x8]
   Instruction values [Active=8]:
    0 = 
    1 = 
    2 = 
  Function [Index=5]
   Allocas:
    0 =[1x4]
    1 =[1x4]
    2 =[1x8]
    17 =[1x1]
   Instruction values [Active=20]:
    0 = 
    1 = 
    2 = 
    8 = (int64_t)1, (uint64_t)1
    9 = (int64_t)3, (uint64_t)3
    10 = (int64_t)-1, (uint64_t)1
    11 = (int64_t)1, (uint64_t)1
    13 = (int64_t)1, (uint64_t)1
    14 = (int64_t)1, (uint64_t)1
    15 = 
    17 = 
    19 = (int64_t)1, (uint64_t)1
  Function [Index=0]
   Allocas:
    0 =[1x4]
    1 =[1x8]
    2 =[1x4]
    3 =[1x8]
   Instruction values [Active=16]:
    0 = 
    1 = 
    2 = 
    3 = 
    8 = (int64_t)1, (uint64_t)1
    9 = (int64_t)1, (uint64_t)1
    13 = (int64_t)1, (uint64_t)1
    14 = (int64_t)1, (uint64_t)1
    15 = (int64_t)0, (uint64_t)0
    16 = (int64_t)0, (uint64_t)0

Process @10
 Dynamic Allocations: 0
 Known Memory Regions: 72
 Open Streams: 3
 Open DIRs: 0
 Thread #1 @TT=34
  Function [Index=6]
   Allocas:
    0 =[1x4]
    1 =[1x4]
    2 =[1x8]
   Instruction values [Active=8]:
    0 = 
    1 = 
    2 = 
  Function [Index=5]
   Allocas:
    0 =[1x4]
    1 =[1x4]
    2 =[1x8]
    17 =[1x1]
   Instruction values [Active=20]:
    0 = 
    1 = 
    2 = 
    8 = (int64_t)1, (uint64_t)1
    9 = (int64_t)3, (uint64_t)3
    10 = (int64_t)-1, (uint64_t)1
    11 = (int64_t)1, (uint64_t)1
    13 = (int64_t)1, (uint64_t)1
    14 = (int64_t)1, (uint64_t)1
    15 = 
    17 = 
    19 = (int64_t)1, (uint64_t)1
  Function [Index=0]
   Allocas:
    0 =[1x4]
    1 =[1x8]
    2 =[1x4]
    3 =[1x8]
   Instruction values [Active=9]:
    0 = 
    1 = 
    2 = 
    3 = 
    8 = (int64_t)1, (uint64_t)1
    9 = (int64_t)1, (uint64_t)1

Process @9
 Dynamic Allocations: 0
 Known Memory Regions: 72
 Open Streams: 3
 Open DIRs: 0
 Thread #1 @TT=31
  Function [Index=6]
   Allocas:
    0 =[1x4]
    1 =[1x4]
    2 =[1x8]
   Instruction values [Active=8]:
    0 = 
    1 = 
    2 = 
  Function [Index=5]
   Allocas:
    0 =[1x4]
    1 =[1x4]
    2 =[1x8]
    17 =[1x1]
   Instruction values [Active=20]:
    0 = 
    1 = 
    2 = 
    8 = (int64_t)1, (uint64_t)1
    9 = (int64_t)3, (uint64_t)3
    10 = (int64_t)-1, (uint64_t)1
    11 = (int64_t)1, (uint64_t)1
    13 = (int64_t)1, (uint64_t)1
    14 = (int64_t)1, (uint64_t)1
    15 = 
    17 = 
    19 = (int64_t)1, (uint64_t)1
  Function [Index=0]
   Allocas:
    0 =[1x4]
    1 =[1x8]
    2 =[1x4]
    3 =[1x8]
   Instruction values [Active=4]:
    0 = 
    1 = 
    2 = 
    3 = 

Process @8
 Dynamic Allocations: 0
 Known Memory Regions: 72
 Open Streams: 3
 Open DIRs: 0
 Thread #1 @TT=30
  Function [Index=6]
   Allocas:
    0 =[1x4]
    1 =[1x4]
    2 =[1x8]
   Instruction values [Active=8]:
    0 = 
    1 = 
    2 = 
  Function [Index=5]
   Allocas:
    0 =[1x4]
    1 =[1x4]
    2 =[1x8]
    17 =[1x1]
   Instruction values [Active=20]:
    0 = 
    1 = 
    2 = 
    8 = (int64_t)1, (uint64_t)1
    9 = (int64_t)3, (uint64_t)3
    10 = (int64_t)-1, (uint64_t)1
    11 = (int64_t)1, (uint64_t)1
    13 = (int64_t)1, (uint64_t)1
    14 = (int64_t)1, (uint64_t)1
    15 = 
    17 = 
    19 = (int64_t)1, (uint64_t)1
  Function [Index=0]
   Allocas:
    0 =[1x4]
    1 =[1x8]
    2 =[1x4]
    3 =[1x8]
   Instruction values [Active=3]:
    0 = 
    1 = 
    2 = 
    3 = 

Process @7
 Dynamic Allocations: 0
 Known Memory Regions: 72
 Open Streams: 3
 Open DIRs: 0
 Thread #1 @TT=21
  Function [Index=6]
   Allocas:
    0 =[1x4]
    1 =[1x4]
    2 =[1x8]
   Instruction values [Active=8]:
    0 = 
    1 = 
    2 = 
  Function [Index=5]
   Allocas:
    0 =[1x4]
    1 =[1x4]
    2 =[1x8]
   Instruction values [Active=15]:
    0 = 
    1 = 
    2 = 
    8 = (int64_t)1, (uint64_t)1
    9 = (int64_t)3, (uint64_t)3
    10 = (int64_t)-1, (uint64_t)1
    11 = (int64_t)1, (uint64_t)1
    13 = (int64_t)1, (uint64_t)1
    14 = (int64_t)1, (uint64_t)1
    15 = 

Process @6
 Dynamic Allocations: 0
 Known Memory Regions: 72
 Open Streams: 3
 Open DIRs: 0
 Thread #1 @TT=13
  Function [Index=6]
   Allocas:
    0 =[1x4]
    1 =[1x4]
    2 =[1x8]
   Instruction values [Active=8]:
    0 = 
    1 = 
    2 = 
  Function [Index=5]
   Allocas:
    0 =[1x4]
    1 =[1x4]
    2 =[1x8]
   Instruction values [Active=3]:
    0 = 
    1 = 
    2 = 

Process @5
 Dynamic Allocations: 0
 Known Memory Regions: 72
 Open Streams: 3
 Open DIRs: 0
 Thread #1 @TT=12
  Function [Index=6]
   Allocas:
    0 =[1x4]
    1 =[1x4]
    2 =[1x8]
   Instruction values [Active=8]:
    0 = 
    1 = 
    2 = 
  Function [Index=5]
   Allocas:
    0 =[1x4]
    1 =[1x4]
    2 =[1x8]
   Instruction values [Active=2]:
    0 = 
    1 = 
    2 = 

Process @4
 Dynamic Allocations: 0
 Known Memory Regions: 72
 Open Streams: 3
 Open DIRs: 0
 Thread #1 @TT=6
  Function [Index=6]
   Allocas:
    0 =[1x4]
    1 =[1x4]
    2 =[1x8]
   Instruction values [Active=4]:
    0 = 
    1 = 
    2 = 

Process @3
 Dynamic Allocations: 0
 Known Memory Regions: 72
 Open Streams: 3
 Open DIRs: 0
 Thread #1 @TT=5
  Function [Index=6]
   Allocas:
    0 =[1x4]
    1 =[1x4]
    2 =[1x8]
   Instruction values [Active=3]:
    0 = 
    1 = 
    2 = 

Process @2
 Dynamic Allocations: 0
 Known Memory Regions: 72
 Open Streams: 3
 Open DIRs: 0
 Thread #1 @TT=4
  Function [Index=6]
   Allocas:
    0 =[1x4]
    1 =[1x4]
    2 =[1x8]
   Instruction values [Active=2]:
    0 = 
    1 = 
    2 = 

Process @0
 Dynamic Allocations: 0
 Known Memory Regions: 0
 Open Streams: 3
 Open DIRs: 0
 Thread #1 @TT=0

