Recreating states:
Process @0
 Dynamic Allocations: 0
 Open Streams: 3
 Open DIRs: 0
 Thread #1 @TT=0

Process @2
 Dynamic Allocations: 0
 Open Streams: 3
 Open DIRs: 0
 Thread #1 @TT=1
  Function [Index=5]
   Allocas:
   Instruction values [Active=unassigned]:

Process @3
 Dynamic Allocations: 0
 Open Streams: 3
 Open DIRs: 0
 Thread #1 @TT=5
  Function [Index=5]
   Allocas:
    0 =[4]
    1 =[4]
    2 =[8]
   Instruction values [Active=3]:
    0 = 
    1 = 
    2 = 

Process @4
 Dynamic Allocations: 0
 Open Streams: 3
 Open DIRs: 0
 Thread #1 @TT=6
  Function [Index=5]
   Allocas:
    0 =[4]
    1 =[4]
    2 =[8]
   Instruction values [Active=4]:
    0 = 
    1 = 
    2 = 

Process @5
 Dynamic Allocations: 0
 Open Streams: 3
 Open DIRs: 0
 Thread #1 @TT=7
  Function [Index=5]
   Allocas:
    0 =[4]
    1 =[4]
    2 =[8]
   Instruction values [Active=6]:
    0 = 
    1 = 
    2 = 

Process @6
 Dynamic Allocations: 0
 Open Streams: 3
 Open DIRs: 0
 Thread #1 @TT=15
  Function [Index=5]
   Allocas:
    0 =[4]
    1 =[4]
    2 =[8]
   Instruction values [Active=9]:
    0 = 
    1 = 
    2 = 
    8 = 
  Function [Index=0]
   Allocas:
    0 =[8]
    1 =[4]
    2 =[8]
    3 =[16]
   Instruction values [Active=4]:
    0 = 
    1 = 
    2 = 
    3 = 

Process @7
 Dynamic Allocations: 0
 Open Streams: 3
 Open DIRs: 0
 Thread #1 @TT=18
  Function [Index=5]
   Allocas:
    0 =[4]
    1 =[4]
    2 =[8]
   Instruction values [Active=9]:
    0 = 
    1 = 
    2 = 
    8 = 
  Function [Index=0]
   Allocas:
    0 =[8]
    1 =[4]
    2 =[8]
    3 =[16]
   Instruction values [Active=9]:
    0 = 
    1 = 
    2 = 
    3 = 
    7 = 
    8 = (float)nan

Process @8
 Dynamic Allocations: 0
 Open Streams: 3
 Open DIRs: 0
 Thread #1 @TT=21
  Function [Index=5]
   Allocas:
    0 =[4]
    1 =[4]
    2 =[8]
   Instruction values [Active=9]:
    0 = 
    1 = 
    2 = 
    8 = 
  Function [Index=0]
   Allocas:
    0 =[8]
    1 =[4]
    2 =[8]
    3 =[16]
   Instruction values [Active=13]:
    0 = 
    1 = 
    2 = 
    3 = 
    7 = 
    8 = (float)nan
    11 = 
    12 = (double)nan

Process @9
 Dynamic Allocations: 0
 Open Streams: 3
 Open DIRs: 0
 Thread #1 @TT=24
  Function [Index=5]
   Allocas:
    0 =[4]
    1 =[4]
    2 =[8]
   Instruction values [Active=9]:
    0 = 
    1 = 
    2 = 
    8 = 
  Function [Index=0]
   Allocas:
    0 =[8]
    1 =[4]
    2 =[8]
    3 =[16]
   Instruction values [Active=17]:
    0 = 
    1 = 
    2 = 
    3 = 
    7 = 
    8 = (float)nan
    11 = 
    12 = (double)nan
    15 = 
    16 = (long double)NaN

Process @10
 Dynamic Allocations: 0
 Open Streams: 3
 Open DIRs: 0
 Thread #1 @TT=25
  Function [Index=5]
   Allocas:
    0 =[4]
    1 =[4]
    2 =[8]
   Instruction values [Active=9]:
    0 = 
    1 = 
    2 = 
    8 = 

Process @11
 Dynamic Allocations: 0
 Open Streams: 3
 Open DIRs: 0
 Thread #1 @TT=34
  Function [Index=5]
   Allocas:
    0 =[4]
    1 =[4]
    2 =[8]
   Instruction values [Active=11]:
    0 = 
    1 = 
    2 = 
    8 = 
    10 = 
  Function [Index=0]
   Allocas:
    0 =[8]
    1 =[4]
    2 =[8]
    3 =[16]
   Instruction values [Active=4]:
    0 = 
    1 = 
    2 = 
    3 = 

Process @12
 Dynamic Allocations: 0
 Open Streams: 3
 Open DIRs: 0
 Thread #1 @TT=37
  Function [Index=5]
   Allocas:
    0 =[4]
    1 =[4]
    2 =[8]
   Instruction values [Active=11]:
    0 = 
    1 = 
    2 = 
    8 = 
    10 = 
  Function [Index=0]
   Allocas:
    0 =[8]
    1 =[4]
    2 =[8]
    3 =[16]
   Instruction values [Active=9]:
    0 = 
    1 = 
    2 = 
    3 = 
    7 = 
    8 = (float)nan

Process @13
 Dynamic Allocations: 0
 Open Streams: 3
 Open DIRs: 0
 Thread #1 @TT=40
  Function [Index=5]
   Allocas:
    0 =[4]
    1 =[4]
    2 =[8]
   Instruction values [Active=11]:
    0 = 
    1 = 
    2 = 
    8 = 
    10 = 
  Function [Index=0]
   Allocas:
    0 =[8]
    1 =[4]
    2 =[8]
    3 =[16]
   Instruction values [Active=13]:
    0 = 
    1 = 
    2 = 
    3 = 
    7 = 
    8 = (float)nan
    11 = 
    12 = (double)nan

Process @14
 Dynamic Allocations: 0
 Open Streams: 3
 Open DIRs: 0
 Thread #1 @TT=43
  Function [Index=5]
   Allocas:
    0 =[4]
    1 =[4]
    2 =[8]
   Instruction values [Active=11]:
    0 = 
    1 = 
    2 = 
    8 = 
    10 = 
  Function [Index=0]
   Allocas:
    0 =[8]
    1 =[4]
    2 =[8]
    3 =[16]
   Instruction values [Active=17]:
    0 = 
    1 = 
    2 = 
    3 = 
    7 = 
    8 = (float)nan
    11 = 
    12 = (double)nan
    15 = 
    16 = (long double)NaN

Process @15
 Dynamic Allocations: 0
 Open Streams: 3
 Open DIRs: 0
 Thread #1 @TT=44
  Function [Index=5]
   Allocas:
    0 =[4]
    1 =[4]
    2 =[8]
   Instruction values [Active=11]:
    0 = 
    1 = 
    2 = 
    8 = 
    10 = 

Process @16
 Dynamic Allocations: 0
 Open Streams: 3
 Open DIRs: 0
 Thread #1 @TT=46

Process @15
 Dynamic Allocations: 0
 Open Streams: 3
 Open DIRs: 0
 Thread #1 @TT=45
  Function [Index=5]
   Allocas:
    0 =[4]
    1 =[4]
    2 =[8]
   Instruction values [Active=11]:
    0 = 
    1 = 
    2 = 
    8 = 
    10 = 

Process @14
 Dynamic Allocations: 0
 Open Streams: 3
 Open DIRs: 0
 Thread #1 @TT=43
  Function [Index=5]
   Allocas:
    0 =[4]
    1 =[4]
    2 =[8]
   Instruction values [Active=11]:
    0 = 
    1 = 
    2 = 
    8 = 
    10 = 
  Function [Index=0]
   Allocas:
    0 =[8]
    1 =[4]
    2 =[8]
    3 =[16]
   Instruction values [Active=17]:
    0 = 
    1 = 
    2 = 
    3 = 
    7 = 
    8 = (float)nan
    11 = 
    12 = (double)nan
    15 = 
    16 = (long double)NaN

Process @13
 Dynamic Allocations: 0
 Open Streams: 3
 Open DIRs: 0
 Thread #1 @TT=42
  Function [Index=5]
   Allocas:
    0 =[4]
    1 =[4]
    2 =[8]
   Instruction values [Active=11]:
    0 = 
    1 = 
    2 = 
    8 = 
    10 = 
  Function [Index=0]
   Allocas:
    0 =[8]
    1 =[4]
    2 =[8]
    3 =[16]
   Instruction values [Active=16]:
    0 = 
    1 = 
    2 = 
    3 = 
    7 = 
    8 = (float)nan
    11 = 
    12 = (double)nan
    15 = 
    16 = (long double)NaN

Process @12
 Dynamic Allocations: 0
 Open Streams: 3
 Open DIRs: 0
 Thread #1 @TT=39
  Function [Index=5]
   Allocas:
    0 =[4]
    1 =[4]
    2 =[8]
   Instruction values [Active=11]:
    0 = 
    1 = 
    2 = 
    8 = 
    10 = 
  Function [Index=0]
   Allocas:
    0 =[8]
    1 =[4]
    2 =[8]
    3 =[16]
   Instruction values [Active=12]:
    0 = 
    1 = 
    2 = 
    3 = 
    7 = 
    8 = (float)nan
    11 = 
    12 = (double)nan

Process @11
 Dynamic Allocations: 0
 Open Streams: 3
 Open DIRs: 0
 Thread #1 @TT=36
  Function [Index=5]
   Allocas:
    0 =[4]
    1 =[4]
    2 =[8]
   Instruction values [Active=11]:
    0 = 
    1 = 
    2 = 
    8 = 
    10 = 
  Function [Index=0]
   Allocas:
    0 =[8]
    1 =[4]
    2 =[8]
    3 =[16]
   Instruction values [Active=8]:
    0 = 
    1 = 
    2 = 
    3 = 
    7 = 
    8 = (float)nan

Process @10
 Dynamic Allocations: 0
 Open Streams: 3
 Open DIRs: 0
 Thread #1 @TT=33
  Function [Index=5]
   Allocas:
    0 =[4]
    1 =[4]
    2 =[8]
   Instruction values [Active=11]:
    0 = 
    1 = 
    2 = 
    8 = 
    10 = 
  Function [Index=0]
   Allocas:
    0 =[8]
    1 =[4]
    2 =[8]
    3 =[16]
   Instruction values [Active=3]:
    0 = 
    1 = 
    2 = 
    3 = 

Process @9
 Dynamic Allocations: 0
 Open Streams: 3
 Open DIRs: 0
 Thread #1 @TT=24
  Function [Index=5]
   Allocas:
    0 =[4]
    1 =[4]
    2 =[8]
   Instruction values [Active=9]:
    0 = 
    1 = 
    2 = 
    8 = 
  Function [Index=0]
   Allocas:
    0 =[8]
    1 =[4]
    2 =[8]
    3 =[16]
   Instruction values [Active=17]:
    0 = 
    1 = 
    2 = 
    3 = 
    7 = 
    8 = (float)nan
    11 = 
    12 = (double)nan
    15 = 
    16 = (long double)NaN

Process @8
 Dynamic Allocations: 0
 Open Streams: 3
 Open DIRs: 0
 Thread #1 @TT=23
  Function [Index=5]
   Allocas:
    0 =[4]
    1 =[4]
    2 =[8]
   Instruction values [Active=9]:
    0 = 
    1 = 
    2 = 
    8 = 
  Function [Index=0]
   Allocas:
    0 =[8]
    1 =[4]
    2 =[8]
    3 =[16]
   Instruction values [Active=16]:
    0 = 
    1 = 
    2 = 
    3 = 
    7 = 
    8 = (float)nan
    11 = 
    12 = (double)nan
    15 = 
    16 = (long double)NaN

Process @7
 Dynamic Allocations: 0
 Open Streams: 3
 Open DIRs: 0
 Thread #1 @TT=20
  Function [Index=5]
   Allocas:
    0 =[4]
    1 =[4]
    2 =[8]
   Instruction values [Active=9]:
    0 = 
    1 = 
    2 = 
    8 = 
  Function [Index=0]
   Allocas:
    0 =[8]
    1 =[4]
    2 =[8]
    3 =[16]
   Instruction values [Active=12]:
    0 = 
    1 = 
    2 = 
    3 = 
    7 = 
    8 = (float)nan
    11 = 
    12 = (double)nan

Process @6
 Dynamic Allocations: 0
 Open Streams: 3
 Open DIRs: 0
 Thread #1 @TT=17
  Function [Index=5]
   Allocas:
    0 =[4]
    1 =[4]
    2 =[8]
   Instruction values [Active=9]:
    0 = 
    1 = 
    2 = 
    8 = 
  Function [Index=0]
   Allocas:
    0 =[8]
    1 =[4]
    2 =[8]
    3 =[16]
   Instruction values [Active=8]:
    0 = 
    1 = 
    2 = 
    3 = 
    7 = 
    8 = (float)nan

Process @5
 Dynamic Allocations: 0
 Open Streams: 3
 Open DIRs: 0
 Thread #1 @TT=14
  Function [Index=5]
   Allocas:
    0 =[4]
    1 =[4]
    2 =[8]
   Instruction values [Active=9]:
    0 = 
    1 = 
    2 = 
    8 = 
  Function [Index=0]
   Allocas:
    0 =[8]
    1 =[4]
    2 =[8]
    3 =[16]
   Instruction values [Active=3]:
    0 = 
    1 = 
    2 = 
    3 = 

Process @4
 Dynamic Allocations: 0
 Open Streams: 3
 Open DIRs: 0
 Thread #1 @TT=6
  Function [Index=5]
   Allocas:
    0 =[4]
    1 =[4]
    2 =[8]
   Instruction values [Active=4]:
    0 = 
    1 = 
    2 = 

Process @3
 Dynamic Allocations: 0
 Open Streams: 3
 Open DIRs: 0
 Thread #1 @TT=5
  Function [Index=5]
   Allocas:
    0 =[4]
    1 =[4]
    2 =[8]
   Instruction values [Active=3]:
    0 = 
    1 = 
    2 = 

Process @2
 Dynamic Allocations: 0
 Open Streams: 3
 Open DIRs: 0
 Thread #1 @TT=4
  Function [Index=5]
   Allocas:
    0 =[4]
    1 =[4]
    2 =[8]
   Instruction values [Active=2]:
    0 = 
    1 = 
    2 = 

Process @0
 Dynamic Allocations: 0
 Open Streams: 3
 Open DIRs: 0
 Thread #1 @TT=0

