Recreating states:
Process @0
 Dynamic Allocations: 0
 Open Streams: 3
 Open DIRs: 0
 Thread #1 @TT=0

Process @2
 Dynamic Allocations: 0
 Open Streams: 3
 Open DIRs: 0
 Thread #1 @TT=1
  Function [Index=3]
   Allocas:
   Instruction values [Active=unassigned]:

Process @3
 Dynamic Allocations: 0
 Open Streams: 3
 Open DIRs: 0
 Thread #1 @TT=7
  Function [Index=3]
   Allocas:
    0 =[4]
    1 =[4]
    2 =[8]
    3 =[24]
    4 =[24]
   Instruction values [Active=5]:
    0 = 
    1 = 
    2 = 
    3 = 
    4 = 

Process @4
 Dynamic Allocations: 0
 Open Streams: 3
 Open DIRs: 0
 Thread #1 @TT=8
  Function [Index=3]
   Allocas:
    0 =[4]
    1 =[4]
    2 =[8]
    3 =[24]
    4 =[24]
   Instruction values [Active=6]:
    0 = 
    1 = 
    2 = 
    3 = 
    4 = 

Process @5
 Dynamic Allocations: 0
 Open Streams: 3
 Open DIRs: 0
 Thread #1 @TT=9
  Function [Index=3]
   Allocas:
    0 =[4]
    1 =[4]
    2 =[8]
    3 =[24]
    4 =[24]
   Instruction values [Active=8]:
    0 = 
    1 = 
    2 = 
    3 = 
    4 = 

Process @6
 Dynamic Allocations: 0
 Open Streams: 3
 Open DIRs: 0
 Thread #1 @TT=11
  Function [Index=3]
   Allocas:
    0 =[4]
    1 =[4]
    2 =[8]
    3 =[24]
    4 =[24]
   Instruction values [Active=11]:
    0 = 
    1 = 
    2 = 
    3 = 
    4 = 
    10 = 

Process @7
 Dynamic Allocations: 0
 Open Streams: 3
 Open DIRs: 0
 Thread #1 @TT=13
  Function [Index=3]
   Allocas:
    0 =[4]
    1 =[4]
    2 =[8]
    3 =[24]
    4 =[24]
   Instruction values [Active=13]:
    0 = 
    1 = 
    2 = 
    3 = 
    4 = 
    10 = 
    12 = 

Process @8
 Dynamic Allocations: 0
 Open Streams: 3
 Open DIRs: 0
 Thread #1 @TT=15
  Function [Index=3]
   Allocas:
    0 =[4]
    1 =[4]
    2 =[8]
    3 =[24]
    4 =[24]
   Instruction values [Active=15]:
    0 = 
    1 = 
    2 = 
    3 = 
    4 = 
    10 = 
    12 = 
    14 = 

Process @9
 Dynamic Allocations: 0
 Open Streams: 3
 Open DIRs: 0
 Thread #1 @TT=17
  Function [Index=3]
   Allocas:
    0 =[4]
    1 =[4]
    2 =[8]
    3 =[24]
    4 =[24]
   Instruction values [Active=16]:
    0 = 
    1 = 
    2 = 
    3 = 
    4 = 
    10 = 
    12 = 
    14 = 
  Function [Index=0]
   Allocas:
   Instruction values [Active=unassigned]:

Process @10
 Dynamic Allocations: 0
 Open Streams: 3
 Open DIRs: 0
 Thread #1 @TT=21
  Function [Index=3]
   Allocas:
    0 =[4]
    1 =[4]
    2 =[8]
    3 =[24]
    4 =[24]
   Instruction values [Active=16]:
    0 = 
    1 = 
    2 = 
    3 = 
    4 = 
    10 = 
    12 = 
    14 = 
  Function [Index=0]
   Allocas:
   Instruction values [Active=4]:
    1 = 
    2 = (int64_t)5, (uint64_t)5
    3 = 
    4 = (int64_t)9, (uint64_t)9

Process @11
 Dynamic Allocations: 0
 Open Streams: 3
 Open DIRs: 0
 Thread #1 @TT=22
  Function [Index=3]
   Allocas:
    0 =[4]
    1 =[4]
    2 =[8]
    3 =[24]
    4 =[24]
   Instruction values [Active=16]:
    0 = 
    1 = 
    2 = 
    3 = 
    4 = 
    10 = 
    12 = 
    14 = 

Process @12
 Dynamic Allocations: 0
 Open Streams: 3
 Open DIRs: 0
 Thread #1 @TT=25
  Function [Index=3]
   Allocas:
    0 =[4]
    1 =[4]
    2 =[8]
    3 =[24]
    4 =[24]
   Instruction values [Active=18]:
    0 = 
    1 = 
    2 = 
    3 = 
    4 = 
    10 = 
    12 = 
    14 = 
    17 = 

Process @13
 Dynamic Allocations: 0
 Open Streams: 3
 Open DIRs: 0
 Thread #1 @TT=27
  Function [Index=3]
   Allocas:
    0 =[4]
    1 =[4]
    2 =[8]
    3 =[24]
    4 =[24]
   Instruction values [Active=20]:
    0 = 
    1 = 
    2 = 
    3 = 
    4 = 
    10 = 
    12 = 
    14 = 
    17 = 
    19 = 

Process @14
 Dynamic Allocations: 0
 Open Streams: 3
 Open DIRs: 0
 Thread #1 @TT=29
  Function [Index=3]
   Allocas:
    0 =[4]
    1 =[4]
    2 =[8]
    3 =[24]
    4 =[24]
   Instruction values [Active=22]:
    0 = 
    1 = 
    2 = 
    3 = 
    4 = 
    10 = 
    12 = 
    14 = 
    17 = 
    19 = 
    21 = 

Process @15
 Dynamic Allocations: 0
 Open Streams: 3
 Open DIRs: 0
 Thread #1 @TT=31
  Function [Index=3]
   Allocas:
    0 =[4]
    1 =[4]
    2 =[8]
    3 =[24]
    4 =[24]
   Instruction values [Active=23]:
    0 = 
    1 = 
    2 = 
    3 = 
    4 = 
    10 = 
    12 = 
    14 = 
    17 = 
    19 = 
    21 = 
  Function [Index=0]
   Allocas:
   Instruction values [Active=unassigned]:

Process @16
 Dynamic Allocations: 0
 Open Streams: 3
 Open DIRs: 0
 Thread #1 @TT=35
  Function [Index=3]
   Allocas:
    0 =[4]
    1 =[4]
    2 =[8]
    3 =[24]
    4 =[24]
   Instruction values [Active=23]:
    0 = 
    1 = 
    2 = 
    3 = 
    4 = 
    10 = 
    12 = 
    14 = 
    17 = 
    19 = 
    21 = 
  Function [Index=0]
   Allocas:
   Instruction values [Active=4]:
    1 = 
    2 = (int64_t)1, (uint64_t)1
    3 = 
    4 = (int64_t)9, (uint64_t)9

Process @17
 Dynamic Allocations: 0
 Open Streams: 3
 Open DIRs: 0
 Thread #1 @TT=36
  Function [Index=3]
   Allocas:
    0 =[4]
    1 =[4]
    2 =[8]
    3 =[24]
    4 =[24]
   Instruction values [Active=23]:
    0 = 
    1 = 
    2 = 
    3 = 
    4 = 
    10 = 
    12 = 
    14 = 
    17 = 
    19 = 
    21 = 

Process @18
 Dynamic Allocations: 0
 Open Streams: 3
 Open DIRs: 0
 Thread #1 @TT=38

Process @17
 Dynamic Allocations: 0
 Open Streams: 3
 Open DIRs: 0
 Thread #1 @TT=37
  Function [Index=3]
   Allocas:
    0 =[4]
    1 =[4]
    2 =[8]
    3 =[24]
    4 =[24]
   Instruction values [Active=23]:
    0 = 
    1 = 
    2 = 
    3 = 
    4 = 
    10 = 
    12 = 
    14 = 
    17 = 
    19 = 
    21 = 

Process @16
 Dynamic Allocations: 0
 Open Streams: 3
 Open DIRs: 0
 Thread #1 @TT=35
  Function [Index=3]
   Allocas:
    0 =[4]
    1 =[4]
    2 =[8]
    3 =[24]
    4 =[24]
   Instruction values [Active=23]:
    0 = 
    1 = 
    2 = 
    3 = 
    4 = 
    10 = 
    12 = 
    14 = 
    17 = 
    19 = 
    21 = 
  Function [Index=0]
   Allocas:
   Instruction values [Active=4]:
    1 = 
    2 = (int64_t)1, (uint64_t)1
    3 = 
    4 = (int64_t)9, (uint64_t)9

Process @15
 Dynamic Allocations: 0
 Open Streams: 3
 Open DIRs: 0
 Thread #1 @TT=34
  Function [Index=3]
   Allocas:
    0 =[4]
    1 =[4]
    2 =[8]
    3 =[24]
    4 =[24]
   Instruction values [Active=23]:
    0 = 
    1 = 
    2 = 
    3 = 
    4 = 
    10 = 
    12 = 
    14 = 
    17 = 
    19 = 
    21 = 
  Function [Index=0]
   Allocas:
   Instruction values [Active=3]:
    1 = 
    2 = (int64_t)1, (uint64_t)1
    3 = 

Process @14
 Dynamic Allocations: 0
 Open Streams: 3
 Open DIRs: 0
 Thread #1 @TT=30
  Function [Index=3]
   Allocas:
    0 =[4]
    1 =[4]
    2 =[8]
    3 =[24]
    4 =[24]
   Instruction values [Active=23]:
    0 = 
    1 = 
    2 = 
    3 = 
    4 = 
    10 = 
    12 = 
    14 = 
    17 = 
    19 = 
    21 = 

Process @13
 Dynamic Allocations: 0
 Open Streams: 3
 Open DIRs: 0
 Thread #1 @TT=28
  Function [Index=3]
   Allocas:
    0 =[4]
    1 =[4]
    2 =[8]
    3 =[24]
    4 =[24]
   Instruction values [Active=21]:
    0 = 
    1 = 
    2 = 
    3 = 
    4 = 
    10 = 
    12 = 
    14 = 
    17 = 
    19 = 
    21 = 

Process @12
 Dynamic Allocations: 0
 Open Streams: 3
 Open DIRs: 0
 Thread #1 @TT=26
  Function [Index=3]
   Allocas:
    0 =[4]
    1 =[4]
    2 =[8]
    3 =[24]
    4 =[24]
   Instruction values [Active=19]:
    0 = 
    1 = 
    2 = 
    3 = 
    4 = 
    10 = 
    12 = 
    14 = 
    17 = 
    19 = 

Process @11
 Dynamic Allocations: 0
 Open Streams: 3
 Open DIRs: 0
 Thread #1 @TT=24
  Function [Index=3]
   Allocas:
    0 =[4]
    1 =[4]
    2 =[8]
    3 =[24]
    4 =[24]
   Instruction values [Active=17]:
    0 = 
    1 = 
    2 = 
    3 = 
    4 = 
    10 = 
    12 = 
    14 = 
    17 = 

Process @10
 Dynamic Allocations: 0
 Open Streams: 3
 Open DIRs: 0
 Thread #1 @TT=21
  Function [Index=3]
   Allocas:
    0 =[4]
    1 =[4]
    2 =[8]
    3 =[24]
    4 =[24]
   Instruction values [Active=16]:
    0 = 
    1 = 
    2 = 
    3 = 
    4 = 
    10 = 
    12 = 
    14 = 
  Function [Index=0]
   Allocas:
   Instruction values [Active=4]:
    1 = 
    2 = (int64_t)5, (uint64_t)5
    3 = 
    4 = (int64_t)9, (uint64_t)9

Process @9
 Dynamic Allocations: 0
 Open Streams: 3
 Open DIRs: 0
 Thread #1 @TT=20
  Function [Index=3]
   Allocas:
    0 =[4]
    1 =[4]
    2 =[8]
    3 =[24]
    4 =[24]
   Instruction values [Active=16]:
    0 = 
    1 = 
    2 = 
    3 = 
    4 = 
    10 = 
    12 = 
    14 = 
  Function [Index=0]
   Allocas:
   Instruction values [Active=3]:
    1 = 
    2 = (int64_t)5, (uint64_t)5
    3 = 

Process @8
 Dynamic Allocations: 0
 Open Streams: 3
 Open DIRs: 0
 Thread #1 @TT=16
  Function [Index=3]
   Allocas:
    0 =[4]
    1 =[4]
    2 =[8]
    3 =[24]
    4 =[24]
   Instruction values [Active=16]:
    0 = 
    1 = 
    2 = 
    3 = 
    4 = 
    10 = 
    12 = 
    14 = 

Process @7
 Dynamic Allocations: 0
 Open Streams: 3
 Open DIRs: 0
 Thread #1 @TT=14
  Function [Index=3]
   Allocas:
    0 =[4]
    1 =[4]
    2 =[8]
    3 =[24]
    4 =[24]
   Instruction values [Active=14]:
    0 = 
    1 = 
    2 = 
    3 = 
    4 = 
    10 = 
    12 = 
    14 = 

Process @6
 Dynamic Allocations: 0
 Open Streams: 3
 Open DIRs: 0
 Thread #1 @TT=12
  Function [Index=3]
   Allocas:
    0 =[4]
    1 =[4]
    2 =[8]
    3 =[24]
    4 =[24]
   Instruction values [Active=12]:
    0 = 
    1 = 
    2 = 
    3 = 
    4 = 
    10 = 
    12 = 

Process @5
 Dynamic Allocations: 0
 Open Streams: 3
 Open DIRs: 0
 Thread #1 @TT=10
  Function [Index=3]
   Allocas:
    0 =[4]
    1 =[4]
    2 =[8]
    3 =[24]
    4 =[24]
   Instruction values [Active=10]:
    0 = 
    1 = 
    2 = 
    3 = 
    4 = 
    10 = 

Process @4
 Dynamic Allocations: 0
 Open Streams: 3
 Open DIRs: 0
 Thread #1 @TT=8
  Function [Index=3]
   Allocas:
    0 =[4]
    1 =[4]
    2 =[8]
    3 =[24]
    4 =[24]
   Instruction values [Active=6]:
    0 = 
    1 = 
    2 = 
    3 = 
    4 = 

Process @3
 Dynamic Allocations: 0
 Open Streams: 3
 Open DIRs: 0
 Thread #1 @TT=7
  Function [Index=3]
   Allocas:
    0 =[4]
    1 =[4]
    2 =[8]
    3 =[24]
    4 =[24]
   Instruction values [Active=5]:
    0 = 
    1 = 
    2 = 
    3 = 
    4 = 

Process @2
 Dynamic Allocations: 0
 Open Streams: 3
 Open DIRs: 0
 Thread #1 @TT=6
  Function [Index=3]
   Allocas:
    0 =[4]
    1 =[4]
    2 =[8]
    3 =[24]
    4 =[24]
   Instruction values [Active=4]:
    0 = 
    1 = 
    2 = 
    3 = 
    4 = 

Process @0
 Dynamic Allocations: 0
 Open Streams: 3
 Open DIRs: 0
 Thread #1 @TT=0

