Recreating states:
Process @0
 Dynamic Allocations: 0
 Open Streams: 3
 Open DIRs: 0
 Thread #1 @TT=0

Process @2
 Dynamic Allocations: 0
 Open Streams: 3
 Open DIRs: 0
 Thread #1 @TT=1
  Function [Index=0]
   Allocas:
   Instruction values [Active=unassigned]:

Process @3
 Dynamic Allocations: 0
 Open Streams: 3
 Open DIRs: 0
 Thread #1 @TT=6
  Function [Index=0]
   Allocas:
    0 =[1x4]
    1 =[1x4]
    2 =[1x8]
    3 =[1x4]
   Instruction values [Active=4]:
    0 = 
    1 = 
    2 = 
    3 = 

Process @4
 Dynamic Allocations: 0
 Open Streams: 3
 Open DIRs: 0
 Thread #1 @TT=7
  Function [Index=0]
   Allocas:
    0 =[1x4]
    1 =[1x4]
    2 =[1x8]
    3 =[1x4]
   Instruction values [Active=5]:
    0 = 
    1 = 
    2 = 
    3 = 

Process @5
 Dynamic Allocations: 0
 Open Streams: 3
 Open DIRs: 0
 Thread #1 @TT=8
  Function [Index=0]
   Allocas:
    0 =[1x4]
    1 =[1x4]
    2 =[1x8]
    3 =[1x4]
   Instruction values [Active=7]:
    0 = 
    1 = 
    2 = 
    3 = 

Process @6
 Dynamic Allocations: 0
 Open Streams: 3
 Open DIRs: 0
 Thread #1 @TT=9
  Function [Index=0]
   Allocas:
    0 =[1x4]
    1 =[1x4]
    2 =[1x8]
    3 =[1x4]
   Instruction values [Active=10]:
    0 = 
    1 = 
    2 = 
    3 = 

Process @7
 Dynamic Allocations: 0
 Open Streams: 3
 Open DIRs: 0
 Thread #1 @TT=31
  Function [Index=0]
   Allocas:
    0 =[1x4]
    1 =[1x4]
    2 =[1x8]
    3 =[1x4]
   Instruction values [Active=46]:
    0 = 
    1 = 
    2 = 
    3 = 
    12 = (int64_t)0, (uint64_t)0
    13 = (int64_t)0, (uint64_t)0
    14 = 
    15 = 
    16 = 
    17 = 
    18 = (int64_t)65, (uint64_t)65
    19 = (int64_t)-1, (uint64_t)1
    21 = (int64_t)0, (uint64_t)0
    22 = (int64_t)0, (uint64_t)0
    23 = 
    24 = 
    25 = 
    26 = 
    27 = (int64_t)65, (uint64_t)65
    28 = (int64_t)65, (uint64_t)65
    29 = (int64_t)0, (uint64_t)0
    30 = (int64_t)0, (uint64_t)0
    44 = (int64_t)0, (uint64_t)0
    45 = (int64_t)1, (uint64_t)1

Process @8
 Dynamic Allocations: 0
 Open Streams: 3
 Open DIRs: 0
 Thread #1 @TT=60
  Function [Index=0]
   Allocas:
    0 =[1x4]
    1 =[1x4]
    2 =[1x8]
    3 =[1x4]
   Instruction values [Active=41]:
    0 = 
    1 = 
    2 = 
    3 = 
    12 = (int64_t)1, (uint64_t)1
    13 = (int64_t)1, (uint64_t)1
    14 = 
    15 = 
    16 = 
    17 = 
    18 = (int64_t)114, (uint64_t)114
    19 = (int64_t)-1, (uint64_t)1
    21 = (int64_t)1, (uint64_t)1
    22 = (int64_t)1, (uint64_t)1
    23 = 
    24 = 
    25 = 
    26 = 
    27 = (int64_t)114, (uint64_t)114
    28 = (int64_t)114, (uint64_t)114
    29 = (int64_t)512, (uint64_t)512
    30 = (int64_t)-1, (uint64_t)1
    32 = (int64_t)1, (uint64_t)1
    33 = (int64_t)1, (uint64_t)1
    34 = 
    35 = 
    36 = 
    37 = 
    38 = (int64_t)114, (uint64_t)114
    39 = (int64_t)114, (uint64_t)114
    40 = 
    41 = (int64_t)2, (uint64_t)2

Process @9
 Dynamic Allocations: 0
 Open Streams: 3
 Open DIRs: 0
 Thread #1 @TT=63
  Function [Index=0]
   Allocas:
    0 =[1x4]
    1 =[1x4]
    2 =[1x8]
    3 =[1x4]
   Instruction values [Active=46]:
    0 = 
    1 = 
    2 = 
    3 = 
    12 = (int64_t)1, (uint64_t)1
    13 = (int64_t)1, (uint64_t)1
    14 = 
    15 = 
    16 = 
    17 = 
    18 = (int64_t)114, (uint64_t)114
    19 = (int64_t)-1, (uint64_t)1
    21 = (int64_t)1, (uint64_t)1
    22 = (int64_t)1, (uint64_t)1
    23 = 
    24 = 
    25 = 
    26 = 
    27 = (int64_t)114, (uint64_t)114
    28 = (int64_t)114, (uint64_t)114
    29 = (int64_t)512, (uint64_t)512
    30 = (int64_t)-1, (uint64_t)1
    32 = (int64_t)1, (uint64_t)1
    33 = (int64_t)1, (uint64_t)1
    34 = 
    35 = 
    36 = 
    37 = 
    38 = (int64_t)114, (uint64_t)114
    39 = (int64_t)114, (uint64_t)114
    40 = 
    41 = (int64_t)2, (uint64_t)2
    44 = (int64_t)1, (uint64_t)1
    45 = (int64_t)2, (uint64_t)2

Process @10
 Dynamic Allocations: 0
 Open Streams: 3
 Open DIRs: 0
 Thread #1 @TT=92
  Function [Index=0]
   Allocas:
    0 =[1x4]
    1 =[1x4]
    2 =[1x8]
    3 =[1x4]
   Instruction values [Active=41]:
    0 = 
    1 = 
    2 = 
    3 = 
    12 = (int64_t)2, (uint64_t)2
    13 = (int64_t)2, (uint64_t)2
    14 = 
    15 = 
    16 = 
    17 = 
    18 = (int64_t)103, (uint64_t)103
    19 = (int64_t)-1, (uint64_t)1
    21 = (int64_t)2, (uint64_t)2
    22 = (int64_t)2, (uint64_t)2
    23 = 
    24 = 
    25 = 
    26 = 
    27 = (int64_t)103, (uint64_t)103
    28 = (int64_t)103, (uint64_t)103
    29 = (int64_t)512, (uint64_t)512
    30 = (int64_t)-1, (uint64_t)1
    32 = (int64_t)2, (uint64_t)2
    33 = (int64_t)2, (uint64_t)2
    34 = 
    35 = 
    36 = 
    37 = 
    38 = (int64_t)103, (uint64_t)103
    39 = (int64_t)103, (uint64_t)103
    40 = 
    41 = (int64_t)2, (uint64_t)2

Process @11
 Dynamic Allocations: 0
 Open Streams: 3
 Open DIRs: 0
 Thread #1 @TT=95
  Function [Index=0]
   Allocas:
    0 =[1x4]
    1 =[1x4]
    2 =[1x8]
    3 =[1x4]
   Instruction values [Active=46]:
    0 = 
    1 = 
    2 = 
    3 = 
    12 = (int64_t)2, (uint64_t)2
    13 = (int64_t)2, (uint64_t)2
    14 = 
    15 = 
    16 = 
    17 = 
    18 = (int64_t)103, (uint64_t)103
    19 = (int64_t)-1, (uint64_t)1
    21 = (int64_t)2, (uint64_t)2
    22 = (int64_t)2, (uint64_t)2
    23 = 
    24 = 
    25 = 
    26 = 
    27 = (int64_t)103, (uint64_t)103
    28 = (int64_t)103, (uint64_t)103
    29 = (int64_t)512, (uint64_t)512
    30 = (int64_t)-1, (uint64_t)1
    32 = (int64_t)2, (uint64_t)2
    33 = (int64_t)2, (uint64_t)2
    34 = 
    35 = 
    36 = 
    37 = 
    38 = (int64_t)103, (uint64_t)103
    39 = (int64_t)103, (uint64_t)103
    40 = 
    41 = (int64_t)2, (uint64_t)2
    44 = (int64_t)2, (uint64_t)2
    45 = (int64_t)3, (uint64_t)3

Process @12
 Dynamic Allocations: 0
 Open Streams: 3
 Open DIRs: 0
 Thread #1 @TT=124
  Function [Index=0]
   Allocas:
    0 =[1x4]
    1 =[1x4]
    2 =[1x8]
    3 =[1x4]
   Instruction values [Active=41]:
    0 = 
    1 = 
    2 = 
    3 = 
    12 = (int64_t)3, (uint64_t)3
    13 = (int64_t)3, (uint64_t)3
    14 = 
    15 = 
    16 = 
    17 = 
    18 = (int64_t)117, (uint64_t)117
    19 = (int64_t)-1, (uint64_t)1
    21 = (int64_t)3, (uint64_t)3
    22 = (int64_t)3, (uint64_t)3
    23 = 
    24 = 
    25 = 
    26 = 
    27 = (int64_t)117, (uint64_t)117
    28 = (int64_t)117, (uint64_t)117
    29 = (int64_t)512, (uint64_t)512
    30 = (int64_t)-1, (uint64_t)1
    32 = (int64_t)3, (uint64_t)3
    33 = (int64_t)3, (uint64_t)3
    34 = 
    35 = 
    36 = 
    37 = 
    38 = (int64_t)117, (uint64_t)117
    39 = (int64_t)117, (uint64_t)117
    40 = 
    41 = (int64_t)2, (uint64_t)2

Process @13
 Dynamic Allocations: 0
 Open Streams: 3
 Open DIRs: 0
 Thread #1 @TT=127
  Function [Index=0]
   Allocas:
    0 =[1x4]
    1 =[1x4]
    2 =[1x8]
    3 =[1x4]
   Instruction values [Active=46]:
    0 = 
    1 = 
    2 = 
    3 = 
    12 = (int64_t)3, (uint64_t)3
    13 = (int64_t)3, (uint64_t)3
    14 = 
    15 = 
    16 = 
    17 = 
    18 = (int64_t)117, (uint64_t)117
    19 = (int64_t)-1, (uint64_t)1
    21 = (int64_t)3, (uint64_t)3
    22 = (int64_t)3, (uint64_t)3
    23 = 
    24 = 
    25 = 
    26 = 
    27 = (int64_t)117, (uint64_t)117
    28 = (int64_t)117, (uint64_t)117
    29 = (int64_t)512, (uint64_t)512
    30 = (int64_t)-1, (uint64_t)1
    32 = (int64_t)3, (uint64_t)3
    33 = (int64_t)3, (uint64_t)3
    34 = 
    35 = 
    36 = 
    37 = 
    38 = (int64_t)117, (uint64_t)117
    39 = (int64_t)117, (uint64_t)117
    40 = 
    41 = (int64_t)2, (uint64_t)2
    44 = (int64_t)3, (uint64_t)3
    45 = (int64_t)4, (uint64_t)4

Process @14
 Dynamic Allocations: 0
 Open Streams: 3
 Open DIRs: 0
 Thread #1 @TT=156
  Function [Index=0]
   Allocas:
    0 =[1x4]
    1 =[1x4]
    2 =[1x8]
    3 =[1x4]
   Instruction values [Active=41]:
    0 = 
    1 = 
    2 = 
    3 = 
    12 = (int64_t)4, (uint64_t)4
    13 = (int64_t)4, (uint64_t)4
    14 = 
    15 = 
    16 = 
    17 = 
    18 = (int64_t)109, (uint64_t)109
    19 = (int64_t)-1, (uint64_t)1
    21 = (int64_t)4, (uint64_t)4
    22 = (int64_t)4, (uint64_t)4
    23 = 
    24 = 
    25 = 
    26 = 
    27 = (int64_t)109, (uint64_t)109
    28 = (int64_t)109, (uint64_t)109
    29 = (int64_t)512, (uint64_t)512
    30 = (int64_t)-1, (uint64_t)1
    32 = (int64_t)4, (uint64_t)4
    33 = (int64_t)4, (uint64_t)4
    34 = 
    35 = 
    36 = 
    37 = 
    38 = (int64_t)109, (uint64_t)109
    39 = (int64_t)109, (uint64_t)109
    40 = 
    41 = (int64_t)2, (uint64_t)2

Process @15
 Dynamic Allocations: 0
 Open Streams: 3
 Open DIRs: 0
 Thread #1 @TT=159
  Function [Index=0]
   Allocas:
    0 =[1x4]
    1 =[1x4]
    2 =[1x8]
    3 =[1x4]
   Instruction values [Active=46]:
    0 = 
    1 = 
    2 = 
    3 = 
    12 = (int64_t)4, (uint64_t)4
    13 = (int64_t)4, (uint64_t)4
    14 = 
    15 = 
    16 = 
    17 = 
    18 = (int64_t)109, (uint64_t)109
    19 = (int64_t)-1, (uint64_t)1
    21 = (int64_t)4, (uint64_t)4
    22 = (int64_t)4, (uint64_t)4
    23 = 
    24 = 
    25 = 
    26 = 
    27 = (int64_t)109, (uint64_t)109
    28 = (int64_t)109, (uint64_t)109
    29 = (int64_t)512, (uint64_t)512
    30 = (int64_t)-1, (uint64_t)1
    32 = (int64_t)4, (uint64_t)4
    33 = (int64_t)4, (uint64_t)4
    34 = 
    35 = 
    36 = 
    37 = 
    38 = (int64_t)109, (uint64_t)109
    39 = (int64_t)109, (uint64_t)109
    40 = 
    41 = (int64_t)2, (uint64_t)2
    44 = (int64_t)4, (uint64_t)4
    45 = (int64_t)5, (uint64_t)5

Process @16
 Dynamic Allocations: 0
 Open Streams: 3
 Open DIRs: 0
 Thread #1 @TT=188
  Function [Index=0]
   Allocas:
    0 =[1x4]
    1 =[1x4]
    2 =[1x8]
    3 =[1x4]
   Instruction values [Active=41]:
    0 = 
    1 = 
    2 = 
    3 = 
    12 = (int64_t)5, (uint64_t)5
    13 = (int64_t)5, (uint64_t)5
    14 = 
    15 = 
    16 = 
    17 = 
    18 = (int64_t)101, (uint64_t)101
    19 = (int64_t)-1, (uint64_t)1
    21 = (int64_t)5, (uint64_t)5
    22 = (int64_t)5, (uint64_t)5
    23 = 
    24 = 
    25 = 
    26 = 
    27 = (int64_t)101, (uint64_t)101
    28 = (int64_t)101, (uint64_t)101
    29 = (int64_t)512, (uint64_t)512
    30 = (int64_t)-1, (uint64_t)1
    32 = (int64_t)5, (uint64_t)5
    33 = (int64_t)5, (uint64_t)5
    34 = 
    35 = 
    36 = 
    37 = 
    38 = (int64_t)101, (uint64_t)101
    39 = (int64_t)101, (uint64_t)101
    40 = 
    41 = (int64_t)2, (uint64_t)2

Process @17
 Dynamic Allocations: 0
 Open Streams: 3
 Open DIRs: 0
 Thread #1 @TT=191
  Function [Index=0]
   Allocas:
    0 =[1x4]
    1 =[1x4]
    2 =[1x8]
    3 =[1x4]
   Instruction values [Active=46]:
    0 = 
    1 = 
    2 = 
    3 = 
    12 = (int64_t)5, (uint64_t)5
    13 = (int64_t)5, (uint64_t)5
    14 = 
    15 = 
    16 = 
    17 = 
    18 = (int64_t)101, (uint64_t)101
    19 = (int64_t)-1, (uint64_t)1
    21 = (int64_t)5, (uint64_t)5
    22 = (int64_t)5, (uint64_t)5
    23 = 
    24 = 
    25 = 
    26 = 
    27 = (int64_t)101, (uint64_t)101
    28 = (int64_t)101, (uint64_t)101
    29 = (int64_t)512, (uint64_t)512
    30 = (int64_t)-1, (uint64_t)1
    32 = (int64_t)5, (uint64_t)5
    33 = (int64_t)5, (uint64_t)5
    34 = 
    35 = 
    36 = 
    37 = 
    38 = (int64_t)101, (uint64_t)101
    39 = (int64_t)101, (uint64_t)101
    40 = 
    41 = (int64_t)2, (uint64_t)2
    44 = (int64_t)5, (uint64_t)5
    45 = (int64_t)6, (uint64_t)6

Process @18
 Dynamic Allocations: 0
 Open Streams: 3
 Open DIRs: 0
 Thread #1 @TT=220
  Function [Index=0]
   Allocas:
    0 =[1x4]
    1 =[1x4]
    2 =[1x8]
    3 =[1x4]
   Instruction values [Active=41]:
    0 = 
    1 = 
    2 = 
    3 = 
    12 = (int64_t)6, (uint64_t)6
    13 = (int64_t)6, (uint64_t)6
    14 = 
    15 = 
    16 = 
    17 = 
    18 = (int64_t)110, (uint64_t)110
    19 = (int64_t)-1, (uint64_t)1
    21 = (int64_t)6, (uint64_t)6
    22 = (int64_t)6, (uint64_t)6
    23 = 
    24 = 
    25 = 
    26 = 
    27 = (int64_t)110, (uint64_t)110
    28 = (int64_t)110, (uint64_t)110
    29 = (int64_t)512, (uint64_t)512
    30 = (int64_t)-1, (uint64_t)1
    32 = (int64_t)6, (uint64_t)6
    33 = (int64_t)6, (uint64_t)6
    34 = 
    35 = 
    36 = 
    37 = 
    38 = (int64_t)110, (uint64_t)110
    39 = (int64_t)110, (uint64_t)110
    40 = 
    41 = (int64_t)2, (uint64_t)2

Process @19
 Dynamic Allocations: 0
 Open Streams: 3
 Open DIRs: 0
 Thread #1 @TT=223
  Function [Index=0]
   Allocas:
    0 =[1x4]
    1 =[1x4]
    2 =[1x8]
    3 =[1x4]
   Instruction values [Active=46]:
    0 = 
    1 = 
    2 = 
    3 = 
    12 = (int64_t)6, (uint64_t)6
    13 = (int64_t)6, (uint64_t)6
    14 = 
    15 = 
    16 = 
    17 = 
    18 = (int64_t)110, (uint64_t)110
    19 = (int64_t)-1, (uint64_t)1
    21 = (int64_t)6, (uint64_t)6
    22 = (int64_t)6, (uint64_t)6
    23 = 
    24 = 
    25 = 
    26 = 
    27 = (int64_t)110, (uint64_t)110
    28 = (int64_t)110, (uint64_t)110
    29 = (int64_t)512, (uint64_t)512
    30 = (int64_t)-1, (uint64_t)1
    32 = (int64_t)6, (uint64_t)6
    33 = (int64_t)6, (uint64_t)6
    34 = 
    35 = 
    36 = 
    37 = 
    38 = (int64_t)110, (uint64_t)110
    39 = (int64_t)110, (uint64_t)110
    40 = 
    41 = (int64_t)2, (uint64_t)2
    44 = (int64_t)6, (uint64_t)6
    45 = (int64_t)7, (uint64_t)7

Process @20
 Dynamic Allocations: 0
 Open Streams: 3
 Open DIRs: 0
 Thread #1 @TT=252
  Function [Index=0]
   Allocas:
    0 =[1x4]
    1 =[1x4]
    2 =[1x8]
    3 =[1x4]
   Instruction values [Active=41]:
    0 = 
    1 = 
    2 = 
    3 = 
    12 = (int64_t)7, (uint64_t)7
    13 = (int64_t)7, (uint64_t)7
    14 = 
    15 = 
    16 = 
    17 = 
    18 = (int64_t)116, (uint64_t)116
    19 = (int64_t)-1, (uint64_t)1
    21 = (int64_t)7, (uint64_t)7
    22 = (int64_t)7, (uint64_t)7
    23 = 
    24 = 
    25 = 
    26 = 
    27 = (int64_t)116, (uint64_t)116
    28 = (int64_t)116, (uint64_t)116
    29 = (int64_t)512, (uint64_t)512
    30 = (int64_t)-1, (uint64_t)1
    32 = (int64_t)7, (uint64_t)7
    33 = (int64_t)7, (uint64_t)7
    34 = 
    35 = 
    36 = 
    37 = 
    38 = (int64_t)116, (uint64_t)116
    39 = (int64_t)116, (uint64_t)116
    40 = 
    41 = (int64_t)2, (uint64_t)2

Process @21
 Dynamic Allocations: 0
 Open Streams: 3
 Open DIRs: 0
 Thread #1 @TT=255
  Function [Index=0]
   Allocas:
    0 =[1x4]
    1 =[1x4]
    2 =[1x8]
    3 =[1x4]
   Instruction values [Active=46]:
    0 = 
    1 = 
    2 = 
    3 = 
    12 = (int64_t)7, (uint64_t)7
    13 = (int64_t)7, (uint64_t)7
    14 = 
    15 = 
    16 = 
    17 = 
    18 = (int64_t)116, (uint64_t)116
    19 = (int64_t)-1, (uint64_t)1
    21 = (int64_t)7, (uint64_t)7
    22 = (int64_t)7, (uint64_t)7
    23 = 
    24 = 
    25 = 
    26 = 
    27 = (int64_t)116, (uint64_t)116
    28 = (int64_t)116, (uint64_t)116
    29 = (int64_t)512, (uint64_t)512
    30 = (int64_t)-1, (uint64_t)1
    32 = (int64_t)7, (uint64_t)7
    33 = (int64_t)7, (uint64_t)7
    34 = 
    35 = 
    36 = 
    37 = 
    38 = (int64_t)116, (uint64_t)116
    39 = (int64_t)116, (uint64_t)116
    40 = 
    41 = (int64_t)2, (uint64_t)2
    44 = (int64_t)7, (uint64_t)7
    45 = (int64_t)8, (uint64_t)8

Process @22
 Dynamic Allocations: 0
 Open Streams: 3
 Open DIRs: 0
 Thread #1 @TT=264

Process @21
 Dynamic Allocations: 0
 Open Streams: 3
 Open DIRs: 0
 Thread #1 @TT=263
  Function [Index=0]
   Allocas:
    0 =[1x4]
    1 =[1x4]
    2 =[1x8]
    3 =[1x4]
   Instruction values [Active=19]:
    0 = 
    1 = 
    2 = 
    3 = 
    12 = (int64_t)8, (uint64_t)8
    13 = (int64_t)8, (uint64_t)8
    14 = 
    15 = 
    16 = 
    17 = 
    18 = (int64_t)0, (uint64_t)0
    19 = (int64_t)0, (uint64_t)0

Process @20
 Dynamic Allocations: 0
 Open Streams: 3
 Open DIRs: 0
 Thread #1 @TT=254
  Function [Index=0]
   Allocas:
    0 =[1x4]
    1 =[1x4]
    2 =[1x8]
    3 =[1x4]
   Instruction values [Active=45]:
    0 = 
    1 = 
    2 = 
    3 = 
    12 = (int64_t)7, (uint64_t)7
    13 = (int64_t)7, (uint64_t)7
    14 = 
    15 = 
    16 = 
    17 = 
    18 = (int64_t)116, (uint64_t)116
    19 = (int64_t)-1, (uint64_t)1
    21 = (int64_t)7, (uint64_t)7
    22 = (int64_t)7, (uint64_t)7
    23 = 
    24 = 
    25 = 
    26 = 
    27 = (int64_t)116, (uint64_t)116
    28 = (int64_t)116, (uint64_t)116
    29 = (int64_t)512, (uint64_t)512
    30 = (int64_t)-1, (uint64_t)1
    32 = (int64_t)7, (uint64_t)7
    33 = (int64_t)7, (uint64_t)7
    34 = 
    35 = 
    36 = 
    37 = 
    38 = (int64_t)116, (uint64_t)116
    39 = (int64_t)116, (uint64_t)116
    40 = 
    41 = (int64_t)2, (uint64_t)2
    44 = (int64_t)7, (uint64_t)7
    45 = (int64_t)8, (uint64_t)8

Process @19
 Dynamic Allocations: 0
 Open Streams: 3
 Open DIRs: 0
 Thread #1 @TT=251
  Function [Index=0]
   Allocas:
    0 =[1x4]
    1 =[1x4]
    2 =[1x8]
    3 =[1x4]
   Instruction values [Active=40]:
    0 = 
    1 = 
    2 = 
    3 = 
    12 = (int64_t)7, (uint64_t)7
    13 = (int64_t)7, (uint64_t)7
    14 = 
    15 = 
    16 = 
    17 = 
    18 = (int64_t)116, (uint64_t)116
    19 = (int64_t)-1, (uint64_t)1
    21 = (int64_t)7, (uint64_t)7
    22 = (int64_t)7, (uint64_t)7
    23 = 
    24 = 
    25 = 
    26 = 
    27 = (int64_t)116, (uint64_t)116
    28 = (int64_t)116, (uint64_t)116
    29 = (int64_t)512, (uint64_t)512
    30 = (int64_t)-1, (uint64_t)1
    32 = (int64_t)7, (uint64_t)7
    33 = (int64_t)7, (uint64_t)7
    34 = 
    35 = 
    36 = 
    37 = 
    38 = (int64_t)116, (uint64_t)116
    39 = (int64_t)116, (uint64_t)116
    40 = 

Process @18
 Dynamic Allocations: 0
 Open Streams: 3
 Open DIRs: 0
 Thread #1 @TT=222
  Function [Index=0]
   Allocas:
    0 =[1x4]
    1 =[1x4]
    2 =[1x8]
    3 =[1x4]
   Instruction values [Active=45]:
    0 = 
    1 = 
    2 = 
    3 = 
    12 = (int64_t)6, (uint64_t)6
    13 = (int64_t)6, (uint64_t)6
    14 = 
    15 = 
    16 = 
    17 = 
    18 = (int64_t)110, (uint64_t)110
    19 = (int64_t)-1, (uint64_t)1
    21 = (int64_t)6, (uint64_t)6
    22 = (int64_t)6, (uint64_t)6
    23 = 
    24 = 
    25 = 
    26 = 
    27 = (int64_t)110, (uint64_t)110
    28 = (int64_t)110, (uint64_t)110
    29 = (int64_t)512, (uint64_t)512
    30 = (int64_t)-1, (uint64_t)1
    32 = (int64_t)6, (uint64_t)6
    33 = (int64_t)6, (uint64_t)6
    34 = 
    35 = 
    36 = 
    37 = 
    38 = (int64_t)110, (uint64_t)110
    39 = (int64_t)110, (uint64_t)110
    40 = 
    41 = (int64_t)2, (uint64_t)2
    44 = (int64_t)6, (uint64_t)6
    45 = (int64_t)7, (uint64_t)7

Process @17
 Dynamic Allocations: 0
 Open Streams: 3
 Open DIRs: 0
 Thread #1 @TT=219
  Function [Index=0]
   Allocas:
    0 =[1x4]
    1 =[1x4]
    2 =[1x8]
    3 =[1x4]
   Instruction values [Active=40]:
    0 = 
    1 = 
    2 = 
    3 = 
    12 = (int64_t)6, (uint64_t)6
    13 = (int64_t)6, (uint64_t)6
    14 = 
    15 = 
    16 = 
    17 = 
    18 = (int64_t)110, (uint64_t)110
    19 = (int64_t)-1, (uint64_t)1
    21 = (int64_t)6, (uint64_t)6
    22 = (int64_t)6, (uint64_t)6
    23 = 
    24 = 
    25 = 
    26 = 
    27 = (int64_t)110, (uint64_t)110
    28 = (int64_t)110, (uint64_t)110
    29 = (int64_t)512, (uint64_t)512
    30 = (int64_t)-1, (uint64_t)1
    32 = (int64_t)6, (uint64_t)6
    33 = (int64_t)6, (uint64_t)6
    34 = 
    35 = 
    36 = 
    37 = 
    38 = (int64_t)110, (uint64_t)110
    39 = (int64_t)110, (uint64_t)110
    40 = 

Process @16
 Dynamic Allocations: 0
 Open Streams: 3
 Open DIRs: 0
 Thread #1 @TT=190
  Function [Index=0]
   Allocas:
    0 =[1x4]
    1 =[1x4]
    2 =[1x8]
    3 =[1x4]
   Instruction values [Active=45]:
    0 = 
    1 = 
    2 = 
    3 = 
    12 = (int64_t)5, (uint64_t)5
    13 = (int64_t)5, (uint64_t)5
    14 = 
    15 = 
    16 = 
    17 = 
    18 = (int64_t)101, (uint64_t)101
    19 = (int64_t)-1, (uint64_t)1
    21 = (int64_t)5, (uint64_t)5
    22 = (int64_t)5, (uint64_t)5
    23 = 
    24 = 
    25 = 
    26 = 
    27 = (int64_t)101, (uint64_t)101
    28 = (int64_t)101, (uint64_t)101
    29 = (int64_t)512, (uint64_t)512
    30 = (int64_t)-1, (uint64_t)1
    32 = (int64_t)5, (uint64_t)5
    33 = (int64_t)5, (uint64_t)5
    34 = 
    35 = 
    36 = 
    37 = 
    38 = (int64_t)101, (uint64_t)101
    39 = (int64_t)101, (uint64_t)101
    40 = 
    41 = (int64_t)2, (uint64_t)2
    44 = (int64_t)5, (uint64_t)5
    45 = (int64_t)6, (uint64_t)6

Process @15
 Dynamic Allocations: 0
 Open Streams: 3
 Open DIRs: 0
 Thread #1 @TT=187
  Function [Index=0]
   Allocas:
    0 =[1x4]
    1 =[1x4]
    2 =[1x8]
    3 =[1x4]
   Instruction values [Active=40]:
    0 = 
    1 = 
    2 = 
    3 = 
    12 = (int64_t)5, (uint64_t)5
    13 = (int64_t)5, (uint64_t)5
    14 = 
    15 = 
    16 = 
    17 = 
    18 = (int64_t)101, (uint64_t)101
    19 = (int64_t)-1, (uint64_t)1
    21 = (int64_t)5, (uint64_t)5
    22 = (int64_t)5, (uint64_t)5
    23 = 
    24 = 
    25 = 
    26 = 
    27 = (int64_t)101, (uint64_t)101
    28 = (int64_t)101, (uint64_t)101
    29 = (int64_t)512, (uint64_t)512
    30 = (int64_t)-1, (uint64_t)1
    32 = (int64_t)5, (uint64_t)5
    33 = (int64_t)5, (uint64_t)5
    34 = 
    35 = 
    36 = 
    37 = 
    38 = (int64_t)101, (uint64_t)101
    39 = (int64_t)101, (uint64_t)101
    40 = 

Process @14
 Dynamic Allocations: 0
 Open Streams: 3
 Open DIRs: 0
 Thread #1 @TT=158
  Function [Index=0]
   Allocas:
    0 =[1x4]
    1 =[1x4]
    2 =[1x8]
    3 =[1x4]
   Instruction values [Active=45]:
    0 = 
    1 = 
    2 = 
    3 = 
    12 = (int64_t)4, (uint64_t)4
    13 = (int64_t)4, (uint64_t)4
    14 = 
    15 = 
    16 = 
    17 = 
    18 = (int64_t)109, (uint64_t)109
    19 = (int64_t)-1, (uint64_t)1
    21 = (int64_t)4, (uint64_t)4
    22 = (int64_t)4, (uint64_t)4
    23 = 
    24 = 
    25 = 
    26 = 
    27 = (int64_t)109, (uint64_t)109
    28 = (int64_t)109, (uint64_t)109
    29 = (int64_t)512, (uint64_t)512
    30 = (int64_t)-1, (uint64_t)1
    32 = (int64_t)4, (uint64_t)4
    33 = (int64_t)4, (uint64_t)4
    34 = 
    35 = 
    36 = 
    37 = 
    38 = (int64_t)109, (uint64_t)109
    39 = (int64_t)109, (uint64_t)109
    40 = 
    41 = (int64_t)2, (uint64_t)2
    44 = (int64_t)4, (uint64_t)4
    45 = (int64_t)5, (uint64_t)5

Process @13
 Dynamic Allocations: 0
 Open Streams: 3
 Open DIRs: 0
 Thread #1 @TT=155
  Function [Index=0]
   Allocas:
    0 =[1x4]
    1 =[1x4]
    2 =[1x8]
    3 =[1x4]
   Instruction values [Active=40]:
    0 = 
    1 = 
    2 = 
    3 = 
    12 = (int64_t)4, (uint64_t)4
    13 = (int64_t)4, (uint64_t)4
    14 = 
    15 = 
    16 = 
    17 = 
    18 = (int64_t)109, (uint64_t)109
    19 = (int64_t)-1, (uint64_t)1
    21 = (int64_t)4, (uint64_t)4
    22 = (int64_t)4, (uint64_t)4
    23 = 
    24 = 
    25 = 
    26 = 
    27 = (int64_t)109, (uint64_t)109
    28 = (int64_t)109, (uint64_t)109
    29 = (int64_t)512, (uint64_t)512
    30 = (int64_t)-1, (uint64_t)1
    32 = (int64_t)4, (uint64_t)4
    33 = (int64_t)4, (uint64_t)4
    34 = 
    35 = 
    36 = 
    37 = 
    38 = (int64_t)109, (uint64_t)109
    39 = (int64_t)109, (uint64_t)109
    40 = 

Process @12
 Dynamic Allocations: 0
 Open Streams: 3
 Open DIRs: 0
 Thread #1 @TT=126
  Function [Index=0]
   Allocas:
    0 =[1x4]
    1 =[1x4]
    2 =[1x8]
    3 =[1x4]
   Instruction values [Active=45]:
    0 = 
    1 = 
    2 = 
    3 = 
    12 = (int64_t)3, (uint64_t)3
    13 = (int64_t)3, (uint64_t)3
    14 = 
    15 = 
    16 = 
    17 = 
    18 = (int64_t)117, (uint64_t)117
    19 = (int64_t)-1, (uint64_t)1
    21 = (int64_t)3, (uint64_t)3
    22 = (int64_t)3, (uint64_t)3
    23 = 
    24 = 
    25 = 
    26 = 
    27 = (int64_t)117, (uint64_t)117
    28 = (int64_t)117, (uint64_t)117
    29 = (int64_t)512, (uint64_t)512
    30 = (int64_t)-1, (uint64_t)1
    32 = (int64_t)3, (uint64_t)3
    33 = (int64_t)3, (uint64_t)3
    34 = 
    35 = 
    36 = 
    37 = 
    38 = (int64_t)117, (uint64_t)117
    39 = (int64_t)117, (uint64_t)117
    40 = 
    41 = (int64_t)2, (uint64_t)2
    44 = (int64_t)3, (uint64_t)3
    45 = (int64_t)4, (uint64_t)4

Process @11
 Dynamic Allocations: 0
 Open Streams: 3
 Open DIRs: 0
 Thread #1 @TT=123
  Function [Index=0]
   Allocas:
    0 =[1x4]
    1 =[1x4]
    2 =[1x8]
    3 =[1x4]
   Instruction values [Active=40]:
    0 = 
    1 = 
    2 = 
    3 = 
    12 = (int64_t)3, (uint64_t)3
    13 = (int64_t)3, (uint64_t)3
    14 = 
    15 = 
    16 = 
    17 = 
    18 = (int64_t)117, (uint64_t)117
    19 = (int64_t)-1, (uint64_t)1
    21 = (int64_t)3, (uint64_t)3
    22 = (int64_t)3, (uint64_t)3
    23 = 
    24 = 
    25 = 
    26 = 
    27 = (int64_t)117, (uint64_t)117
    28 = (int64_t)117, (uint64_t)117
    29 = (int64_t)512, (uint64_t)512
    30 = (int64_t)-1, (uint64_t)1
    32 = (int64_t)3, (uint64_t)3
    33 = (int64_t)3, (uint64_t)3
    34 = 
    35 = 
    36 = 
    37 = 
    38 = (int64_t)117, (uint64_t)117
    39 = (int64_t)117, (uint64_t)117
    40 = 

Process @10
 Dynamic Allocations: 0
 Open Streams: 3
 Open DIRs: 0
 Thread #1 @TT=94
  Function [Index=0]
   Allocas:
    0 =[1x4]
    1 =[1x4]
    2 =[1x8]
    3 =[1x4]
   Instruction values [Active=45]:
    0 = 
    1 = 
    2 = 
    3 = 
    12 = (int64_t)2, (uint64_t)2
    13 = (int64_t)2, (uint64_t)2
    14 = 
    15 = 
    16 = 
    17 = 
    18 = (int64_t)103, (uint64_t)103
    19 = (int64_t)-1, (uint64_t)1
    21 = (int64_t)2, (uint64_t)2
    22 = (int64_t)2, (uint64_t)2
    23 = 
    24 = 
    25 = 
    26 = 
    27 = (int64_t)103, (uint64_t)103
    28 = (int64_t)103, (uint64_t)103
    29 = (int64_t)512, (uint64_t)512
    30 = (int64_t)-1, (uint64_t)1
    32 = (int64_t)2, (uint64_t)2
    33 = (int64_t)2, (uint64_t)2
    34 = 
    35 = 
    36 = 
    37 = 
    38 = (int64_t)103, (uint64_t)103
    39 = (int64_t)103, (uint64_t)103
    40 = 
    41 = (int64_t)2, (uint64_t)2
    44 = (int64_t)2, (uint64_t)2
    45 = (int64_t)3, (uint64_t)3

Process @9
 Dynamic Allocations: 0
 Open Streams: 3
 Open DIRs: 0
 Thread #1 @TT=91
  Function [Index=0]
   Allocas:
    0 =[1x4]
    1 =[1x4]
    2 =[1x8]
    3 =[1x4]
   Instruction values [Active=40]:
    0 = 
    1 = 
    2 = 
    3 = 
    12 = (int64_t)2, (uint64_t)2
    13 = (int64_t)2, (uint64_t)2
    14 = 
    15 = 
    16 = 
    17 = 
    18 = (int64_t)103, (uint64_t)103
    19 = (int64_t)-1, (uint64_t)1
    21 = (int64_t)2, (uint64_t)2
    22 = (int64_t)2, (uint64_t)2
    23 = 
    24 = 
    25 = 
    26 = 
    27 = (int64_t)103, (uint64_t)103
    28 = (int64_t)103, (uint64_t)103
    29 = (int64_t)512, (uint64_t)512
    30 = (int64_t)-1, (uint64_t)1
    32 = (int64_t)2, (uint64_t)2
    33 = (int64_t)2, (uint64_t)2
    34 = 
    35 = 
    36 = 
    37 = 
    38 = (int64_t)103, (uint64_t)103
    39 = (int64_t)103, (uint64_t)103
    40 = 

Process @8
 Dynamic Allocations: 0
 Open Streams: 3
 Open DIRs: 0
 Thread #1 @TT=62
  Function [Index=0]
   Allocas:
    0 =[1x4]
    1 =[1x4]
    2 =[1x8]
    3 =[1x4]
   Instruction values [Active=45]:
    0 = 
    1 = 
    2 = 
    3 = 
    12 = (int64_t)1, (uint64_t)1
    13 = (int64_t)1, (uint64_t)1
    14 = 
    15 = 
    16 = 
    17 = 
    18 = (int64_t)114, (uint64_t)114
    19 = (int64_t)-1, (uint64_t)1
    21 = (int64_t)1, (uint64_t)1
    22 = (int64_t)1, (uint64_t)1
    23 = 
    24 = 
    25 = 
    26 = 
    27 = (int64_t)114, (uint64_t)114
    28 = (int64_t)114, (uint64_t)114
    29 = (int64_t)512, (uint64_t)512
    30 = (int64_t)-1, (uint64_t)1
    32 = (int64_t)1, (uint64_t)1
    33 = (int64_t)1, (uint64_t)1
    34 = 
    35 = 
    36 = 
    37 = 
    38 = (int64_t)114, (uint64_t)114
    39 = (int64_t)114, (uint64_t)114
    40 = 
    41 = (int64_t)2, (uint64_t)2
    44 = (int64_t)1, (uint64_t)1
    45 = (int64_t)2, (uint64_t)2

Process @7
 Dynamic Allocations: 0
 Open Streams: 3
 Open DIRs: 0
 Thread #1 @TT=59
  Function [Index=0]
   Allocas:
    0 =[1x4]
    1 =[1x4]
    2 =[1x8]
    3 =[1x4]
   Instruction values [Active=40]:
    0 = 
    1 = 
    2 = 
    3 = 
    12 = (int64_t)1, (uint64_t)1
    13 = (int64_t)1, (uint64_t)1
    14 = 
    15 = 
    16 = 
    17 = 
    18 = (int64_t)114, (uint64_t)114
    19 = (int64_t)-1, (uint64_t)1
    21 = (int64_t)1, (uint64_t)1
    22 = (int64_t)1, (uint64_t)1
    23 = 
    24 = 
    25 = 
    26 = 
    27 = (int64_t)114, (uint64_t)114
    28 = (int64_t)114, (uint64_t)114
    29 = (int64_t)512, (uint64_t)512
    30 = (int64_t)-1, (uint64_t)1
    32 = (int64_t)1, (uint64_t)1
    33 = (int64_t)1, (uint64_t)1
    34 = 
    35 = 
    36 = 
    37 = 
    38 = (int64_t)114, (uint64_t)114
    39 = (int64_t)114, (uint64_t)114
    40 = 

Process @6
 Dynamic Allocations: 0
 Open Streams: 3
 Open DIRs: 0
 Thread #1 @TT=30
  Function [Index=0]
   Allocas:
    0 =[1x4]
    1 =[1x4]
    2 =[1x8]
    3 =[1x4]
   Instruction values [Active=45]:
    0 = 
    1 = 
    2 = 
    3 = 
    12 = (int64_t)0, (uint64_t)0
    13 = (int64_t)0, (uint64_t)0
    14 = 
    15 = 
    16 = 
    17 = 
    18 = (int64_t)65, (uint64_t)65
    19 = (int64_t)-1, (uint64_t)1
    21 = (int64_t)0, (uint64_t)0
    22 = (int64_t)0, (uint64_t)0
    23 = 
    24 = 
    25 = 
    26 = 
    27 = (int64_t)65, (uint64_t)65
    28 = (int64_t)65, (uint64_t)65
    29 = (int64_t)0, (uint64_t)0
    30 = (int64_t)0, (uint64_t)0
    44 = (int64_t)0, (uint64_t)0
    45 = (int64_t)1, (uint64_t)1

Process @5
 Dynamic Allocations: 0
 Open Streams: 3
 Open DIRs: 0
 Thread #1 @TT=8
  Function [Index=0]
   Allocas:
    0 =[1x4]
    1 =[1x4]
    2 =[1x8]
    3 =[1x4]
   Instruction values [Active=7]:
    0 = 
    1 = 
    2 = 
    3 = 

Process @4
 Dynamic Allocations: 0
 Open Streams: 3
 Open DIRs: 0
 Thread #1 @TT=7
  Function [Index=0]
   Allocas:
    0 =[1x4]
    1 =[1x4]
    2 =[1x8]
    3 =[1x4]
   Instruction values [Active=5]:
    0 = 
    1 = 
    2 = 
    3 = 

Process @3
 Dynamic Allocations: 0
 Open Streams: 3
 Open DIRs: 0
 Thread #1 @TT=6
  Function [Index=0]
   Allocas:
    0 =[1x4]
    1 =[1x4]
    2 =[1x8]
    3 =[1x4]
   Instruction values [Active=4]:
    0 = 
    1 = 
    2 = 
    3 = 

Process @2
 Dynamic Allocations: 0
 Open Streams: 3
 Open DIRs: 0
 Thread #1 @TT=5
  Function [Index=0]
   Allocas:
    0 =[1x4]
    1 =[1x4]
    2 =[1x8]
    3 =[1x4]
   Instruction values [Active=3]:
    0 = 
    1 = 
    2 = 
    3 = 

Process @0
 Dynamic Allocations: 0
 Open Streams: 3
 Open DIRs: 0
 Thread #1 @TT=0

