Recreating states:
Process @0
 Dynamic Allocations: 0
 Open Streams: 3
 Open DIRs: 0
 Thread #1 @TT=0

Process @2
 Dynamic Allocations: 0
 Open Streams: 3
 Open DIRs: 0
 Thread #1 @TT=1
  Function [Index=2]
   Allocas:
   Instruction values [Active=unassigned]:

Process @3
 Dynamic Allocations: 0
 Open Streams: 3
 Open DIRs: 0
 Thread #1 @TT=6
  Function [Index=2]
   Allocas:
    0 =[1x4]
    1 =[1x4]
    2 =[1x8]
    3 =[1x24]
   Instruction values [Active=4]:
    0 = 
    1 = 
    2 = 
    3 = 

Process @4
 Dynamic Allocations: 0
 Open Streams: 3
 Open DIRs: 0
 Thread #1 @TT=7
  Function [Index=2]
   Allocas:
    0 =[1x4]
    1 =[1x4]
    2 =[1x8]
    3 =[1x24]
   Instruction values [Active=5]:
    0 = 
    1 = 
    2 = 
    3 = 

Process @5
 Dynamic Allocations: 0
 Open Streams: 3
 Open DIRs: 0
 Thread #1 @TT=8
  Function [Index=2]
   Allocas:
    0 =[1x4]
    1 =[1x4]
    2 =[1x8]
    3 =[1x24]
   Instruction values [Active=7]:
    0 = 
    1 = 
    2 = 
    3 = 

Process @6
 Dynamic Allocations: 0
 Open Streams: 3
 Open DIRs: 0
 Thread #1 @TT=10
  Function [Index=2]
   Allocas:
    0 =[1x4]
    1 =[1x4]
    2 =[1x8]
    3 =[1x24]
   Instruction values [Active=11]:
    0 = 
    1 = 
    2 = 
    3 = 
    10 = 

Process @7
 Dynamic Allocations: 0
 Open Streams: 3
 Open DIRs: 0
 Thread #1 @TT=13
  Function [Index=2]
   Allocas:
    0 =[1x4]
    1 =[1x4]
    2 =[1x8]
    3 =[1x24]
   Instruction values [Active=13]:
    0 = 
    1 = 
    2 = 
    3 = 
    10 = 
    12 = 
    13 = 

Process @8
 Dynamic Allocations: 0
 Open Streams: 3
 Open DIRs: 0
 Thread #1 @TT=17
  Function [Index=2]
   Allocas:
    0 =[1x4]
    1 =[1x4]
    2 =[1x8]
    3 =[1x24]
   Instruction values [Active=13]:
    0 = 
    1 = 
    2 = 
    3 = 
    10 = 
    12 = 
    13 = 
  Function [Index=0]
   Allocas:
    0 =[1x8]
    1 =[1x8]
   Instruction values [Active=2]:
    0 = 
    1 = 

Process @9
 Dynamic Allocations: 0
 Open Streams: 3
 Open DIRs: 0
 Thread #1 @TT=18
  Function [Index=2]
   Allocas:
    0 =[1x4]
    1 =[1x4]
    2 =[1x8]
    3 =[1x24]
   Instruction values [Active=13]:
    0 = 
    1 = 
    2 = 
    3 = 
    10 = 
    12 = 
    13 = 
  Function [Index=0]
   Allocas:
    0 =[1x8]
    1 =[1x8]
   Instruction values [Active=4]:
    0 = 
    1 = 

Process @10
 Dynamic Allocations: 0
 Open Streams: 3
 Open DIRs: 0
 Thread #1 @TT=28
  Function [Index=2]
   Allocas:
    0 =[1x4]
    1 =[1x4]
    2 =[1x8]
    3 =[1x24]
   Instruction values [Active=13]:
    0 = 
    1 = 
    2 = 
    3 = 
    10 = 
    12 = 
    13 = 

Process @11
 Dynamic Allocations: 0
 Open Streams: 3
 Open DIRs: 0
 Thread #1 @TT=32
  Function [Index=2]
   Allocas:
    0 =[1x4]
    1 =[1x4]
    2 =[1x8]
    3 =[1x24]
   Instruction values [Active=13]:
    0 = 
    1 = 
    2 = 
    3 = 
    10 = 
    12 = 
    13 = 
  Function [Index=0]
   Allocas:
    0 =[1x8]
    1 =[1x8]
   Instruction values [Active=2]:
    0 = 
    1 = 

Process @12
 Dynamic Allocations: 0
 Open Streams: 3
 Open DIRs: 0
 Thread #1 @TT=33
  Function [Index=2]
   Allocas:
    0 =[1x4]
    1 =[1x4]
    2 =[1x8]
    3 =[1x24]
   Instruction values [Active=13]:
    0 = 
    1 = 
    2 = 
    3 = 
    10 = 
    12 = 
    13 = 
  Function [Index=0]
   Allocas:
    0 =[1x8]
    1 =[1x8]
   Instruction values [Active=4]:
    0 = 
    1 = 

Process @13
 Dynamic Allocations: 0
 Open Streams: 3
 Open DIRs: 0
 Thread #1 @TT=43
  Function [Index=2]
   Allocas:
    0 =[1x4]
    1 =[1x4]
    2 =[1x8]
    3 =[1x24]
   Instruction values [Active=13]:
    0 = 
    1 = 
    2 = 
    3 = 
    10 = 
    12 = 
    13 = 

Process @14
 Dynamic Allocations: 0
 Open Streams: 3
 Open DIRs: 0
 Thread #1 @TT=44
  Function [Index=2]
   Allocas:
    0 =[1x4]
    1 =[1x4]
    2 =[1x8]
    3 =[1x24]
   Instruction values [Active=13]:
    0 = 
    1 = 
    2 = 
    3 = 
    10 = 
    12 = 
    13 = 

Process @15
 Dynamic Allocations: 0
 Open Streams: 3
 Open DIRs: 0
 Thread #1 @TT=45
  Function [Index=2]
   Allocas:
    0 =[1x4]
    1 =[1x4]
    2 =[1x8]
    3 =[1x24]
   Instruction values [Active=13]:
    0 = 
    1 = 
    2 = 
    3 = 
    10 = 
    12 = 
    13 = 

Process @16
 Dynamic Allocations: 0
 Open Streams: 3
 Open DIRs: 0
 Thread #1 @TT=49
  Function [Index=2]
   Allocas:
    0 =[1x4]
    1 =[1x4]
    2 =[1x8]
    3 =[1x24]
   Instruction values [Active=13]:
    0 = 
    1 = 
    2 = 
    3 = 
    10 = 
    12 = 
    13 = 
  Function [Index=0]
   Allocas:
    0 =[1x8]
    1 =[1x8]
   Instruction values [Active=2]:
    0 = 
    1 = 

Process @17
 Dynamic Allocations: 0
 Open Streams: 3
 Open DIRs: 0
 Thread #1 @TT=50
  Function [Index=2]
   Allocas:
    0 =[1x4]
    1 =[1x4]
    2 =[1x8]
    3 =[1x24]
   Instruction values [Active=13]:
    0 = 
    1 = 
    2 = 
    3 = 
    10 = 
    12 = 
    13 = 
  Function [Index=0]
   Allocas:
    0 =[1x8]
    1 =[1x8]
   Instruction values [Active=4]:
    0 = 
    1 = 

Process @18
 Dynamic Allocations: 0
 Open Streams: 3
 Open DIRs: 0
 Thread #1 @TT=60
  Function [Index=2]
   Allocas:
    0 =[1x4]
    1 =[1x4]
    2 =[1x8]
    3 =[1x24]
   Instruction values [Active=13]:
    0 = 
    1 = 
    2 = 
    3 = 
    10 = 
    12 = 
    13 = 

Process @19
 Dynamic Allocations: 0
 Open Streams: 3
 Open DIRs: 0
 Thread #1 @TT=61

Process @18
 Dynamic Allocations: 0
 Open Streams: 3
 Open DIRs: 0
 Thread #1 @TT=60
  Function [Index=2]
   Allocas:
    0 =[1x4]
    1 =[1x4]
    2 =[1x8]
    3 =[1x24]
   Instruction values [Active=13]:
    0 = 
    1 = 
    2 = 
    3 = 
    10 = 
    12 = 
    13 = 

Process @17
 Dynamic Allocations: 0
 Open Streams: 3
 Open DIRs: 0
 Thread #1 @TT=59
  Function [Index=2]
   Allocas:
    0 =[1x4]
    1 =[1x4]
    2 =[1x8]
    3 =[1x24]
   Instruction values [Active=13]:
    0 = 
    1 = 
    2 = 
    3 = 
    10 = 
    12 = 
    13 = 
  Function [Index=0]
   Allocas:
    0 =[1x8]
    1 =[1x8]
   Instruction values [Active=14]:
    0 = 
    1 = 
    6 = 
    7 = 
    8 = 
    9 = (int64_t)5, (uint64_t)5
    10 = 
    11 = 
    12 = 
    13 = (int64_t)6, (uint64_t)6
    14 = (int64_t)-1, (uint64_t)4294967295

Process @16
 Dynamic Allocations: 0
 Open Streams: 3
 Open DIRs: 0
 Thread #1 @TT=49
  Function [Index=2]
   Allocas:
    0 =[1x4]
    1 =[1x4]
    2 =[1x8]
    3 =[1x24]
   Instruction values [Active=13]:
    0 = 
    1 = 
    2 = 
    3 = 
    10 = 
    12 = 
    13 = 
  Function [Index=0]
   Allocas:
    0 =[1x8]
    1 =[1x8]
   Instruction values [Active=2]:
    0 = 
    1 = 

Process @15
 Dynamic Allocations: 0
 Open Streams: 3
 Open DIRs: 0
 Thread #1 @TT=48
  Function [Index=2]
   Allocas:
    0 =[1x4]
    1 =[1x4]
    2 =[1x8]
    3 =[1x24]
   Instruction values [Active=13]:
    0 = 
    1 = 
    2 = 
    3 = 
    10 = 
    12 = 
    13 = 
  Function [Index=0]
   Allocas:
    0 =[1x8]
    1 =[1x8]
   Instruction values [Active=1]:
    0 = 
    1 = 

Process @14
 Dynamic Allocations: 0
 Open Streams: 3
 Open DIRs: 0
 Thread #1 @TT=44
  Function [Index=2]
   Allocas:
    0 =[1x4]
    1 =[1x4]
    2 =[1x8]
    3 =[1x24]
   Instruction values [Active=13]:
    0 = 
    1 = 
    2 = 
    3 = 
    10 = 
    12 = 
    13 = 

Process @13
 Dynamic Allocations: 0
 Open Streams: 3
 Open DIRs: 0
 Thread #1 @TT=43
  Function [Index=2]
   Allocas:
    0 =[1x4]
    1 =[1x4]
    2 =[1x8]
    3 =[1x24]
   Instruction values [Active=13]:
    0 = 
    1 = 
    2 = 
    3 = 
    10 = 
    12 = 
    13 = 

Process @12
 Dynamic Allocations: 0
 Open Streams: 3
 Open DIRs: 0
 Thread #1 @TT=42
  Function [Index=2]
   Allocas:
    0 =[1x4]
    1 =[1x4]
    2 =[1x8]
    3 =[1x24]
   Instruction values [Active=13]:
    0 = 
    1 = 
    2 = 
    3 = 
    10 = 
    12 = 
    13 = 
  Function [Index=0]
   Allocas:
    0 =[1x8]
    1 =[1x8]
   Instruction values [Active=14]:
    0 = 
    1 = 
    6 = 
    7 = 
    8 = 
    9 = (int64_t)6, (uint64_t)6
    10 = 
    11 = 
    12 = 
    13 = (int64_t)3, (uint64_t)3
    14 = (int64_t)3, (uint64_t)3

Process @11
 Dynamic Allocations: 0
 Open Streams: 3
 Open DIRs: 0
 Thread #1 @TT=32
  Function [Index=2]
   Allocas:
    0 =[1x4]
    1 =[1x4]
    2 =[1x8]
    3 =[1x24]
   Instruction values [Active=13]:
    0 = 
    1 = 
    2 = 
    3 = 
    10 = 
    12 = 
    13 = 
  Function [Index=0]
   Allocas:
    0 =[1x8]
    1 =[1x8]
   Instruction values [Active=2]:
    0 = 
    1 = 

Process @10
 Dynamic Allocations: 0
 Open Streams: 3
 Open DIRs: 0
 Thread #1 @TT=31
  Function [Index=2]
   Allocas:
    0 =[1x4]
    1 =[1x4]
    2 =[1x8]
    3 =[1x24]
   Instruction values [Active=13]:
    0 = 
    1 = 
    2 = 
    3 = 
    10 = 
    12 = 
    13 = 
  Function [Index=0]
   Allocas:
    0 =[1x8]
    1 =[1x8]
   Instruction values [Active=1]:
    0 = 
    1 = 

Process @9
 Dynamic Allocations: 0
 Open Streams: 3
 Open DIRs: 0
 Thread #1 @TT=27
  Function [Index=2]
   Allocas:
    0 =[1x4]
    1 =[1x4]
    2 =[1x8]
    3 =[1x24]
   Instruction values [Active=13]:
    0 = 
    1 = 
    2 = 
    3 = 
    10 = 
    12 = 
    13 = 
  Function [Index=0]
   Allocas:
    0 =[1x8]
    1 =[1x8]
   Instruction values [Active=14]:
    0 = 
    1 = 
    6 = 
    7 = 
    8 = 
    9 = (int64_t)5, (uint64_t)5
    10 = 
    11 = 
    12 = 
    13 = (int64_t)3, (uint64_t)3
    14 = (int64_t)2, (uint64_t)2

Process @8
 Dynamic Allocations: 0
 Open Streams: 3
 Open DIRs: 0
 Thread #1 @TT=17
  Function [Index=2]
   Allocas:
    0 =[1x4]
    1 =[1x4]
    2 =[1x8]
    3 =[1x24]
   Instruction values [Active=13]:
    0 = 
    1 = 
    2 = 
    3 = 
    10 = 
    12 = 
    13 = 
  Function [Index=0]
   Allocas:
    0 =[1x8]
    1 =[1x8]
   Instruction values [Active=2]:
    0 = 
    1 = 

Process @7
 Dynamic Allocations: 0
 Open Streams: 3
 Open DIRs: 0
 Thread #1 @TT=16
  Function [Index=2]
   Allocas:
    0 =[1x4]
    1 =[1x4]
    2 =[1x8]
    3 =[1x24]
   Instruction values [Active=13]:
    0 = 
    1 = 
    2 = 
    3 = 
    10 = 
    12 = 
    13 = 
  Function [Index=0]
   Allocas:
    0 =[1x8]
    1 =[1x8]
   Instruction values [Active=1]:
    0 = 
    1 = 

Process @6
 Dynamic Allocations: 0
 Open Streams: 3
 Open DIRs: 0
 Thread #1 @TT=12
  Function [Index=2]
   Allocas:
    0 =[1x4]
    1 =[1x4]
    2 =[1x8]
    3 =[1x24]
   Instruction values [Active=13]:
    0 = 
    1 = 
    2 = 
    3 = 
    10 = 
    12 = 
    13 = 

Process @5
 Dynamic Allocations: 0
 Open Streams: 3
 Open DIRs: 0
 Thread #1 @TT=9
  Function [Index=2]
   Allocas:
    0 =[1x4]
    1 =[1x4]
    2 =[1x8]
    3 =[1x24]
   Instruction values [Active=10]:
    0 = 
    1 = 
    2 = 
    3 = 
    10 = 

Process @4
 Dynamic Allocations: 0
 Open Streams: 3
 Open DIRs: 0
 Thread #1 @TT=7
  Function [Index=2]
   Allocas:
    0 =[1x4]
    1 =[1x4]
    2 =[1x8]
    3 =[1x24]
   Instruction values [Active=5]:
    0 = 
    1 = 
    2 = 
    3 = 

Process @3
 Dynamic Allocations: 0
 Open Streams: 3
 Open DIRs: 0
 Thread #1 @TT=6
  Function [Index=2]
   Allocas:
    0 =[1x4]
    1 =[1x4]
    2 =[1x8]
    3 =[1x24]
   Instruction values [Active=4]:
    0 = 
    1 = 
    2 = 
    3 = 

Process @2
 Dynamic Allocations: 0
 Open Streams: 3
 Open DIRs: 0
 Thread #1 @TT=5
  Function [Index=2]
   Allocas:
    0 =[1x4]
    1 =[1x4]
    2 =[1x8]
    3 =[1x24]
   Instruction values [Active=3]:
    0 = 
    1 = 
    2 = 
    3 = 

Process @0
 Dynamic Allocations: 0
 Open Streams: 3
 Open DIRs: 0
 Thread #1 @TT=0

