Recreating states:
Process @0
 Dynamic Allocations: 0
 Open Streams: 3
 Open DIRs: 0
 Thread #1 @TT=0

Process @2
 Dynamic Allocations: 0
 Open Streams: 3
 Open DIRs: 0
 Thread #1 @TT=1
  Function [Index=2]
   Allocas:
   Instruction values [Active=unassigned]:

Process @3
 Dynamic Allocations: 0
 Open Streams: 3
 Open DIRs: 0
 Thread #1 @TT=9
  Function [Index=2]
   Allocas:
    0 =[1x4]
    1 =[1x4]
    2 =[1x8]
    3 =[1x40]
    4 =[1x4]
    5 =[1x8]
    6 =[1x8]
   Instruction values [Active=7]:
    0 = 
    1 = 
    2 = 
    3 = 
    4 = 
    5 = 
    6 = 

Process @4
 Dynamic Allocations: 0
 Open Streams: 3
 Open DIRs: 0
 Thread #1 @TT=10
  Function [Index=2]
   Allocas:
    0 =[1x4]
    1 =[1x4]
    2 =[1x8]
    3 =[1x40]
    4 =[1x4]
    5 =[1x8]
    6 =[1x8]
   Instruction values [Active=8]:
    0 = 
    1 = 
    2 = 
    3 = 
    4 = 
    5 = 
    6 = 

Process @5
 Dynamic Allocations: 0
 Open Streams: 3
 Open DIRs: 0
 Thread #1 @TT=11
  Function [Index=2]
   Allocas:
    0 =[1x4]
    1 =[1x4]
    2 =[1x8]
    3 =[1x40]
    4 =[1x4]
    5 =[1x8]
    6 =[1x8]
   Instruction values [Active=10]:
    0 = 
    1 = 
    2 = 
    3 = 
    4 = 
    5 = 
    6 = 

Process @6
 Dynamic Allocations: 0
 Open Streams: 3
 Open DIRs: 0
 Thread #1 @TT=13
  Function [Index=2]
   Allocas:
    0 =[1x4]
    1 =[1x4]
    2 =[1x8]
    3 =[1x40]
    4 =[1x4]
    5 =[1x8]
    6 =[1x8]
   Instruction values [Active=14]:
    0 = 
    1 = 
    2 = 
    3 = 
    4 = 
    5 = 
    6 = 
    13 = 

Process @7
 Dynamic Allocations: 0
 Open Streams: 3
 Open DIRs: 0
 Thread #1 @TT=19
  Function [Index=2]
   Allocas:
    0 =[1x4]
    1 =[1x4]
    2 =[1x8]
    3 =[1x40]
    4 =[1x4]
    5 =[1x8]
    6 =[1x8]
   Instruction values [Active=20]:
    0 = 
    1 = 
    2 = 
    3 = 
    4 = 
    5 = 
    6 = 
    13 = 
    16 = 
    17 = 
    18 = 
    19 = (int64_t)2, (uint64_t)2

Process @8
 Dynamic Allocations: 0
 Open Streams: 3
 Open DIRs: 0
 Thread #1 @TT=22
  Function [Index=2]
   Allocas:
    0 =[1x4]
    1 =[1x4]
    2 =[1x8]
    3 =[1x40]
    4 =[1x4]
    5 =[1x8]
    6 =[1x8]
   Instruction values [Active=24]:
    0 = 
    1 = 
    2 = 
    3 = 
    4 = 
    5 = 
    6 = 
    13 = 
    16 = 
    17 = 
    18 = 
    19 = (int64_t)2, (uint64_t)2
    22 = 
    23 = (int64_t)2, (uint64_t)2

Process @9
 Dynamic Allocations: 0
 Open Streams: 3
 Open DIRs: 0
 Thread #1 @TT=24
  Function [Index=2]
   Allocas:
    0 =[1x4]
    1 =[1x4]
    2 =[1x8]
    3 =[1x40]
    4 =[1x4]
    5 =[1x8]
    6 =[1x8]
   Instruction values [Active=26]:
    0 = 
    1 = 
    2 = 
    3 = 
    4 = 
    5 = 
    6 = 
    13 = 
    16 = 
    17 = 
    18 = 
    19 = (int64_t)2, (uint64_t)2
    22 = 
    23 = (int64_t)2, (uint64_t)2
    25 = 

Process @8
 Dynamic Allocations: 0
 Open Streams: 3
 Open DIRs: 0
 Thread #1 @TT=23
  Function [Index=2]
   Allocas:
    0 =[1x4]
    1 =[1x4]
    2 =[1x8]
    3 =[1x40]
    4 =[1x4]
    5 =[1x8]
    6 =[1x8]
   Instruction values [Active=25]:
    0 = 
    1 = 
    2 = 
    3 = 
    4 = 
    5 = 
    6 = 
    13 = 
    16 = 
    17 = 
    18 = 
    19 = (int64_t)2, (uint64_t)2
    22 = 
    23 = (int64_t)2, (uint64_t)2
    25 = 

Process @7
 Dynamic Allocations: 0
 Open Streams: 3
 Open DIRs: 0
 Thread #1 @TT=21
  Function [Index=2]
   Allocas:
    0 =[1x4]
    1 =[1x4]
    2 =[1x8]
    3 =[1x40]
    4 =[1x4]
    5 =[1x8]
    6 =[1x8]
   Instruction values [Active=23]:
    0 = 
    1 = 
    2 = 
    3 = 
    4 = 
    5 = 
    6 = 
    13 = 
    16 = 
    17 = 
    18 = 
    19 = (int64_t)2, (uint64_t)2
    22 = 
    23 = (int64_t)2, (uint64_t)2

Process @6
 Dynamic Allocations: 0
 Open Streams: 3
 Open DIRs: 0
 Thread #1 @TT=18
  Function [Index=2]
   Allocas:
    0 =[1x4]
    1 =[1x4]
    2 =[1x8]
    3 =[1x40]
    4 =[1x4]
    5 =[1x8]
    6 =[1x8]
   Instruction values [Active=19]:
    0 = 
    1 = 
    2 = 
    3 = 
    4 = 
    5 = 
    6 = 
    13 = 
    16 = 
    17 = 
    18 = 
    19 = (int64_t)2, (uint64_t)2

Process @5
 Dynamic Allocations: 0
 Open Streams: 3
 Open DIRs: 0
 Thread #1 @TT=12
  Function [Index=2]
   Allocas:
    0 =[1x4]
    1 =[1x4]
    2 =[1x8]
    3 =[1x40]
    4 =[1x4]
    5 =[1x8]
    6 =[1x8]
   Instruction values [Active=13]:
    0 = 
    1 = 
    2 = 
    3 = 
    4 = 
    5 = 
    6 = 
    13 = 

Process @4
 Dynamic Allocations: 0
 Open Streams: 3
 Open DIRs: 0
 Thread #1 @TT=10
  Function [Index=2]
   Allocas:
    0 =[1x4]
    1 =[1x4]
    2 =[1x8]
    3 =[1x40]
    4 =[1x4]
    5 =[1x8]
    6 =[1x8]
   Instruction values [Active=8]:
    0 = 
    1 = 
    2 = 
    3 = 
    4 = 
    5 = 
    6 = 

Process @3
 Dynamic Allocations: 0
 Open Streams: 3
 Open DIRs: 0
 Thread #1 @TT=9
  Function [Index=2]
   Allocas:
    0 =[1x4]
    1 =[1x4]
    2 =[1x8]
    3 =[1x40]
    4 =[1x4]
    5 =[1x8]
    6 =[1x8]
   Instruction values [Active=7]:
    0 = 
    1 = 
    2 = 
    3 = 
    4 = 
    5 = 
    6 = 

Process @2
 Dynamic Allocations: 0
 Open Streams: 3
 Open DIRs: 0
 Thread #1 @TT=8
  Function [Index=2]
   Allocas:
    0 =[1x4]
    1 =[1x4]
    2 =[1x8]
    3 =[1x40]
    4 =[1x4]
    5 =[1x8]
    6 =[1x8]
   Instruction values [Active=6]:
    0 = 
    1 = 
    2 = 
    3 = 
    4 = 
    5 = 
    6 = 

Process @0
 Dynamic Allocations: 0
 Open Streams: 3
 Open DIRs: 0
 Thread #1 @TT=0

