Recreating states:
Process @0
 Dynamic Allocations: 0
 Open Streams: 3
 Open DIRs: 0
 Thread #1 @TT=0

Process @2
 Dynamic Allocations: 0
 Open Streams: 3
 Open DIRs: 0
 Thread #1 @TT=1
  Function [Index=2]
   Allocas:
   Instruction values [Active=unassigned]:

Process @3
 Dynamic Allocations: 0
 Open Streams: 3
 Open DIRs: 0
 Thread #1 @TT=9
  Function [Index=2]
   Allocas:
    0 =[4]
    1 =[4]
    2 =[8]
    3 =[40]
    4 =[4]
    5 =[8]
    6 =[8]
   Instruction values [Active=7]:
    0 = 
    1 = 
    2 = 
    3 = 
    4 = 
    5 = 
    6 = 

Process @4
 Dynamic Allocations: 0
 Open Streams: 3
 Open DIRs: 0
 Thread #1 @TT=10
  Function [Index=2]
   Allocas:
    0 =[4]
    1 =[4]
    2 =[8]
    3 =[40]
    4 =[4]
    5 =[8]
    6 =[8]
   Instruction values [Active=8]:
    0 = 
    1 = 
    2 = 
    3 = 
    4 = 
    5 = 
    6 = 

Process @5
 Dynamic Allocations: 0
 Open Streams: 3
 Open DIRs: 0
 Thread #1 @TT=11
  Function [Index=2]
   Allocas:
    0 =[4]
    1 =[4]
    2 =[8]
    3 =[40]
    4 =[4]
    5 =[8]
    6 =[8]
   Instruction values [Active=10]:
    0 = 
    1 = 
    2 = 
    3 = 
    4 = 
    5 = 
    6 = 

Process @6
 Dynamic Allocations: 0
 Open Streams: 3
 Open DIRs: 0
 Thread #1 @TT=13
  Function [Index=2]
   Allocas:
    0 =[4]
    1 =[4]
    2 =[8]
    3 =[40]
    4 =[4]
    5 =[8]
    6 =[8]
   Instruction values [Active=14]:
    0 = 
    1 = 
    2 = 
    3 = 
    4 = 
    5 = 
    6 = 
    13 = 

Process @5
 Dynamic Allocations: 0
 Open Streams: 3
 Open DIRs: 0
 Thread #1 @TT=12
  Function [Index=2]
   Allocas:
    0 =[4]
    1 =[4]
    2 =[8]
    3 =[40]
    4 =[4]
    5 =[8]
    6 =[8]
   Instruction values [Active=13]:
    0 = 
    1 = 
    2 = 
    3 = 
    4 = 
    5 = 
    6 = 
    13 = 

Process @4
 Dynamic Allocations: 0
 Open Streams: 3
 Open DIRs: 0
 Thread #1 @TT=10
  Function [Index=2]
   Allocas:
    0 =[4]
    1 =[4]
    2 =[8]
    3 =[40]
    4 =[4]
    5 =[8]
    6 =[8]
   Instruction values [Active=8]:
    0 = 
    1 = 
    2 = 
    3 = 
    4 = 
    5 = 
    6 = 

Process @3
 Dynamic Allocations: 0
 Open Streams: 3
 Open DIRs: 0
 Thread #1 @TT=9
  Function [Index=2]
   Allocas:
    0 =[4]
    1 =[4]
    2 =[8]
    3 =[40]
    4 =[4]
    5 =[8]
    6 =[8]
   Instruction values [Active=7]:
    0 = 
    1 = 
    2 = 
    3 = 
    4 = 
    5 = 
    6 = 

Process @2
 Dynamic Allocations: 0
 Open Streams: 3
 Open DIRs: 0
 Thread #1 @TT=8
  Function [Index=2]
   Allocas:
    0 =[4]
    1 =[4]
    2 =[8]
    3 =[40]
    4 =[4]
    5 =[8]
    6 =[8]
   Instruction values [Active=6]:
    0 = 
    1 = 
    2 = 
    3 = 
    4 = 
    5 = 
    6 = 

Process @0
 Dynamic Allocations: 0
 Open Streams: 3
 Open DIRs: 0
 Thread #1 @TT=0

