Recreating states:
Process @0
 Dynamic Allocations: 0
 Open Streams: 3
 Open DIRs: 0
 Thread #1 @TT=0

Process @2
 Dynamic Allocations: 0
 Open Streams: 3
 Open DIRs: 0
 Thread #1 @TT=1
  Function [Index=4]
   Allocas:
   Instruction values [Active=unassigned]:

Process @3
 Dynamic Allocations: 0
 Open Streams: 3
 Open DIRs: 0
 Thread #1 @TT=6
  Function [Index=4]
   Allocas:
    0 =[4]
    1 =[4]
    2 =[8]
    3 =[8]
   Instruction values [Active=4]:
    0 = 
    1 = 
    2 = 
    3 = 

Process @4
 Dynamic Allocations: 0
 Open Streams: 3
 Open DIRs: 0
 Thread #1 @TT=7
  Function [Index=4]
   Allocas:
    0 =[4]
    1 =[4]
    2 =[8]
    3 =[8]
   Instruction values [Active=5]:
    0 = 
    1 = 
    2 = 
    3 = 

Process @5
 Dynamic Allocations: 0
 Open Streams: 3
 Open DIRs: 0
 Thread #1 @TT=8
  Function [Index=4]
   Allocas:
    0 =[4]
    1 =[4]
    2 =[8]
    3 =[8]
   Instruction values [Active=7]:
    0 = 
    1 = 
    2 = 
    3 = 

Process @6
 Dynamic Allocations: 0
 Open Streams: 3
 Open DIRs: 0
 Thread #1 @TT=9
  Function [Index=4]
   Allocas:
    0 =[4]
    1 =[4]
    2 =[8]
    3 =[8]
   Instruction values [Active=10]:
    0 = 
    1 = 
    2 = 
    3 = 

Process @7
 Dynamic Allocations: 0
 Open Streams: 3
 Open DIRs: 0
 Thread #1 @TT=15
  Function [Index=4]
   Allocas:
    0 =[4]
    1 =[4]
    2 =[8]
    3 =[8]
   Instruction values [Active=12]:
    0 = 
    1 = 
    2 = 
    3 = 
    11 = 
  Function [Index=0]
   Allocas:
    0 =[8]
    1 =[8]
   Instruction values [Active=2]:
    0 = 
    1 = 

Process @8
 Dynamic Allocations: 0
 Open Streams: 3
 Open DIRs: 0
 Thread #1 @TT=16
  Function [Index=4]
   Allocas:
    0 =[4]
    1 =[4]
    2 =[8]
    3 =[8]
   Instruction values [Active=12]:
    0 = 
    1 = 
    2 = 
    3 = 
    11 = 
  Function [Index=0]
   Allocas:
    0 =[8]
    1 =[8]
   Instruction values [Active=4]:
    0 = 
    1 = 

Process @9
 Dynamic Allocations: 1
 Open Streams: 3
 Open DIRs: 0
 Thread #1 @TT=20
  Function [Index=4]
   Allocas:
    0 =[4]
    1 =[4]
    2 =[8]
    3 =[8]
   Instruction values [Active=12]:
    0 = 
    1 = 
    2 = 
    3 = 
    11 = 
  Function [Index=0]
   Allocas:
    0 =[8]
    1 =[8]
   Instruction values [Active=8]:
    0 = 
    1 = 
    6 = 
    7 = (int64_t)0, (uint64_t)0
    8 = 

Process @10
 Dynamic Allocations: 1
 Open Streams: 3
 Open DIRs: 0
 Thread #1 @TT=21
  Function [Index=4]
   Allocas:
    0 =[4]
    1 =[4]
    2 =[8]
    3 =[8]
   Instruction values [Active=12]:
    0 = 
    1 = 
    2 = 
    3 = 
    11 = 
  Function [Index=0]
   Allocas:
    0 =[8]
    1 =[8]
   Instruction values [Active=9]:
    0 = 
    1 = 
    6 = 
    7 = (int64_t)0, (uint64_t)0
    8 = 

Process @11
 Dynamic Allocations: 1
 Open Streams: 3
 Open DIRs: 0
 Thread #1 @TT=29
  Function [Index=4]
   Allocas:
    0 =[4]
    1 =[4]
    2 =[8]
    3 =[8]
   Instruction values [Active=12]:
    0 = 
    1 = 
    2 = 
    3 = 
    11 = 

Process @12
 Dynamic Allocations: 1
 Open Streams: 3
 Open DIRs: 0
 Thread #1 @TT=31
  Function [Index=4]
   Allocas:
    0 =[4]
    1 =[4]
    2 =[8]
    3 =[8]
   Instruction values [Active=13]:
    0 = 
    1 = 
    2 = 
    3 = 
    11 = 
    12 = 

Process @13
 Dynamic Allocations: 1
 Open Streams: 3
 Open DIRs: 0
 Thread #1 @TT=37
  Function [Index=4]
   Allocas:
    0 =[4]
    1 =[4]
    2 =[8]
    3 =[8]
   Instruction values [Active=15]:
    0 = 
    1 = 
    2 = 
    3 = 
    11 = 
    12 = 
    14 = 
  Function [Index=0]
   Allocas:
    0 =[8]
    1 =[8]
   Instruction values [Active=2]:
    0 = 
    1 = 

Process @14
 Dynamic Allocations: 1
 Open Streams: 3
 Open DIRs: 0
 Thread #1 @TT=38
  Function [Index=4]
   Allocas:
    0 =[4]
    1 =[4]
    2 =[8]
    3 =[8]
   Instruction values [Active=15]:
    0 = 
    1 = 
    2 = 
    3 = 
    11 = 
    12 = 
    14 = 
  Function [Index=0]
   Allocas:
    0 =[8]
    1 =[8]
   Instruction values [Active=4]:
    0 = 
    1 = 

Process @15
 Dynamic Allocations: 1
 Open Streams: 3
 Open DIRs: 0
 Thread #1 @TT=42
  Function [Index=4]
   Allocas:
    0 =[4]
    1 =[4]
    2 =[8]
    3 =[8]
   Instruction values [Active=15]:
    0 = 
    1 = 
    2 = 
    3 = 
    11 = 
    12 = 
    14 = 
  Function [Index=0]
   Allocas:
    0 =[8]
    1 =[8]
   Instruction values [Active=8]:
    0 = 
    1 = 
    6 = 
    7 = (int64_t)1, (uint64_t)1
    8 = 

Process @16
 Dynamic Allocations: 1
 Open Streams: 3
 Open DIRs: 0
 Thread #1 @TT=43
  Function [Index=4]
   Allocas:
    0 =[4]
    1 =[4]
    2 =[8]
    3 =[8]
   Instruction values [Active=15]:
    0 = 
    1 = 
    2 = 
    3 = 
    11 = 
    12 = 
    14 = 
  Function [Index=0]
   Allocas:
    0 =[8]
    1 =[8]
   Instruction values [Active=9]:
    0 = 
    1 = 
    6 = 
    7 = (int64_t)1, (uint64_t)1
    8 = 

Process @17
 Dynamic Allocations: 1
 Open Streams: 3
 Open DIRs: 0
 Thread #1 @TT=53
  Function [Index=4]
   Allocas:
    0 =[4]
    1 =[4]
    2 =[8]
    3 =[8]
   Instruction values [Active=15]:
    0 = 
    1 = 
    2 = 
    3 = 
    11 = 
    12 = 
    14 = 
  Function [Index=0]
   Allocas:
    0 =[8]
    1 =[8]
   Instruction values [Active=20]:
    0 = 
    1 = 
    6 = 
    7 = (int64_t)1, (uint64_t)1
    8 = 
    10 = 
    11 = (int64_t)-1, (uint64_t)1
    12 = (int64_t)1, (uint64_t)1
    14 = (int64_t)1, (uint64_t)1
    15 = (int64_t)-1, (uint64_t)1
    16 = (int64_t)1, (uint64_t)1
    18 = 
    19 = (int64_t)1, (uint64_t)1
    20 = 

Process @18
 Dynamic Allocations: 1
 Open Streams: 3
 Open DIRs: 0
 Thread #1 @TT=55
  Function [Index=4]
   Allocas:
    0 =[4]
    1 =[4]
    2 =[8]
    3 =[8]
   Instruction values [Active=15]:
    0 = 
    1 = 
    2 = 
    3 = 
    11 = 
    12 = 
    14 = 

Process @19
 Dynamic Allocations: 1
 Open Streams: 3
 Open DIRs: 0
 Thread #1 @TT=57
  Function [Index=4]
   Allocas:
    0 =[4]
    1 =[4]
    2 =[8]
    3 =[8]
   Instruction values [Active=16]:
    0 = 
    1 = 
    2 = 
    3 = 
    11 = 
    12 = 
    14 = 
    15 = 

Process @20
 Dynamic Allocations: 1
 Open Streams: 3
 Open DIRs: 0
 Thread #1 @TT=63
  Function [Index=4]
   Allocas:
    0 =[4]
    1 =[4]
    2 =[8]
    3 =[8]
   Instruction values [Active=18]:
    0 = 
    1 = 
    2 = 
    3 = 
    11 = 
    12 = 
    14 = 
    15 = 
    17 = 
  Function [Index=0]
   Allocas:
    0 =[8]
    1 =[8]
   Instruction values [Active=2]:
    0 = 
    1 = 

Process @21
 Dynamic Allocations: 1
 Open Streams: 3
 Open DIRs: 0
 Thread #1 @TT=64
  Function [Index=4]
   Allocas:
    0 =[4]
    1 =[4]
    2 =[8]
    3 =[8]
   Instruction values [Active=18]:
    0 = 
    1 = 
    2 = 
    3 = 
    11 = 
    12 = 
    14 = 
    15 = 
    17 = 
  Function [Index=0]
   Allocas:
    0 =[8]
    1 =[8]
   Instruction values [Active=4]:
    0 = 
    1 = 

Process @22
 Dynamic Allocations: 1
 Open Streams: 3
 Open DIRs: 0
 Thread #1 @TT=68
  Function [Index=4]
   Allocas:
    0 =[4]
    1 =[4]
    2 =[8]
    3 =[8]
   Instruction values [Active=18]:
    0 = 
    1 = 
    2 = 
    3 = 
    11 = 
    12 = 
    14 = 
    15 = 
    17 = 
  Function [Index=0]
   Allocas:
    0 =[8]
    1 =[8]
   Instruction values [Active=8]:
    0 = 
    1 = 
    6 = 
    7 = (int64_t)8, (uint64_t)8
    8 = 

Process @23
 Dynamic Allocations: 1
 Open Streams: 3
 Open DIRs: 0
 Thread #1 @TT=69
  Function [Index=4]
   Allocas:
    0 =[4]
    1 =[4]
    2 =[8]
    3 =[8]
   Instruction values [Active=18]:
    0 = 
    1 = 
    2 = 
    3 = 
    11 = 
    12 = 
    14 = 
    15 = 
    17 = 
  Function [Index=0]
   Allocas:
    0 =[8]
    1 =[8]
   Instruction values [Active=9]:
    0 = 
    1 = 
    6 = 
    7 = (int64_t)8, (uint64_t)8
    8 = 

Process @24
 Dynamic Allocations: 1
 Open Streams: 3
 Open DIRs: 0
 Thread #1 @TT=79
  Function [Index=4]
   Allocas:
    0 =[4]
    1 =[4]
    2 =[8]
    3 =[8]
   Instruction values [Active=18]:
    0 = 
    1 = 
    2 = 
    3 = 
    11 = 
    12 = 
    14 = 
    15 = 
    17 = 
  Function [Index=0]
   Allocas:
    0 =[8]
    1 =[8]
   Instruction values [Active=20]:
    0 = 
    1 = 
    6 = 
    7 = (int64_t)8, (uint64_t)8
    8 = 
    10 = 
    11 = (int64_t)-1, (uint64_t)1
    12 = (int64_t)1, (uint64_t)1
    14 = (int64_t)8, (uint64_t)8
    15 = (int64_t)-1, (uint64_t)1
    16 = (int64_t)1, (uint64_t)1
    18 = 
    19 = (int64_t)8, (uint64_t)8
    20 = 

Process @25
 Dynamic Allocations: 1
 Open Streams: 3
 Open DIRs: 0
 Thread #1 @TT=81
  Function [Index=4]
   Allocas:
    0 =[4]
    1 =[4]
    2 =[8]
    3 =[8]
   Instruction values [Active=18]:
    0 = 
    1 = 
    2 = 
    3 = 
    11 = 
    12 = 
    14 = 
    15 = 
    17 = 

Process @26
 Dynamic Allocations: 1
 Open Streams: 3
 Open DIRs: 0
 Thread #1 @TT=83
  Function [Index=4]
   Allocas:
    0 =[4]
    1 =[4]
    2 =[8]
    3 =[8]
   Instruction values [Active=19]:
    0 = 
    1 = 
    2 = 
    3 = 
    11 = 
    12 = 
    14 = 
    15 = 
    17 = 
    18 = 

Process @27
 Dynamic Allocations: 1
 Open Streams: 3
 Open DIRs: 0
 Thread #1 @TT=89
  Function [Index=4]
   Allocas:
    0 =[4]
    1 =[4]
    2 =[8]
    3 =[8]
   Instruction values [Active=21]:
    0 = 
    1 = 
    2 = 
    3 = 
    11 = 
    12 = 
    14 = 
    15 = 
    17 = 
    18 = 
    20 = 
  Function [Index=0]
   Allocas:
    0 =[8]
    1 =[8]
   Instruction values [Active=2]:
    0 = 
    1 = 

Process @28
 Dynamic Allocations: 1
 Open Streams: 3
 Open DIRs: 0
 Thread #1 @TT=90
  Function [Index=4]
   Allocas:
    0 =[4]
    1 =[4]
    2 =[8]
    3 =[8]
   Instruction values [Active=21]:
    0 = 
    1 = 
    2 = 
    3 = 
    11 = 
    12 = 
    14 = 
    15 = 
    17 = 
    18 = 
    20 = 
  Function [Index=0]
   Allocas:
    0 =[8]
    1 =[8]
   Instruction values [Active=4]:
    0 = 
    1 = 

Process @29
 Dynamic Allocations: 1
 Open Streams: 3
 Open DIRs: 0
 Thread #1 @TT=94
  Function [Index=4]
   Allocas:
    0 =[4]
    1 =[4]
    2 =[8]
    3 =[8]
   Instruction values [Active=21]:
    0 = 
    1 = 
    2 = 
    3 = 
    11 = 
    12 = 
    14 = 
    15 = 
    17 = 
    18 = 
    20 = 
  Function [Index=0]
   Allocas:
    0 =[8]
    1 =[8]
   Instruction values [Active=8]:
    0 = 
    1 = 
    6 = 
    7 = (int64_t)128, (uint64_t)128
    8 = 

Process @30
 Dynamic Allocations: 1
 Open Streams: 3
 Open DIRs: 0
 Thread #1 @TT=95
  Function [Index=4]
   Allocas:
    0 =[4]
    1 =[4]
    2 =[8]
    3 =[8]
   Instruction values [Active=21]:
    0 = 
    1 = 
    2 = 
    3 = 
    11 = 
    12 = 
    14 = 
    15 = 
    17 = 
    18 = 
    20 = 
  Function [Index=0]
   Allocas:
    0 =[8]
    1 =[8]
   Instruction values [Active=9]:
    0 = 
    1 = 
    6 = 
    7 = (int64_t)128, (uint64_t)128
    8 = 

Process @31
 Dynamic Allocations: 1
 Open Streams: 3
 Open DIRs: 0
 Thread #1 @TT=105
  Function [Index=4]
   Allocas:
    0 =[4]
    1 =[4]
    2 =[8]
    3 =[8]
   Instruction values [Active=21]:
    0 = 
    1 = 
    2 = 
    3 = 
    11 = 
    12 = 
    14 = 
    15 = 
    17 = 
    18 = 
    20 = 
  Function [Index=0]
   Allocas:
    0 =[8]
    1 =[8]
   Instruction values [Active=20]:
    0 = 
    1 = 
    6 = 
    7 = (int64_t)128, (uint64_t)128
    8 = 
    10 = 
    11 = (int64_t)-1, (uint64_t)1
    12 = (int64_t)1, (uint64_t)1
    14 = (int64_t)128, (uint64_t)128
    15 = (int64_t)-1, (uint64_t)1
    16 = (int64_t)1, (uint64_t)1
    18 = 
    19 = (int64_t)128, (uint64_t)128
    20 = 

Process @32
 Dynamic Allocations: 1
 Open Streams: 3
 Open DIRs: 0
 Thread #1 @TT=107
  Function [Index=4]
   Allocas:
    0 =[4]
    1 =[4]
    2 =[8]
    3 =[8]
   Instruction values [Active=21]:
    0 = 
    1 = 
    2 = 
    3 = 
    11 = 
    12 = 
    14 = 
    15 = 
    17 = 
    18 = 
    20 = 

Process @33
 Dynamic Allocations: 1
 Open Streams: 3
 Open DIRs: 0
 Thread #1 @TT=109
  Function [Index=4]
   Allocas:
    0 =[4]
    1 =[4]
    2 =[8]
    3 =[8]
   Instruction values [Active=22]:
    0 = 
    1 = 
    2 = 
    3 = 
    11 = 
    12 = 
    14 = 
    15 = 
    17 = 
    18 = 
    20 = 
    21 = 

Process @34
 Dynamic Allocations: 1
 Open Streams: 3
 Open DIRs: 0
 Thread #1 @TT=115
  Function [Index=4]
   Allocas:
    0 =[4]
    1 =[4]
    2 =[8]
    3 =[8]
   Instruction values [Active=24]:
    0 = 
    1 = 
    2 = 
    3 = 
    11 = 
    12 = 
    14 = 
    15 = 
    17 = 
    18 = 
    20 = 
    21 = 
    23 = 
  Function [Index=0]
   Allocas:
    0 =[8]
    1 =[8]
   Instruction values [Active=2]:
    0 = 
    1 = 

Process @35
 Dynamic Allocations: 1
 Open Streams: 3
 Open DIRs: 0
 Thread #1 @TT=116
  Function [Index=4]
   Allocas:
    0 =[4]
    1 =[4]
    2 =[8]
    3 =[8]
   Instruction values [Active=24]:
    0 = 
    1 = 
    2 = 
    3 = 
    11 = 
    12 = 
    14 = 
    15 = 
    17 = 
    18 = 
    20 = 
    21 = 
    23 = 
  Function [Index=0]
   Allocas:
    0 =[8]
    1 =[8]
   Instruction values [Active=4]:
    0 = 
    1 = 

Process @36
 Dynamic Allocations: 1
 Open Streams: 3
 Open DIRs: 0
 Thread #1 @TT=120
  Function [Index=4]
   Allocas:
    0 =[4]
    1 =[4]
    2 =[8]
    3 =[8]
   Instruction values [Active=24]:
    0 = 
    1 = 
    2 = 
    3 = 
    11 = 
    12 = 
    14 = 
    15 = 
    17 = 
    18 = 
    20 = 
    21 = 
    23 = 
  Function [Index=0]
   Allocas:
    0 =[8]
    1 =[8]
   Instruction values [Active=8]:
    0 = 
    1 = 
    6 = 
    7 = (int64_t)1024, (uint64_t)1024
    8 = 

Process @37
 Dynamic Allocations: 1
 Open Streams: 3
 Open DIRs: 0
 Thread #1 @TT=121
  Function [Index=4]
   Allocas:
    0 =[4]
    1 =[4]
    2 =[8]
    3 =[8]
   Instruction values [Active=24]:
    0 = 
    1 = 
    2 = 
    3 = 
    11 = 
    12 = 
    14 = 
    15 = 
    17 = 
    18 = 
    20 = 
    21 = 
    23 = 
  Function [Index=0]
   Allocas:
    0 =[8]
    1 =[8]
   Instruction values [Active=9]:
    0 = 
    1 = 
    6 = 
    7 = (int64_t)1024, (uint64_t)1024
    8 = 

Process @38
 Dynamic Allocations: 1
 Open Streams: 3
 Open DIRs: 0
 Thread #1 @TT=131
  Function [Index=4]
   Allocas:
    0 =[4]
    1 =[4]
    2 =[8]
    3 =[8]
   Instruction values [Active=24]:
    0 = 
    1 = 
    2 = 
    3 = 
    11 = 
    12 = 
    14 = 
    15 = 
    17 = 
    18 = 
    20 = 
    21 = 
    23 = 
  Function [Index=0]
   Allocas:
    0 =[8]
    1 =[8]
   Instruction values [Active=20]:
    0 = 
    1 = 
    6 = 
    7 = (int64_t)1024, (uint64_t)1024
    8 = 
    10 = 
    11 = (int64_t)-1, (uint64_t)1
    12 = (int64_t)1, (uint64_t)1
    14 = (int64_t)1024, (uint64_t)1024
    15 = (int64_t)-1, (uint64_t)1
    16 = (int64_t)1, (uint64_t)1
    18 = 
    19 = (int64_t)1024, (uint64_t)1024
    20 = 

Process @39
 Dynamic Allocations: 1
 Open Streams: 3
 Open DIRs: 0
 Thread #1 @TT=133
  Function [Index=4]
   Allocas:
    0 =[4]
    1 =[4]
    2 =[8]
    3 =[8]
   Instruction values [Active=24]:
    0 = 
    1 = 
    2 = 
    3 = 
    11 = 
    12 = 
    14 = 
    15 = 
    17 = 
    18 = 
    20 = 
    21 = 
    23 = 

Process @40
 Dynamic Allocations: 1
 Open Streams: 3
 Open DIRs: 0
 Thread #1 @TT=135
  Function [Index=4]
   Allocas:
    0 =[4]
    1 =[4]
    2 =[8]
    3 =[8]
   Instruction values [Active=25]:
    0 = 
    1 = 
    2 = 
    3 = 
    11 = 
    12 = 
    14 = 
    15 = 
    17 = 
    18 = 
    20 = 
    21 = 
    23 = 
    24 = 

Process @41
 Dynamic Allocations: 1
 Open Streams: 3
 Open DIRs: 0
 Thread #1 @TT=141
  Function [Index=4]
   Allocas:
    0 =[4]
    1 =[4]
    2 =[8]
    3 =[8]
   Instruction values [Active=27]:
    0 = 
    1 = 
    2 = 
    3 = 
    11 = 
    12 = 
    14 = 
    15 = 
    17 = 
    18 = 
    20 = 
    21 = 
    23 = 
    24 = 
    26 = 
  Function [Index=0]
   Allocas:
    0 =[8]
    1 =[8]
   Instruction values [Active=2]:
    0 = 
    1 = 

Process @42
 Dynamic Allocations: 1
 Open Streams: 3
 Open DIRs: 0
 Thread #1 @TT=142
  Function [Index=4]
   Allocas:
    0 =[4]
    1 =[4]
    2 =[8]
    3 =[8]
   Instruction values [Active=27]:
    0 = 
    1 = 
    2 = 
    3 = 
    11 = 
    12 = 
    14 = 
    15 = 
    17 = 
    18 = 
    20 = 
    21 = 
    23 = 
    24 = 
    26 = 
  Function [Index=0]
   Allocas:
    0 =[8]
    1 =[8]
   Instruction values [Active=4]:
    0 = 
    1 = 

Process @43
 Dynamic Allocations: 1
 Open Streams: 3
 Open DIRs: 0
 Thread #1 @TT=146
  Function [Index=4]
   Allocas:
    0 =[4]
    1 =[4]
    2 =[8]
    3 =[8]
   Instruction values [Active=27]:
    0 = 
    1 = 
    2 = 
    3 = 
    11 = 
    12 = 
    14 = 
    15 = 
    17 = 
    18 = 
    20 = 
    21 = 
    23 = 
    24 = 
    26 = 
  Function [Index=0]
   Allocas:
    0 =[8]
    1 =[8]
   Instruction values [Active=8]:
    0 = 
    1 = 
    6 = 
    7 = (int64_t)16384, (uint64_t)16384
    8 = 

Process @44
 Dynamic Allocations: 1
 Open Streams: 3
 Open DIRs: 0
 Thread #1 @TT=147
  Function [Index=4]
   Allocas:
    0 =[4]
    1 =[4]
    2 =[8]
    3 =[8]
   Instruction values [Active=27]:
    0 = 
    1 = 
    2 = 
    3 = 
    11 = 
    12 = 
    14 = 
    15 = 
    17 = 
    18 = 
    20 = 
    21 = 
    23 = 
    24 = 
    26 = 
  Function [Index=0]
   Allocas:
    0 =[8]
    1 =[8]
   Instruction values [Active=9]:
    0 = 
    1 = 
    6 = 
    7 = (int64_t)16384, (uint64_t)16384
    8 = 

Process @45
 Dynamic Allocations: 1
 Open Streams: 3
 Open DIRs: 0
 Thread #1 @TT=157
  Function [Index=4]
   Allocas:
    0 =[4]
    1 =[4]
    2 =[8]
    3 =[8]
   Instruction values [Active=27]:
    0 = 
    1 = 
    2 = 
    3 = 
    11 = 
    12 = 
    14 = 
    15 = 
    17 = 
    18 = 
    20 = 
    21 = 
    23 = 
    24 = 
    26 = 
  Function [Index=0]
   Allocas:
    0 =[8]
    1 =[8]
   Instruction values [Active=20]:
    0 = 
    1 = 
    6 = 
    7 = (int64_t)16384, (uint64_t)16384
    8 = 
    10 = 
    11 = (int64_t)-1, (uint64_t)1
    12 = (int64_t)1, (uint64_t)1
    14 = (int64_t)16384, (uint64_t)16384
    15 = (int64_t)-1, (uint64_t)1
    16 = (int64_t)1, (uint64_t)1
    18 = 
    19 = (int64_t)16384, (uint64_t)16384
    20 = 

Process @46
 Dynamic Allocations: 1
 Open Streams: 3
 Open DIRs: 0
 Thread #1 @TT=159
  Function [Index=4]
   Allocas:
    0 =[4]
    1 =[4]
    2 =[8]
    3 =[8]
   Instruction values [Active=27]:
    0 = 
    1 = 
    2 = 
    3 = 
    11 = 
    12 = 
    14 = 
    15 = 
    17 = 
    18 = 
    20 = 
    21 = 
    23 = 
    24 = 
    26 = 

Process @47
 Dynamic Allocations: 1
 Open Streams: 3
 Open DIRs: 0
 Thread #1 @TT=161
  Function [Index=4]
   Allocas:
    0 =[4]
    1 =[4]
    2 =[8]
    3 =[8]
   Instruction values [Active=28]:
    0 = 
    1 = 
    2 = 
    3 = 
    11 = 
    12 = 
    14 = 
    15 = 
    17 = 
    18 = 
    20 = 
    21 = 
    23 = 
    24 = 
    26 = 
    27 = 

Process @48
 Dynamic Allocations: 1
 Open Streams: 3
 Open DIRs: 0
 Thread #1 @TT=167
  Function [Index=4]
   Allocas:
    0 =[4]
    1 =[4]
    2 =[8]
    3 =[8]
   Instruction values [Active=30]:
    0 = 
    1 = 
    2 = 
    3 = 
    11 = 
    12 = 
    14 = 
    15 = 
    17 = 
    18 = 
    20 = 
    21 = 
    23 = 
    24 = 
    26 = 
    27 = 
    29 = 
  Function [Index=0]
   Allocas:
    0 =[8]
    1 =[8]
   Instruction values [Active=2]:
    0 = 
    1 = 

Process @49
 Dynamic Allocations: 1
 Open Streams: 3
 Open DIRs: 0
 Thread #1 @TT=168
  Function [Index=4]
   Allocas:
    0 =[4]
    1 =[4]
    2 =[8]
    3 =[8]
   Instruction values [Active=30]:
    0 = 
    1 = 
    2 = 
    3 = 
    11 = 
    12 = 
    14 = 
    15 = 
    17 = 
    18 = 
    20 = 
    21 = 
    23 = 
    24 = 
    26 = 
    27 = 
    29 = 
  Function [Index=0]
   Allocas:
    0 =[8]
    1 =[8]
   Instruction values [Active=4]:
    0 = 
    1 = 

Process @50
 Dynamic Allocations: 1
 Open Streams: 3
 Open DIRs: 0
 Thread #1 @TT=172
  Function [Index=4]
   Allocas:
    0 =[4]
    1 =[4]
    2 =[8]
    3 =[8]
   Instruction values [Active=30]:
    0 = 
    1 = 
    2 = 
    3 = 
    11 = 
    12 = 
    14 = 
    15 = 
    17 = 
    18 = 
    20 = 
    21 = 
    23 = 
    24 = 
    26 = 
    27 = 
    29 = 
  Function [Index=0]
   Allocas:
    0 =[8]
    1 =[8]
   Instruction values [Active=8]:
    0 = 
    1 = 
    6 = 
    7 = (int64_t)8, (uint64_t)8
    8 = 

Process @51
 Dynamic Allocations: 1
 Open Streams: 3
 Open DIRs: 0
 Thread #1 @TT=173
  Function [Index=4]
   Allocas:
    0 =[4]
    1 =[4]
    2 =[8]
    3 =[8]
   Instruction values [Active=30]:
    0 = 
    1 = 
    2 = 
    3 = 
    11 = 
    12 = 
    14 = 
    15 = 
    17 = 
    18 = 
    20 = 
    21 = 
    23 = 
    24 = 
    26 = 
    27 = 
    29 = 
  Function [Index=0]
   Allocas:
    0 =[8]
    1 =[8]
   Instruction values [Active=9]:
    0 = 
    1 = 
    6 = 
    7 = (int64_t)8, (uint64_t)8
    8 = 

Process @52
 Dynamic Allocations: 1
 Open Streams: 3
 Open DIRs: 0
 Thread #1 @TT=183
  Function [Index=4]
   Allocas:
    0 =[4]
    1 =[4]
    2 =[8]
    3 =[8]
   Instruction values [Active=30]:
    0 = 
    1 = 
    2 = 
    3 = 
    11 = 
    12 = 
    14 = 
    15 = 
    17 = 
    18 = 
    20 = 
    21 = 
    23 = 
    24 = 
    26 = 
    27 = 
    29 = 
  Function [Index=0]
   Allocas:
    0 =[8]
    1 =[8]
   Instruction values [Active=20]:
    0 = 
    1 = 
    6 = 
    7 = (int64_t)8, (uint64_t)8
    8 = 
    10 = 
    11 = (int64_t)-1, (uint64_t)1
    12 = (int64_t)1, (uint64_t)1
    14 = (int64_t)8, (uint64_t)8
    15 = (int64_t)-1, (uint64_t)1
    16 = (int64_t)1, (uint64_t)1
    18 = 
    19 = (int64_t)8, (uint64_t)8
    20 = 

Process @53
 Dynamic Allocations: 1
 Open Streams: 3
 Open DIRs: 0
 Thread #1 @TT=185
  Function [Index=4]
   Allocas:
    0 =[4]
    1 =[4]
    2 =[8]
    3 =[8]
   Instruction values [Active=30]:
    0 = 
    1 = 
    2 = 
    3 = 
    11 = 
    12 = 
    14 = 
    15 = 
    17 = 
    18 = 
    20 = 
    21 = 
    23 = 
    24 = 
    26 = 
    27 = 
    29 = 

Process @54
 Dynamic Allocations: 1
 Open Streams: 3
 Open DIRs: 0
 Thread #1 @TT=187
  Function [Index=4]
   Allocas:
    0 =[4]
    1 =[4]
    2 =[8]
    3 =[8]
   Instruction values [Active=31]:
    0 = 
    1 = 
    2 = 
    3 = 
    11 = 
    12 = 
    14 = 
    15 = 
    17 = 
    18 = 
    20 = 
    21 = 
    23 = 
    24 = 
    26 = 
    27 = 
    29 = 
    30 = 

Process @53
 Dynamic Allocations: 1
 Open Streams: 3
 Open DIRs: 0
 Thread #1 @TT=186
  Function [Index=4]
   Allocas:
    0 =[4]
    1 =[4]
    2 =[8]
    3 =[8]
   Instruction values [Active=30]:
    0 = 
    1 = 
    2 = 
    3 = 
    11 = 
    12 = 
    14 = 
    15 = 
    17 = 
    18 = 
    20 = 
    21 = 
    23 = 
    24 = 
    26 = 
    27 = 
    29 = 
    30 = 

Process @52
 Dynamic Allocations: 1
 Open Streams: 3
 Open DIRs: 0
 Thread #1 @TT=184
  Function [Index=4]
   Allocas:
    0 =[4]
    1 =[4]
    2 =[8]
    3 =[8]
   Instruction values [Active=30]:
    0 = 
    1 = 
    2 = 
    3 = 
    11 = 
    12 = 
    14 = 
    15 = 
    17 = 
    18 = 
    20 = 
    21 = 
    23 = 
    24 = 
    26 = 
    27 = 
    29 = 
  Function [Index=0]
   Allocas:
    0 =[8]
    1 =[8]
   Instruction values [Active=22]:
    0 = 
    1 = 
    6 = 
    7 = (int64_t)8, (uint64_t)8
    8 = 
    10 = 
    11 = (int64_t)-1, (uint64_t)1
    12 = (int64_t)1, (uint64_t)1
    14 = (int64_t)8, (uint64_t)8
    15 = (int64_t)-1, (uint64_t)1
    16 = (int64_t)1, (uint64_t)1
    18 = 
    19 = (int64_t)8, (uint64_t)8
    20 = 
    22 = 

Process @51
 Dynamic Allocations: 1
 Open Streams: 3
 Open DIRs: 0
 Thread #1 @TT=182
  Function [Index=4]
   Allocas:
    0 =[4]
    1 =[4]
    2 =[8]
    3 =[8]
   Instruction values [Active=30]:
    0 = 
    1 = 
    2 = 
    3 = 
    11 = 
    12 = 
    14 = 
    15 = 
    17 = 
    18 = 
    20 = 
    21 = 
    23 = 
    24 = 
    26 = 
    27 = 
    29 = 
  Function [Index=0]
   Allocas:
    0 =[8]
    1 =[8]
   Instruction values [Active=20]:
    0 = 
    1 = 
    6 = 
    7 = (int64_t)8, (uint64_t)8
    8 = 
    10 = 
    11 = (int64_t)-1, (uint64_t)1
    12 = (int64_t)1, (uint64_t)1
    14 = (int64_t)8, (uint64_t)8
    15 = (int64_t)-1, (uint64_t)1
    16 = (int64_t)1, (uint64_t)1
    18 = 
    19 = (int64_t)8, (uint64_t)8

Process @50
 Dynamic Allocations: 1
 Open Streams: 3
 Open DIRs: 0
 Thread #1 @TT=172
  Function [Index=4]
   Allocas:
    0 =[4]
    1 =[4]
    2 =[8]
    3 =[8]
   Instruction values [Active=30]:
    0 = 
    1 = 
    2 = 
    3 = 
    11 = 
    12 = 
    14 = 
    15 = 
    17 = 
    18 = 
    20 = 
    21 = 
    23 = 
    24 = 
    26 = 
    27 = 
    29 = 
  Function [Index=0]
   Allocas:
    0 =[8]
    1 =[8]
   Instruction values [Active=8]:
    0 = 
    1 = 
    6 = 
    7 = (int64_t)8, (uint64_t)8
    8 = 

Process @49
 Dynamic Allocations: 1
 Open Streams: 3
 Open DIRs: 0
 Thread #1 @TT=171
  Function [Index=4]
   Allocas:
    0 =[4]
    1 =[4]
    2 =[8]
    3 =[8]
   Instruction values [Active=30]:
    0 = 
    1 = 
    2 = 
    3 = 
    11 = 
    12 = 
    14 = 
    15 = 
    17 = 
    18 = 
    20 = 
    21 = 
    23 = 
    24 = 
    26 = 
    27 = 
    29 = 
  Function [Index=0]
   Allocas:
    0 =[8]
    1 =[8]
   Instruction values [Active=8]:
    0 = 
    1 = 
    6 = 
    7 = (int64_t)8, (uint64_t)8

Process @48
 Dynamic Allocations: 1
 Open Streams: 3
 Open DIRs: 0
 Thread #1 @TT=167
  Function [Index=4]
   Allocas:
    0 =[4]
    1 =[4]
    2 =[8]
    3 =[8]
   Instruction values [Active=30]:
    0 = 
    1 = 
    2 = 
    3 = 
    11 = 
    12 = 
    14 = 
    15 = 
    17 = 
    18 = 
    20 = 
    21 = 
    23 = 
    24 = 
    26 = 
    27 = 
    29 = 
  Function [Index=0]
   Allocas:
    0 =[8]
    1 =[8]
   Instruction values [Active=2]:
    0 = 
    1 = 

Process @47
 Dynamic Allocations: 1
 Open Streams: 3
 Open DIRs: 0
 Thread #1 @TT=166
  Function [Index=4]
   Allocas:
    0 =[4]
    1 =[4]
    2 =[8]
    3 =[8]
   Instruction values [Active=30]:
    0 = 
    1 = 
    2 = 
    3 = 
    11 = 
    12 = 
    14 = 
    15 = 
    17 = 
    18 = 
    20 = 
    21 = 
    23 = 
    24 = 
    26 = 
    27 = 
    29 = 
  Function [Index=0]
   Allocas:
    0 =[8]
    1 =[8]
   Instruction values [Active=1]:
    0 = 
    1 = 

Process @46
 Dynamic Allocations: 1
 Open Streams: 3
 Open DIRs: 0
 Thread #1 @TT=160
  Function [Index=4]
   Allocas:
    0 =[4]
    1 =[4]
    2 =[8]
    3 =[8]
   Instruction values [Active=27]:
    0 = 
    1 = 
    2 = 
    3 = 
    11 = 
    12 = 
    14 = 
    15 = 
    17 = 
    18 = 
    20 = 
    21 = 
    23 = 
    24 = 
    26 = 
    27 = 

Process @45
 Dynamic Allocations: 1
 Open Streams: 3
 Open DIRs: 0
 Thread #1 @TT=158
  Function [Index=4]
   Allocas:
    0 =[4]
    1 =[4]
    2 =[8]
    3 =[8]
   Instruction values [Active=27]:
    0 = 
    1 = 
    2 = 
    3 = 
    11 = 
    12 = 
    14 = 
    15 = 
    17 = 
    18 = 
    20 = 
    21 = 
    23 = 
    24 = 
    26 = 
  Function [Index=0]
   Allocas:
    0 =[8]
    1 =[8]
   Instruction values [Active=22]:
    0 = 
    1 = 
    6 = 
    7 = (int64_t)16384, (uint64_t)16384
    8 = 
    10 = 
    11 = (int64_t)-1, (uint64_t)1
    12 = (int64_t)1, (uint64_t)1
    14 = (int64_t)16384, (uint64_t)16384
    15 = (int64_t)-1, (uint64_t)1
    16 = (int64_t)1, (uint64_t)1
    18 = 
    19 = (int64_t)16384, (uint64_t)16384
    20 = 
    22 = 

Process @44
 Dynamic Allocations: 1
 Open Streams: 3
 Open DIRs: 0
 Thread #1 @TT=156
  Function [Index=4]
   Allocas:
    0 =[4]
    1 =[4]
    2 =[8]
    3 =[8]
   Instruction values [Active=27]:
    0 = 
    1 = 
    2 = 
    3 = 
    11 = 
    12 = 
    14 = 
    15 = 
    17 = 
    18 = 
    20 = 
    21 = 
    23 = 
    24 = 
    26 = 
  Function [Index=0]
   Allocas:
    0 =[8]
    1 =[8]
   Instruction values [Active=20]:
    0 = 
    1 = 
    6 = 
    7 = (int64_t)16384, (uint64_t)16384
    8 = 
    10 = 
    11 = (int64_t)-1, (uint64_t)1
    12 = (int64_t)1, (uint64_t)1
    14 = (int64_t)16384, (uint64_t)16384
    15 = (int64_t)-1, (uint64_t)1
    16 = (int64_t)1, (uint64_t)1
    18 = 
    19 = (int64_t)16384, (uint64_t)16384

Process @43
 Dynamic Allocations: 1
 Open Streams: 3
 Open DIRs: 0
 Thread #1 @TT=146
  Function [Index=4]
   Allocas:
    0 =[4]
    1 =[4]
    2 =[8]
    3 =[8]
   Instruction values [Active=27]:
    0 = 
    1 = 
    2 = 
    3 = 
    11 = 
    12 = 
    14 = 
    15 = 
    17 = 
    18 = 
    20 = 
    21 = 
    23 = 
    24 = 
    26 = 
  Function [Index=0]
   Allocas:
    0 =[8]
    1 =[8]
   Instruction values [Active=8]:
    0 = 
    1 = 
    6 = 
    7 = (int64_t)16384, (uint64_t)16384
    8 = 

Process @42
 Dynamic Allocations: 1
 Open Streams: 3
 Open DIRs: 0
 Thread #1 @TT=145
  Function [Index=4]
   Allocas:
    0 =[4]
    1 =[4]
    2 =[8]
    3 =[8]
   Instruction values [Active=27]:
    0 = 
    1 = 
    2 = 
    3 = 
    11 = 
    12 = 
    14 = 
    15 = 
    17 = 
    18 = 
    20 = 
    21 = 
    23 = 
    24 = 
    26 = 
  Function [Index=0]
   Allocas:
    0 =[8]
    1 =[8]
   Instruction values [Active=8]:
    0 = 
    1 = 
    6 = 
    7 = (int64_t)16384, (uint64_t)16384

Process @41
 Dynamic Allocations: 1
 Open Streams: 3
 Open DIRs: 0
 Thread #1 @TT=141
  Function [Index=4]
   Allocas:
    0 =[4]
    1 =[4]
    2 =[8]
    3 =[8]
   Instruction values [Active=27]:
    0 = 
    1 = 
    2 = 
    3 = 
    11 = 
    12 = 
    14 = 
    15 = 
    17 = 
    18 = 
    20 = 
    21 = 
    23 = 
    24 = 
    26 = 
  Function [Index=0]
   Allocas:
    0 =[8]
    1 =[8]
   Instruction values [Active=2]:
    0 = 
    1 = 

Process @40
 Dynamic Allocations: 1
 Open Streams: 3
 Open DIRs: 0
 Thread #1 @TT=140
  Function [Index=4]
   Allocas:
    0 =[4]
    1 =[4]
    2 =[8]
    3 =[8]
   Instruction values [Active=27]:
    0 = 
    1 = 
    2 = 
    3 = 
    11 = 
    12 = 
    14 = 
    15 = 
    17 = 
    18 = 
    20 = 
    21 = 
    23 = 
    24 = 
    26 = 
  Function [Index=0]
   Allocas:
    0 =[8]
    1 =[8]
   Instruction values [Active=1]:
    0 = 
    1 = 

Process @39
 Dynamic Allocations: 1
 Open Streams: 3
 Open DIRs: 0
 Thread #1 @TT=134
  Function [Index=4]
   Allocas:
    0 =[4]
    1 =[4]
    2 =[8]
    3 =[8]
   Instruction values [Active=24]:
    0 = 
    1 = 
    2 = 
    3 = 
    11 = 
    12 = 
    14 = 
    15 = 
    17 = 
    18 = 
    20 = 
    21 = 
    23 = 
    24 = 

Process @38
 Dynamic Allocations: 1
 Open Streams: 3
 Open DIRs: 0
 Thread #1 @TT=132
  Function [Index=4]
   Allocas:
    0 =[4]
    1 =[4]
    2 =[8]
    3 =[8]
   Instruction values [Active=24]:
    0 = 
    1 = 
    2 = 
    3 = 
    11 = 
    12 = 
    14 = 
    15 = 
    17 = 
    18 = 
    20 = 
    21 = 
    23 = 
  Function [Index=0]
   Allocas:
    0 =[8]
    1 =[8]
   Instruction values [Active=22]:
    0 = 
    1 = 
    6 = 
    7 = (int64_t)1024, (uint64_t)1024
    8 = 
    10 = 
    11 = (int64_t)-1, (uint64_t)1
    12 = (int64_t)1, (uint64_t)1
    14 = (int64_t)1024, (uint64_t)1024
    15 = (int64_t)-1, (uint64_t)1
    16 = (int64_t)1, (uint64_t)1
    18 = 
    19 = (int64_t)1024, (uint64_t)1024
    20 = 
    22 = 

Process @37
 Dynamic Allocations: 1
 Open Streams: 3
 Open DIRs: 0
 Thread #1 @TT=130
  Function [Index=4]
   Allocas:
    0 =[4]
    1 =[4]
    2 =[8]
    3 =[8]
   Instruction values [Active=24]:
    0 = 
    1 = 
    2 = 
    3 = 
    11 = 
    12 = 
    14 = 
    15 = 
    17 = 
    18 = 
    20 = 
    21 = 
    23 = 
  Function [Index=0]
   Allocas:
    0 =[8]
    1 =[8]
   Instruction values [Active=20]:
    0 = 
    1 = 
    6 = 
    7 = (int64_t)1024, (uint64_t)1024
    8 = 
    10 = 
    11 = (int64_t)-1, (uint64_t)1
    12 = (int64_t)1, (uint64_t)1
    14 = (int64_t)1024, (uint64_t)1024
    15 = (int64_t)-1, (uint64_t)1
    16 = (int64_t)1, (uint64_t)1
    18 = 
    19 = (int64_t)1024, (uint64_t)1024

Process @36
 Dynamic Allocations: 1
 Open Streams: 3
 Open DIRs: 0
 Thread #1 @TT=120
  Function [Index=4]
   Allocas:
    0 =[4]
    1 =[4]
    2 =[8]
    3 =[8]
   Instruction values [Active=24]:
    0 = 
    1 = 
    2 = 
    3 = 
    11 = 
    12 = 
    14 = 
    15 = 
    17 = 
    18 = 
    20 = 
    21 = 
    23 = 
  Function [Index=0]
   Allocas:
    0 =[8]
    1 =[8]
   Instruction values [Active=8]:
    0 = 
    1 = 
    6 = 
    7 = (int64_t)1024, (uint64_t)1024
    8 = 

Process @35
 Dynamic Allocations: 1
 Open Streams: 3
 Open DIRs: 0
 Thread #1 @TT=119
  Function [Index=4]
   Allocas:
    0 =[4]
    1 =[4]
    2 =[8]
    3 =[8]
   Instruction values [Active=24]:
    0 = 
    1 = 
    2 = 
    3 = 
    11 = 
    12 = 
    14 = 
    15 = 
    17 = 
    18 = 
    20 = 
    21 = 
    23 = 
  Function [Index=0]
   Allocas:
    0 =[8]
    1 =[8]
   Instruction values [Active=8]:
    0 = 
    1 = 
    6 = 
    7 = (int64_t)1024, (uint64_t)1024

Process @34
 Dynamic Allocations: 1
 Open Streams: 3
 Open DIRs: 0
 Thread #1 @TT=115
  Function [Index=4]
   Allocas:
    0 =[4]
    1 =[4]
    2 =[8]
    3 =[8]
   Instruction values [Active=24]:
    0 = 
    1 = 
    2 = 
    3 = 
    11 = 
    12 = 
    14 = 
    15 = 
    17 = 
    18 = 
    20 = 
    21 = 
    23 = 
  Function [Index=0]
   Allocas:
    0 =[8]
    1 =[8]
   Instruction values [Active=2]:
    0 = 
    1 = 

Process @33
 Dynamic Allocations: 1
 Open Streams: 3
 Open DIRs: 0
 Thread #1 @TT=114
  Function [Index=4]
   Allocas:
    0 =[4]
    1 =[4]
    2 =[8]
    3 =[8]
   Instruction values [Active=24]:
    0 = 
    1 = 
    2 = 
    3 = 
    11 = 
    12 = 
    14 = 
    15 = 
    17 = 
    18 = 
    20 = 
    21 = 
    23 = 
  Function [Index=0]
   Allocas:
    0 =[8]
    1 =[8]
   Instruction values [Active=1]:
    0 = 
    1 = 

Process @32
 Dynamic Allocations: 1
 Open Streams: 3
 Open DIRs: 0
 Thread #1 @TT=108
  Function [Index=4]
   Allocas:
    0 =[4]
    1 =[4]
    2 =[8]
    3 =[8]
   Instruction values [Active=21]:
    0 = 
    1 = 
    2 = 
    3 = 
    11 = 
    12 = 
    14 = 
    15 = 
    17 = 
    18 = 
    20 = 
    21 = 

Process @31
 Dynamic Allocations: 1
 Open Streams: 3
 Open DIRs: 0
 Thread #1 @TT=106
  Function [Index=4]
   Allocas:
    0 =[4]
    1 =[4]
    2 =[8]
    3 =[8]
   Instruction values [Active=21]:
    0 = 
    1 = 
    2 = 
    3 = 
    11 = 
    12 = 
    14 = 
    15 = 
    17 = 
    18 = 
    20 = 
  Function [Index=0]
   Allocas:
    0 =[8]
    1 =[8]
   Instruction values [Active=22]:
    0 = 
    1 = 
    6 = 
    7 = (int64_t)128, (uint64_t)128
    8 = 
    10 = 
    11 = (int64_t)-1, (uint64_t)1
    12 = (int64_t)1, (uint64_t)1
    14 = (int64_t)128, (uint64_t)128
    15 = (int64_t)-1, (uint64_t)1
    16 = (int64_t)1, (uint64_t)1
    18 = 
    19 = (int64_t)128, (uint64_t)128
    20 = 
    22 = 

Process @30
 Dynamic Allocations: 1
 Open Streams: 3
 Open DIRs: 0
 Thread #1 @TT=104
  Function [Index=4]
   Allocas:
    0 =[4]
    1 =[4]
    2 =[8]
    3 =[8]
   Instruction values [Active=21]:
    0 = 
    1 = 
    2 = 
    3 = 
    11 = 
    12 = 
    14 = 
    15 = 
    17 = 
    18 = 
    20 = 
  Function [Index=0]
   Allocas:
    0 =[8]
    1 =[8]
   Instruction values [Active=20]:
    0 = 
    1 = 
    6 = 
    7 = (int64_t)128, (uint64_t)128
    8 = 
    10 = 
    11 = (int64_t)-1, (uint64_t)1
    12 = (int64_t)1, (uint64_t)1
    14 = (int64_t)128, (uint64_t)128
    15 = (int64_t)-1, (uint64_t)1
    16 = (int64_t)1, (uint64_t)1
    18 = 
    19 = (int64_t)128, (uint64_t)128

Process @29
 Dynamic Allocations: 1
 Open Streams: 3
 Open DIRs: 0
 Thread #1 @TT=94
  Function [Index=4]
   Allocas:
    0 =[4]
    1 =[4]
    2 =[8]
    3 =[8]
   Instruction values [Active=21]:
    0 = 
    1 = 
    2 = 
    3 = 
    11 = 
    12 = 
    14 = 
    15 = 
    17 = 
    18 = 
    20 = 
  Function [Index=0]
   Allocas:
    0 =[8]
    1 =[8]
   Instruction values [Active=8]:
    0 = 
    1 = 
    6 = 
    7 = (int64_t)128, (uint64_t)128
    8 = 

Process @28
 Dynamic Allocations: 1
 Open Streams: 3
 Open DIRs: 0
 Thread #1 @TT=93
  Function [Index=4]
   Allocas:
    0 =[4]
    1 =[4]
    2 =[8]
    3 =[8]
   Instruction values [Active=21]:
    0 = 
    1 = 
    2 = 
    3 = 
    11 = 
    12 = 
    14 = 
    15 = 
    17 = 
    18 = 
    20 = 
  Function [Index=0]
   Allocas:
    0 =[8]
    1 =[8]
   Instruction values [Active=8]:
    0 = 
    1 = 
    6 = 
    7 = (int64_t)128, (uint64_t)128

Process @27
 Dynamic Allocations: 1
 Open Streams: 3
 Open DIRs: 0
 Thread #1 @TT=89
  Function [Index=4]
   Allocas:
    0 =[4]
    1 =[4]
    2 =[8]
    3 =[8]
   Instruction values [Active=21]:
    0 = 
    1 = 
    2 = 
    3 = 
    11 = 
    12 = 
    14 = 
    15 = 
    17 = 
    18 = 
    20 = 
  Function [Index=0]
   Allocas:
    0 =[8]
    1 =[8]
   Instruction values [Active=2]:
    0 = 
    1 = 

Process @26
 Dynamic Allocations: 1
 Open Streams: 3
 Open DIRs: 0
 Thread #1 @TT=88
  Function [Index=4]
   Allocas:
    0 =[4]
    1 =[4]
    2 =[8]
    3 =[8]
   Instruction values [Active=21]:
    0 = 
    1 = 
    2 = 
    3 = 
    11 = 
    12 = 
    14 = 
    15 = 
    17 = 
    18 = 
    20 = 
  Function [Index=0]
   Allocas:
    0 =[8]
    1 =[8]
   Instruction values [Active=1]:
    0 = 
    1 = 

Process @25
 Dynamic Allocations: 1
 Open Streams: 3
 Open DIRs: 0
 Thread #1 @TT=82
  Function [Index=4]
   Allocas:
    0 =[4]
    1 =[4]
    2 =[8]
    3 =[8]
   Instruction values [Active=18]:
    0 = 
    1 = 
    2 = 
    3 = 
    11 = 
    12 = 
    14 = 
    15 = 
    17 = 
    18 = 

Process @24
 Dynamic Allocations: 1
 Open Streams: 3
 Open DIRs: 0
 Thread #1 @TT=80
  Function [Index=4]
   Allocas:
    0 =[4]
    1 =[4]
    2 =[8]
    3 =[8]
   Instruction values [Active=18]:
    0 = 
    1 = 
    2 = 
    3 = 
    11 = 
    12 = 
    14 = 
    15 = 
    17 = 
  Function [Index=0]
   Allocas:
    0 =[8]
    1 =[8]
   Instruction values [Active=22]:
    0 = 
    1 = 
    6 = 
    7 = (int64_t)8, (uint64_t)8
    8 = 
    10 = 
    11 = (int64_t)-1, (uint64_t)1
    12 = (int64_t)1, (uint64_t)1
    14 = (int64_t)8, (uint64_t)8
    15 = (int64_t)-1, (uint64_t)1
    16 = (int64_t)1, (uint64_t)1
    18 = 
    19 = (int64_t)8, (uint64_t)8
    20 = 
    22 = 

Process @23
 Dynamic Allocations: 1
 Open Streams: 3
 Open DIRs: 0
 Thread #1 @TT=78
  Function [Index=4]
   Allocas:
    0 =[4]
    1 =[4]
    2 =[8]
    3 =[8]
   Instruction values [Active=18]:
    0 = 
    1 = 
    2 = 
    3 = 
    11 = 
    12 = 
    14 = 
    15 = 
    17 = 
  Function [Index=0]
   Allocas:
    0 =[8]
    1 =[8]
   Instruction values [Active=20]:
    0 = 
    1 = 
    6 = 
    7 = (int64_t)8, (uint64_t)8
    8 = 
    10 = 
    11 = (int64_t)-1, (uint64_t)1
    12 = (int64_t)1, (uint64_t)1
    14 = (int64_t)8, (uint64_t)8
    15 = (int64_t)-1, (uint64_t)1
    16 = (int64_t)1, (uint64_t)1
    18 = 
    19 = (int64_t)8, (uint64_t)8

Process @22
 Dynamic Allocations: 1
 Open Streams: 3
 Open DIRs: 0
 Thread #1 @TT=68
  Function [Index=4]
   Allocas:
    0 =[4]
    1 =[4]
    2 =[8]
    3 =[8]
   Instruction values [Active=18]:
    0 = 
    1 = 
    2 = 
    3 = 
    11 = 
    12 = 
    14 = 
    15 = 
    17 = 
  Function [Index=0]
   Allocas:
    0 =[8]
    1 =[8]
   Instruction values [Active=8]:
    0 = 
    1 = 
    6 = 
    7 = (int64_t)8, (uint64_t)8
    8 = 

Process @21
 Dynamic Allocations: 1
 Open Streams: 3
 Open DIRs: 0
 Thread #1 @TT=67
  Function [Index=4]
   Allocas:
    0 =[4]
    1 =[4]
    2 =[8]
    3 =[8]
   Instruction values [Active=18]:
    0 = 
    1 = 
    2 = 
    3 = 
    11 = 
    12 = 
    14 = 
    15 = 
    17 = 
  Function [Index=0]
   Allocas:
    0 =[8]
    1 =[8]
   Instruction values [Active=8]:
    0 = 
    1 = 
    6 = 
    7 = (int64_t)8, (uint64_t)8

Process @20
 Dynamic Allocations: 1
 Open Streams: 3
 Open DIRs: 0
 Thread #1 @TT=63
  Function [Index=4]
   Allocas:
    0 =[4]
    1 =[4]
    2 =[8]
    3 =[8]
   Instruction values [Active=18]:
    0 = 
    1 = 
    2 = 
    3 = 
    11 = 
    12 = 
    14 = 
    15 = 
    17 = 
  Function [Index=0]
   Allocas:
    0 =[8]
    1 =[8]
   Instruction values [Active=2]:
    0 = 
    1 = 

Process @19
 Dynamic Allocations: 1
 Open Streams: 3
 Open DIRs: 0
 Thread #1 @TT=62
  Function [Index=4]
   Allocas:
    0 =[4]
    1 =[4]
    2 =[8]
    3 =[8]
   Instruction values [Active=18]:
    0 = 
    1 = 
    2 = 
    3 = 
    11 = 
    12 = 
    14 = 
    15 = 
    17 = 
  Function [Index=0]
   Allocas:
    0 =[8]
    1 =[8]
   Instruction values [Active=1]:
    0 = 
    1 = 

Process @18
 Dynamic Allocations: 1
 Open Streams: 3
 Open DIRs: 0
 Thread #1 @TT=56
  Function [Index=4]
   Allocas:
    0 =[4]
    1 =[4]
    2 =[8]
    3 =[8]
   Instruction values [Active=15]:
    0 = 
    1 = 
    2 = 
    3 = 
    11 = 
    12 = 
    14 = 
    15 = 

Process @17
 Dynamic Allocations: 1
 Open Streams: 3
 Open DIRs: 0
 Thread #1 @TT=54
  Function [Index=4]
   Allocas:
    0 =[4]
    1 =[4]
    2 =[8]
    3 =[8]
   Instruction values [Active=15]:
    0 = 
    1 = 
    2 = 
    3 = 
    11 = 
    12 = 
    14 = 
  Function [Index=0]
   Allocas:
    0 =[8]
    1 =[8]
   Instruction values [Active=22]:
    0 = 
    1 = 
    6 = 
    7 = (int64_t)1, (uint64_t)1
    8 = 
    10 = 
    11 = (int64_t)-1, (uint64_t)1
    12 = (int64_t)1, (uint64_t)1
    14 = (int64_t)1, (uint64_t)1
    15 = (int64_t)-1, (uint64_t)1
    16 = (int64_t)1, (uint64_t)1
    18 = 
    19 = (int64_t)1, (uint64_t)1
    20 = 
    22 = 

Process @16
 Dynamic Allocations: 1
 Open Streams: 3
 Open DIRs: 0
 Thread #1 @TT=52
  Function [Index=4]
   Allocas:
    0 =[4]
    1 =[4]
    2 =[8]
    3 =[8]
   Instruction values [Active=15]:
    0 = 
    1 = 
    2 = 
    3 = 
    11 = 
    12 = 
    14 = 
  Function [Index=0]
   Allocas:
    0 =[8]
    1 =[8]
   Instruction values [Active=20]:
    0 = 
    1 = 
    6 = 
    7 = (int64_t)1, (uint64_t)1
    8 = 
    10 = 
    11 = (int64_t)-1, (uint64_t)1
    12 = (int64_t)1, (uint64_t)1
    14 = (int64_t)1, (uint64_t)1
    15 = (int64_t)-1, (uint64_t)1
    16 = (int64_t)1, (uint64_t)1
    18 = 
    19 = (int64_t)1, (uint64_t)1

Process @15
 Dynamic Allocations: 1
 Open Streams: 3
 Open DIRs: 0
 Thread #1 @TT=42
  Function [Index=4]
   Allocas:
    0 =[4]
    1 =[4]
    2 =[8]
    3 =[8]
   Instruction values [Active=15]:
    0 = 
    1 = 
    2 = 
    3 = 
    11 = 
    12 = 
    14 = 
  Function [Index=0]
   Allocas:
    0 =[8]
    1 =[8]
   Instruction values [Active=8]:
    0 = 
    1 = 
    6 = 
    7 = (int64_t)1, (uint64_t)1
    8 = 

Process @14
 Dynamic Allocations: 1
 Open Streams: 3
 Open DIRs: 0
 Thread #1 @TT=41
  Function [Index=4]
   Allocas:
    0 =[4]
    1 =[4]
    2 =[8]
    3 =[8]
   Instruction values [Active=15]:
    0 = 
    1 = 
    2 = 
    3 = 
    11 = 
    12 = 
    14 = 
  Function [Index=0]
   Allocas:
    0 =[8]
    1 =[8]
   Instruction values [Active=8]:
    0 = 
    1 = 
    6 = 
    7 = (int64_t)1, (uint64_t)1

Process @13
 Dynamic Allocations: 1
 Open Streams: 3
 Open DIRs: 0
 Thread #1 @TT=37
  Function [Index=4]
   Allocas:
    0 =[4]
    1 =[4]
    2 =[8]
    3 =[8]
   Instruction values [Active=15]:
    0 = 
    1 = 
    2 = 
    3 = 
    11 = 
    12 = 
    14 = 
  Function [Index=0]
   Allocas:
    0 =[8]
    1 =[8]
   Instruction values [Active=2]:
    0 = 
    1 = 

Process @12
 Dynamic Allocations: 1
 Open Streams: 3
 Open DIRs: 0
 Thread #1 @TT=36
  Function [Index=4]
   Allocas:
    0 =[4]
    1 =[4]
    2 =[8]
    3 =[8]
   Instruction values [Active=15]:
    0 = 
    1 = 
    2 = 
    3 = 
    11 = 
    12 = 
    14 = 
  Function [Index=0]
   Allocas:
    0 =[8]
    1 =[8]
   Instruction values [Active=1]:
    0 = 
    1 = 

Process @11
 Dynamic Allocations: 1
 Open Streams: 3
 Open DIRs: 0
 Thread #1 @TT=30
  Function [Index=4]
   Allocas:
    0 =[4]
    1 =[4]
    2 =[8]
    3 =[8]
   Instruction values [Active=12]:
    0 = 
    1 = 
    2 = 
    3 = 
    11 = 
    12 = 

Process @10
 Dynamic Allocations: 1
 Open Streams: 3
 Open DIRs: 0
 Thread #1 @TT=28
  Function [Index=4]
   Allocas:
    0 =[4]
    1 =[4]
    2 =[8]
    3 =[8]
   Instruction values [Active=12]:
    0 = 
    1 = 
    2 = 
    3 = 
    11 = 
  Function [Index=0]
   Allocas:
    0 =[8]
    1 =[8]
   Instruction values [Active=22]:
    0 = 
    1 = 
    6 = 
    7 = (int64_t)0, (uint64_t)0
    8 = 
    10 = 
    11 = (int64_t)-1, (uint64_t)1
    12 = (int64_t)1, (uint64_t)1
    14 = (int64_t)0, (uint64_t)0
    15 = (int64_t)0, (uint64_t)0
    16 = (int64_t)0, (uint64_t)0
    22 = 

Process @9
 Dynamic Allocations: 1
 Open Streams: 3
 Open DIRs: 0
 Thread #1 @TT=20
  Function [Index=4]
   Allocas:
    0 =[4]
    1 =[4]
    2 =[8]
    3 =[8]
   Instruction values [Active=12]:
    0 = 
    1 = 
    2 = 
    3 = 
    11 = 
  Function [Index=0]
   Allocas:
    0 =[8]
    1 =[8]
   Instruction values [Active=8]:
    0 = 
    1 = 
    6 = 
    7 = (int64_t)0, (uint64_t)0
    8 = 

Process @8
 Dynamic Allocations: 0
 Open Streams: 3
 Open DIRs: 0
 Thread #1 @TT=19
  Function [Index=4]
   Allocas:
    0 =[4]
    1 =[4]
    2 =[8]
    3 =[8]
   Instruction values [Active=12]:
    0 = 
    1 = 
    2 = 
    3 = 
    11 = 
  Function [Index=0]
   Allocas:
    0 =[8]
    1 =[8]
   Instruction values [Active=8]:
    0 = 
    1 = 
    6 = 
    7 = (int64_t)0, (uint64_t)0

Process @7
 Dynamic Allocations: 0
 Open Streams: 3
 Open DIRs: 0
 Thread #1 @TT=15
  Function [Index=4]
   Allocas:
    0 =[4]
    1 =[4]
    2 =[8]
    3 =[8]
   Instruction values [Active=12]:
    0 = 
    1 = 
    2 = 
    3 = 
    11 = 
  Function [Index=0]
   Allocas:
    0 =[8]
    1 =[8]
   Instruction values [Active=2]:
    0 = 
    1 = 

Process @6
 Dynamic Allocations: 0
 Open Streams: 3
 Open DIRs: 0
 Thread #1 @TT=14
  Function [Index=4]
   Allocas:
    0 =[4]
    1 =[4]
    2 =[8]
    3 =[8]
   Instruction values [Active=12]:
    0 = 
    1 = 
    2 = 
    3 = 
    11 = 
  Function [Index=0]
   Allocas:
    0 =[8]
    1 =[8]
   Instruction values [Active=1]:
    0 = 
    1 = 

Process @5
 Dynamic Allocations: 0
 Open Streams: 3
 Open DIRs: 0
 Thread #1 @TT=8
  Function [Index=4]
   Allocas:
    0 =[4]
    1 =[4]
    2 =[8]
    3 =[8]
   Instruction values [Active=7]:
    0 = 
    1 = 
    2 = 
    3 = 

Process @4
 Dynamic Allocations: 0
 Open Streams: 3
 Open DIRs: 0
 Thread #1 @TT=7
  Function [Index=4]
   Allocas:
    0 =[4]
    1 =[4]
    2 =[8]
    3 =[8]
   Instruction values [Active=5]:
    0 = 
    1 = 
    2 = 
    3 = 

Process @3
 Dynamic Allocations: 0
 Open Streams: 3
 Open DIRs: 0
 Thread #1 @TT=6
  Function [Index=4]
   Allocas:
    0 =[4]
    1 =[4]
    2 =[8]
    3 =[8]
   Instruction values [Active=4]:
    0 = 
    1 = 
    2 = 
    3 = 

Process @2
 Dynamic Allocations: 0
 Open Streams: 3
 Open DIRs: 0
 Thread #1 @TT=5
  Function [Index=4]
   Allocas:
    0 =[4]
    1 =[4]
    2 =[8]
    3 =[8]
   Instruction values [Active=3]:
    0 = 
    1 = 
    2 = 
    3 = 

Process @0
 Dynamic Allocations: 0
 Open Streams: 3
 Open DIRs: 0
 Thread #1 @TT=0

