Recreating states:
Process @0
 Dynamic Allocations: 0
 Open Streams: 3
 Open DIRs: 0
 Thread #1 @TT=0

Process @2
 Dynamic Allocations: 0
 Open Streams: 3
 Open DIRs: 0
 Thread #1 @TT=1
  Function [Index=1]
   Allocas:
   Instruction values [Active=unassigned]:

Process @3
 Dynamic Allocations: 0
 Open Streams: 3
 Open DIRs: 0
 Thread #1 @TT=8
  Function [Index=1]
   Allocas:
    0 =[1x4]
    1 =[1x4]
    2 =[1x8]
    3 =[1x4]
    4 =[1x8]
    5 =[1x1]
   Instruction values [Active=6]:
    0 = 
    1 = 
    2 = 
    3 = 
    4 = 
    5 = 

Process @4
 Dynamic Allocations: 0
 Open Streams: 3
 Open DIRs: 0
 Thread #1 @TT=9
  Function [Index=1]
   Allocas:
    0 =[1x4]
    1 =[1x4]
    2 =[1x8]
    3 =[1x4]
    4 =[1x8]
    5 =[1x1]
   Instruction values [Active=7]:
    0 = 
    1 = 
    2 = 
    3 = 
    4 = 
    5 = 

Process @5
 Dynamic Allocations: 0
 Open Streams: 3
 Open DIRs: 0
 Thread #1 @TT=10
  Function [Index=1]
   Allocas:
    0 =[1x4]
    1 =[1x4]
    2 =[1x8]
    3 =[1x4]
    4 =[1x8]
    5 =[1x1]
   Instruction values [Active=9]:
    0 = 
    1 = 
    2 = 
    3 = 
    4 = 
    5 = 

Process @6
 Dynamic Allocations: 0
 Open Streams: 3
 Open DIRs: 0
 Thread #1 @TT=16
  Function [Index=1]
   Allocas:
    0 =[1x4]
    1 =[1x4]
    2 =[1x8]
    3 =[1x4]
    4 =[1x8]
    5 =[1x1]
   Instruction values [Active=16]:
    0 = 
    1 = 
    2 = 
    3 = 
    4 = 
    5 = 
    12 = 
    13 = 
    14 = 
    15 = (int64_t)11, (uint64_t)11

Process @7
 Dynamic Allocations: 0
 Open Streams: 3
 Open DIRs: 0
 Thread #1 @TT=20
  Function [Index=1]
   Allocas:
    0 =[1x4]
    1 =[1x4]
    2 =[1x8]
    3 =[1x4]
    4 =[1x8]
    5 =[1x1]
   Instruction values [Active=18]:
    0 = 
    1 = 
    2 = 
    3 = 
    4 = 
    5 = 
    12 = 
    13 = 
    14 = 
    15 = (int64_t)11, (uint64_t)11

Process @6
 Dynamic Allocations: 0
 Open Streams: 3
 Open DIRs: 0
 Thread #1 @TT=19
  Function [Index=1]
   Allocas:
    0 =[1x4]
    1 =[1x4]
    2 =[1x8]
    3 =[1x4]
    4 =[1x8]
    5 =[1x1]
   Instruction values [Active=18]:
    0 = 
    1 = 
    2 = 
    3 = 
    4 = 
    5 = 
    12 = 
    13 = 
    14 = 
    15 = (int64_t)11, (uint64_t)11
  Function [Index=0]
   Allocas:
   Instruction values [Active=0]:
    0 = 

Process @5
 Dynamic Allocations: 0
 Open Streams: 3
 Open DIRs: 0
 Thread #1 @TT=15
  Function [Index=1]
   Allocas:
    0 =[1x4]
    1 =[1x4]
    2 =[1x8]
    3 =[1x4]
    4 =[1x8]
    5 =[1x1]
   Instruction values [Active=15]:
    0 = 
    1 = 
    2 = 
    3 = 
    4 = 
    5 = 
    12 = 
    13 = 
    14 = 
    15 = (int64_t)11, (uint64_t)11

Process @4
 Dynamic Allocations: 0
 Open Streams: 3
 Open DIRs: 0
 Thread #1 @TT=9
  Function [Index=1]
   Allocas:
    0 =[1x4]
    1 =[1x4]
    2 =[1x8]
    3 =[1x4]
    4 =[1x8]
    5 =[1x1]
   Instruction values [Active=7]:
    0 = 
    1 = 
    2 = 
    3 = 
    4 = 
    5 = 

Process @3
 Dynamic Allocations: 0
 Open Streams: 3
 Open DIRs: 0
 Thread #1 @TT=8
  Function [Index=1]
   Allocas:
    0 =[1x4]
    1 =[1x4]
    2 =[1x8]
    3 =[1x4]
    4 =[1x8]
    5 =[1x1]
   Instruction values [Active=6]:
    0 = 
    1 = 
    2 = 
    3 = 
    4 = 
    5 = 

Process @2
 Dynamic Allocations: 0
 Open Streams: 3
 Open DIRs: 0
 Thread #1 @TT=7
  Function [Index=1]
   Allocas:
    0 =[1x4]
    1 =[1x4]
    2 =[1x8]
    3 =[1x4]
    4 =[1x8]
    5 =[1x1]
   Instruction values [Active=5]:
    0 = 
    1 = 
    2 = 
    3 = 
    4 = 
    5 = 

Process @0
 Dynamic Allocations: 0
 Open Streams: 3
 Open DIRs: 0
 Thread #1 @TT=0

