Recreating states:
Process @0
 Dynamic Allocations: 0
 Open Streams: 3
 Open DIRs: 0
 Thread #1 @TT=0

Process @2
 Dynamic Allocations: 0
 Open Streams: 3
 Open DIRs: 0
 Thread #1 @TT=1
  Function [Index=3]
   Allocas:
   Instruction values [Active=unassigned]:

Process @3
 Dynamic Allocations: 0
 Open Streams: 3
 Open DIRs: 0
 Thread #1 @TT=7
  Function [Index=3]
   Allocas:
    0 =[4]
    1 =[4]
    2 =[8]
    3 =[8]
    4 =[16]
   Instruction values [Active=5]:
    0 = 
    1 = 
    2 = 
    3 = 
    4 = 

Process @4
 Dynamic Allocations: 0
 Open Streams: 3
 Open DIRs: 0
 Thread #1 @TT=8
  Function [Index=3]
   Allocas:
    0 =[4]
    1 =[4]
    2 =[8]
    3 =[8]
    4 =[16]
   Instruction values [Active=6]:
    0 = 
    1 = 
    2 = 
    3 = 
    4 = 

Process @5
 Dynamic Allocations: 0
 Open Streams: 3
 Open DIRs: 0
 Thread #1 @TT=9
  Function [Index=3]
   Allocas:
    0 =[4]
    1 =[4]
    2 =[8]
    3 =[8]
    4 =[16]
   Instruction values [Active=8]:
    0 = 
    1 = 
    2 = 
    3 = 
    4 = 

Process @6
 Dynamic Allocations: 0
 Open Streams: 3
 Open DIRs: 0
 Thread #1 @TT=10
  Function [Index=3]
   Allocas:
    0 =[4]
    1 =[4]
    2 =[8]
    3 =[8]
    4 =[16]
   Instruction values [Active=10]:
    0 = 
    1 = 
    2 = 
    3 = 
    4 = 

Process @7
 Dynamic Allocations: 0
 Open Streams: 3
 Open DIRs: 0
 Thread #1 @TT=23
  Function [Index=3]
   Allocas:
    0 =[4]
    1 =[4]
    2 =[8]
    3 =[8]
    4 =[16]
   Instruction values [Active=27]:
    0 = 
    1 = 
    2 = 
    3 = 
    4 = 
    12 = (int64_t)2, (uint64_t)2
    13 = (int64_t)0, (uint64_t)0
    14 = (int64_t)0, (uint64_t)0
    18 = 
    19 = 
    20 = 
    21 = 
    22 = (int64_t)0, (uint64_t)0
    23 = (int64_t)-1, (uint64_t)1
    24 = (int64_t)1, (uint64_t)1
    26 = 

Process @8
 Dynamic Allocations: 0
 Open Streams: 3
 Open DIRs: 0
 Thread #1 @TT=28
  Function [Index=3]
   Allocas:
    0 =[4]
    1 =[4]
    2 =[8]
    3 =[8]
    4 =[16]
   Instruction values [Active=32]:
    0 = 
    1 = 
    2 = 
    3 = 
    4 = 
    12 = (int64_t)2, (uint64_t)2
    13 = (int64_t)0, (uint64_t)0
    14 = (int64_t)0, (uint64_t)0
    18 = 
    19 = 
    20 = 
    21 = 
    22 = (int64_t)0, (uint64_t)0
    23 = (int64_t)-1, (uint64_t)1
    24 = (int64_t)1, (uint64_t)1
    26 = 
    28 = 
    29 = 
    30 = 
    31 = 

Process @9
 Dynamic Allocations: 0
 Open Streams: 3
 Open DIRs: 0
 Thread #1 @TT=39
  Function [Index=3]
   Allocas:
    0 =[4]
    1 =[4]
    2 =[8]
    3 =[8]
    4 =[16]
   Instruction values [Active=38]:
    0 = 
    1 = 
    2 = 
    3 = 
    4 = 
    12 = (int64_t)2, (uint64_t)2
    13 = (int64_t)0, (uint64_t)0
    14 = (int64_t)0, (uint64_t)0
    18 = 
    19 = 
    20 = 
    21 = 
    22 = (int64_t)0, (uint64_t)0
    23 = (int64_t)-1, (uint64_t)1
    24 = (int64_t)1, (uint64_t)1
    26 = 
    28 = 
    29 = 
    30 = 
    31 = 
    33 = 
    34 = 
    35 = (int64_t)0, (uint64_t)0
    36 = 
    37 = 
  Function [Index=0]
   Allocas:
    0 =[16]
   Instruction values [Active=3]:
    0 = 
    1 = 
    2 = 

Process @10
 Dynamic Allocations: 0
 Open Streams: 3
 Open DIRs: 0
 Thread #1 @TT=41
  Function [Index=3]
   Allocas:
    0 =[4]
    1 =[4]
    2 =[8]
    3 =[8]
    4 =[16]
   Instruction values [Active=38]:
    0 = 
    1 = 
    2 = 
    3 = 
    4 = 
    12 = (int64_t)2, (uint64_t)2
    13 = (int64_t)0, (uint64_t)0
    14 = (int64_t)0, (uint64_t)0
    18 = 
    19 = 
    20 = 
    21 = 
    22 = (int64_t)0, (uint64_t)0
    23 = (int64_t)-1, (uint64_t)1
    24 = (int64_t)1, (uint64_t)1
    26 = 
    28 = 
    29 = 
    30 = 
    31 = 
    33 = 
    34 = 
    35 = (int64_t)0, (uint64_t)0
    36 = 
    37 = 
  Function [Index=0]
   Allocas:
    0 =[16]
   Instruction values [Active=5]:
    0 = 
    1 = 
    2 = 
    4 = 

Process @11
 Dynamic Allocations: 0
 Open Streams: 3
 Open DIRs: 0
 Thread #1 @TT=45
  Function [Index=3]
   Allocas:
    0 =[4]
    1 =[4]
    2 =[8]
    3 =[8]
    4 =[16]
   Instruction values [Active=38]:
    0 = 
    1 = 
    2 = 
    3 = 
    4 = 
    12 = (int64_t)2, (uint64_t)2
    13 = (int64_t)0, (uint64_t)0
    14 = (int64_t)0, (uint64_t)0
    18 = 
    19 = 
    20 = 
    21 = 
    22 = (int64_t)0, (uint64_t)0
    23 = (int64_t)-1, (uint64_t)1
    24 = (int64_t)1, (uint64_t)1
    26 = 
    28 = 
    29 = 
    30 = 
    31 = 
    33 = 
    34 = 
    35 = (int64_t)0, (uint64_t)0
    36 = 
    37 = 
  Function [Index=0]
   Allocas:
    0 =[16]
   Instruction values [Active=10]:
    0 = 
    1 = 
    2 = 
    4 = 
    7 = 
    8 = 
    9 = 
    10 = (int64_t)18, (uint64_t)18

Process @12
 Dynamic Allocations: 0
 Open Streams: 3
 Open DIRs: 0
 Thread #1 @TT=46
  Function [Index=3]
   Allocas:
    0 =[4]
    1 =[4]
    2 =[8]
    3 =[8]
    4 =[16]
   Instruction values [Active=38]:
    0 = 
    1 = 
    2 = 
    3 = 
    4 = 
    12 = (int64_t)2, (uint64_t)2
    13 = (int64_t)0, (uint64_t)0
    14 = (int64_t)0, (uint64_t)0
    18 = 
    19 = 
    20 = 
    21 = 
    22 = (int64_t)0, (uint64_t)0
    23 = (int64_t)-1, (uint64_t)1
    24 = (int64_t)1, (uint64_t)1
    26 = 
    28 = 
    29 = 
    30 = 
    31 = 
    33 = 
    34 = 
    35 = (int64_t)0, (uint64_t)0
    36 = 
    37 = 

Process @11
 Dynamic Allocations: 0
 Open Streams: 3
 Open DIRs: 0
 Thread #1 @TT=45
  Function [Index=3]
   Allocas:
    0 =[4]
    1 =[4]
    2 =[8]
    3 =[8]
    4 =[16]
   Instruction values [Active=38]:
    0 = 
    1 = 
    2 = 
    3 = 
    4 = 
    12 = (int64_t)2, (uint64_t)2
    13 = (int64_t)0, (uint64_t)0
    14 = (int64_t)0, (uint64_t)0
    18 = 
    19 = 
    20 = 
    21 = 
    22 = (int64_t)0, (uint64_t)0
    23 = (int64_t)-1, (uint64_t)1
    24 = (int64_t)1, (uint64_t)1
    26 = 
    28 = 
    29 = 
    30 = 
    31 = 
    33 = 
    34 = 
    35 = (int64_t)0, (uint64_t)0
    36 = 
    37 = 
  Function [Index=0]
   Allocas:
    0 =[16]
   Instruction values [Active=10]:
    0 = 
    1 = 
    2 = 
    4 = 
    7 = 
    8 = 
    9 = 
    10 = (int64_t)18, (uint64_t)18

Process @10
 Dynamic Allocations: 0
 Open Streams: 3
 Open DIRs: 0
 Thread #1 @TT=44
  Function [Index=3]
   Allocas:
    0 =[4]
    1 =[4]
    2 =[8]
    3 =[8]
    4 =[16]
   Instruction values [Active=38]:
    0 = 
    1 = 
    2 = 
    3 = 
    4 = 
    12 = (int64_t)2, (uint64_t)2
    13 = (int64_t)0, (uint64_t)0
    14 = (int64_t)0, (uint64_t)0
    18 = 
    19 = 
    20 = 
    21 = 
    22 = (int64_t)0, (uint64_t)0
    23 = (int64_t)-1, (uint64_t)1
    24 = (int64_t)1, (uint64_t)1
    26 = 
    28 = 
    29 = 
    30 = 
    31 = 
    33 = 
    34 = 
    35 = (int64_t)0, (uint64_t)0
    36 = 
    37 = 
  Function [Index=0]
   Allocas:
    0 =[16]
   Instruction values [Active=9]:
    0 = 
    1 = 
    2 = 
    4 = 
    7 = 
    8 = 
    9 = 

Process @9
 Dynamic Allocations: 0
 Open Streams: 3
 Open DIRs: 0
 Thread #1 @TT=40
  Function [Index=3]
   Allocas:
    0 =[4]
    1 =[4]
    2 =[8]
    3 =[8]
    4 =[16]
   Instruction values [Active=38]:
    0 = 
    1 = 
    2 = 
    3 = 
    4 = 
    12 = (int64_t)2, (uint64_t)2
    13 = (int64_t)0, (uint64_t)0
    14 = (int64_t)0, (uint64_t)0
    18 = 
    19 = 
    20 = 
    21 = 
    22 = (int64_t)0, (uint64_t)0
    23 = (int64_t)-1, (uint64_t)1
    24 = (int64_t)1, (uint64_t)1
    26 = 
    28 = 
    29 = 
    30 = 
    31 = 
    33 = 
    34 = 
    35 = (int64_t)0, (uint64_t)0
    36 = 
    37 = 
  Function [Index=0]
   Allocas:
    0 =[16]
   Instruction values [Active=4]:
    0 = 
    1 = 
    2 = 
    4 = 

Process @8
 Dynamic Allocations: 0
 Open Streams: 3
 Open DIRs: 0
 Thread #1 @TT=38
  Function [Index=3]
   Allocas:
    0 =[4]
    1 =[4]
    2 =[8]
    3 =[8]
    4 =[16]
   Instruction values [Active=38]:
    0 = 
    1 = 
    2 = 
    3 = 
    4 = 
    12 = (int64_t)2, (uint64_t)2
    13 = (int64_t)0, (uint64_t)0
    14 = (int64_t)0, (uint64_t)0
    18 = 
    19 = 
    20 = 
    21 = 
    22 = (int64_t)0, (uint64_t)0
    23 = (int64_t)-1, (uint64_t)1
    24 = (int64_t)1, (uint64_t)1
    26 = 
    28 = 
    29 = 
    30 = 
    31 = 
    33 = 
    34 = 
    35 = (int64_t)0, (uint64_t)0
    36 = 
    37 = 
  Function [Index=0]
   Allocas:
    0 =[16]
   Instruction values [Active=2]:
    0 = 
    1 = 
    2 = 

Process @7
 Dynamic Allocations: 0
 Open Streams: 3
 Open DIRs: 0
 Thread #1 @TT=27
  Function [Index=3]
   Allocas:
    0 =[4]
    1 =[4]
    2 =[8]
    3 =[8]
    4 =[16]
   Instruction values [Active=31]:
    0 = 
    1 = 
    2 = 
    3 = 
    4 = 
    12 = (int64_t)2, (uint64_t)2
    13 = (int64_t)0, (uint64_t)0
    14 = (int64_t)0, (uint64_t)0
    18 = 
    19 = 
    20 = 
    21 = 
    22 = (int64_t)0, (uint64_t)0
    23 = (int64_t)-1, (uint64_t)1
    24 = (int64_t)1, (uint64_t)1
    26 = 
    28 = 
    29 = 
    30 = 
    31 = 

Process @6
 Dynamic Allocations: 0
 Open Streams: 3
 Open DIRs: 0
 Thread #1 @TT=22
  Function [Index=3]
   Allocas:
    0 =[4]
    1 =[4]
    2 =[8]
    3 =[8]
    4 =[16]
   Instruction values [Active=26]:
    0 = 
    1 = 
    2 = 
    3 = 
    4 = 
    12 = (int64_t)2, (uint64_t)2
    13 = (int64_t)0, (uint64_t)0
    14 = (int64_t)0, (uint64_t)0
    18 = 
    19 = 
    20 = 
    21 = 
    22 = (int64_t)0, (uint64_t)0
    23 = (int64_t)-1, (uint64_t)1
    24 = (int64_t)1, (uint64_t)1
    26 = 

Process @5
 Dynamic Allocations: 0
 Open Streams: 3
 Open DIRs: 0
 Thread #1 @TT=9
  Function [Index=3]
   Allocas:
    0 =[4]
    1 =[4]
    2 =[8]
    3 =[8]
    4 =[16]
   Instruction values [Active=8]:
    0 = 
    1 = 
    2 = 
    3 = 
    4 = 

Process @4
 Dynamic Allocations: 0
 Open Streams: 3
 Open DIRs: 0
 Thread #1 @TT=8
  Function [Index=3]
   Allocas:
    0 =[4]
    1 =[4]
    2 =[8]
    3 =[8]
    4 =[16]
   Instruction values [Active=6]:
    0 = 
    1 = 
    2 = 
    3 = 
    4 = 

Process @3
 Dynamic Allocations: 0
 Open Streams: 3
 Open DIRs: 0
 Thread #1 @TT=7
  Function [Index=3]
   Allocas:
    0 =[4]
    1 =[4]
    2 =[8]
    3 =[8]
    4 =[16]
   Instruction values [Active=5]:
    0 = 
    1 = 
    2 = 
    3 = 
    4 = 

Process @2
 Dynamic Allocations: 0
 Open Streams: 3
 Open DIRs: 0
 Thread #1 @TT=6
  Function [Index=3]
   Allocas:
    0 =[4]
    1 =[4]
    2 =[8]
    3 =[8]
    4 =[16]
   Instruction values [Active=4]:
    0 = 
    1 = 
    2 = 
    3 = 
    4 = 

Process @0
 Dynamic Allocations: 0
 Open Streams: 3
 Open DIRs: 0
 Thread #1 @TT=0

