Recreating states:
Process @0
 Dynamic Allocations: 0
 Open Streams: 3
 Open DIRs: 0
 Thread #1 @TT=0

Process @2
 Dynamic Allocations: 0
 Open Streams: 3
 Open DIRs: 0
 Thread #1 @TT=1
  Function [Index=0]
   Allocas:
   Instruction values [Active=unassigned]:

Process @3
 Dynamic Allocations: 0
 Open Streams: 3
 Open DIRs: 0
 Thread #1 @TT=8
  Function [Index=0]
   Allocas:
    0 =[1x4]
    1 =[1x4]
    2 =[1x8]
    3 =[1x4]
    4 =[1x8]
    5 =[1x4]
   Instruction values [Active=6]:
    0 = 
    1 = 
    2 = 
    3 = 
    4 = 
    5 = 

Process @4
 Dynamic Allocations: 0
 Open Streams: 3
 Open DIRs: 0
 Thread #1 @TT=9
  Function [Index=0]
   Allocas:
    0 =[1x4]
    1 =[1x4]
    2 =[1x8]
    3 =[1x4]
    4 =[1x8]
    5 =[1x4]
   Instruction values [Active=7]:
    0 = 
    1 = 
    2 = 
    3 = 
    4 = 
    5 = 

Process @5
 Dynamic Allocations: 0
 Open Streams: 3
 Open DIRs: 0
 Thread #1 @TT=10
  Function [Index=0]
   Allocas:
    0 =[1x4]
    1 =[1x4]
    2 =[1x8]
    3 =[1x4]
    4 =[1x8]
    5 =[1x4]
   Instruction values [Active=9]:
    0 = 
    1 = 
    2 = 
    3 = 
    4 = 
    5 = 

Process @6
 Dynamic Allocations: 0
 Open Streams: 3
 Open DIRs: 0
 Thread #1 @TT=16
  Function [Index=0]
   Allocas:
    0 =[1x4]
    1 =[1x4]
    2 =[1x8]
    3 =[1x4]
    4 =[1x8]
    5 =[1x4]
   Instruction values [Active=16]:
    0 = 
    1 = 
    2 = 
    3 = 
    4 = 
    5 = 
    12 = 
    13 = 
    14 = 
    15 = (int64_t)3, (uint64_t)3

Process @7
 Dynamic Allocations: 0
 Open Streams: 3
 Open DIRs: 0
 Thread #1 @TT=21
  Function [Index=0]
   Allocas:
    0 =[1x4]
    1 =[1x4]
    2 =[1x8]
    3 =[1x4]
    4 =[1x8]
    5 =[1x4]
   Instruction values [Active=21]:
    0 = 
    1 = 
    2 = 
    3 = 
    4 = 
    5 = 
    12 = 
    13 = 
    14 = 
    15 = (int64_t)3, (uint64_t)3
    17 = (int64_t)3, (uint64_t)3
    18 = (int64_t)4, (uint64_t)4
    19 = (int64_t)4, (uint64_t)4
    20 = 

Process @8
 Dynamic Allocations: 0
 Open Streams: 3
 Open DIRs: 0
 Thread #1 @TT=29
  Function [Index=0]
   Allocas:
    0 =[1x4]
    1 =[1x4]
    2 =[1x8]
    3 =[1x4]
    4 =[1x8]
    5 =[1x4]
    22 =[4x1]
   Instruction values [Active=29]:
    0 = 
    1 = 
    2 = 
    3 = 
    4 = 
    5 = 
    12 = 
    13 = 
    14 = 
    15 = (int64_t)3, (uint64_t)3
    17 = (int64_t)3, (uint64_t)3
    18 = (int64_t)4, (uint64_t)4
    19 = (int64_t)4, (uint64_t)4
    20 = 
    22 = 
    24 = 
    25 = 
    26 = 
    27 = (int64_t)3, (uint64_t)3
    28 = (int64_t)3, (uint64_t)3
    29 = 

Process @9
 Dynamic Allocations: 0
 Open Streams: 3
 Open DIRs: 0
 Thread #1 @TT=33
  Function [Index=0]
   Allocas:
    0 =[1x4]
    1 =[1x4]
    2 =[1x8]
    3 =[1x4]
    4 =[1x8]
    5 =[1x4]
    22 =[4x1]
   Instruction values [Active=33]:
    0 = 
    1 = 
    2 = 
    3 = 
    4 = 
    5 = 
    12 = 
    13 = 
    14 = 
    15 = (int64_t)3, (uint64_t)3
    17 = (int64_t)3, (uint64_t)3
    18 = (int64_t)4, (uint64_t)4
    19 = (int64_t)4, (uint64_t)4
    20 = 
    22 = 
    24 = 
    25 = 
    26 = 
    27 = (int64_t)3, (uint64_t)3
    28 = (int64_t)3, (uint64_t)3
    29 = 
    30 = (int64_t)3, (uint64_t)3
    31 = (int64_t)3, (uint64_t)3
    32 = 

Process @10
 Dynamic Allocations: 0
 Open Streams: 3
 Open DIRs: 0
 Thread #1 @TT=36
  Function [Index=0]
   Allocas:
    0 =[1x4]
    1 =[1x4]
    2 =[1x8]
    3 =[1x4]
    4 =[1x8]
    5 =[1x4]
    22 =[4x1]
   Instruction values [Active=35]:
    0 = 
    1 = 
    2 = 
    3 = 
    4 = 
    5 = 
    12 = 
    13 = 
    14 = 
    15 = (int64_t)3, (uint64_t)3
    17 = (int64_t)3, (uint64_t)3
    18 = (int64_t)4, (uint64_t)4
    19 = (int64_t)4, (uint64_t)4
    20 = 
    22 = 
    24 = 
    25 = 
    26 = 
    27 = (int64_t)3, (uint64_t)3
    28 = (int64_t)3, (uint64_t)3
    29 = 
    30 = (int64_t)3, (uint64_t)3
    31 = (int64_t)3, (uint64_t)3
    32 = 
    34 = 
    35 = (int64_t)1, (uint64_t)1

Process @11
 Dynamic Allocations: 0
 Open Streams: 3
 Open DIRs: 0
 Thread #1 @TT=37
  Function [Index=0]
   Allocas:
    0 =[1x4]
    1 =[1x4]
    2 =[1x8]
    3 =[1x4]
    4 =[1x8]
    5 =[1x4]
    22 =[4x1]
   Instruction values [Active=36]:
    0 = 
    1 = 
    2 = 
    3 = 
    4 = 
    5 = 
    12 = 
    13 = 
    14 = 
    15 = (int64_t)3, (uint64_t)3
    17 = (int64_t)3, (uint64_t)3
    18 = (int64_t)4, (uint64_t)4
    19 = (int64_t)4, (uint64_t)4
    20 = 
    22 = 
    24 = 
    25 = 
    26 = 
    27 = (int64_t)3, (uint64_t)3
    28 = (int64_t)3, (uint64_t)3
    29 = 
    30 = (int64_t)3, (uint64_t)3
    31 = (int64_t)3, (uint64_t)3
    32 = 
    34 = 
    35 = (int64_t)1, (uint64_t)1

Process @12
 Dynamic Allocations: 0
 Open Streams: 3
 Open DIRs: 0
 Thread #1 @TT=38
  Function [Index=0]
   Allocas:
    0 =[1x4]
    1 =[1x4]
    2 =[1x8]
    3 =[1x4]
    4 =[1x8]
    5 =[1x4]
    22 =[4x1]
   Instruction values [Active=37]:
    0 = 
    1 = 
    2 = 
    3 = 
    4 = 
    5 = 
    12 = 
    13 = 
    14 = 
    15 = (int64_t)3, (uint64_t)3
    17 = (int64_t)3, (uint64_t)3
    18 = (int64_t)4, (uint64_t)4
    19 = (int64_t)4, (uint64_t)4
    20 = 
    22 = 
    24 = 
    25 = 
    26 = 
    27 = (int64_t)3, (uint64_t)3
    28 = (int64_t)3, (uint64_t)3
    29 = 
    30 = (int64_t)3, (uint64_t)3
    31 = (int64_t)3, (uint64_t)3
    32 = 
    34 = 
    35 = (int64_t)1, (uint64_t)1

Process @13
 Dynamic Allocations: 0
 Open Streams: 3
 Open DIRs: 0
 Thread #1 @TT=40
  Function [Index=0]
   Allocas:
    0 =[1x4]
    1 =[1x4]
    2 =[1x8]
    3 =[1x4]
    4 =[1x8]
    5 =[1x4]
    22 =[4x1]
   Instruction values [Active=39]:
    0 = 
    1 = 
    2 = 
    3 = 
    4 = 
    5 = 
    12 = 
    13 = 
    14 = 
    15 = (int64_t)3, (uint64_t)3
    17 = (int64_t)3, (uint64_t)3
    18 = (int64_t)4, (uint64_t)4
    19 = (int64_t)4, (uint64_t)4
    20 = 
    22 = 
    24 = 
    25 = 
    26 = 
    27 = (int64_t)3, (uint64_t)3
    28 = (int64_t)3, (uint64_t)3
    29 = 
    30 = (int64_t)3, (uint64_t)3
    31 = (int64_t)3, (uint64_t)3
    32 = 
    34 = 
    35 = (int64_t)1, (uint64_t)1
    38 = 

Process @14
 Dynamic Allocations: 0
 Open Streams: 3
 Open DIRs: 0
 Thread #1 @TT=43

Process @13
 Dynamic Allocations: 0
 Open Streams: 3
 Open DIRs: 0
 Thread #1 @TT=42
  Function [Index=0]
   Allocas:
    0 =[1x4]
    1 =[1x4]
    2 =[1x8]
    3 =[1x4]
    4 =[1x8]
    5 =[1x4]
   Instruction values [Active=40]:
    0 = 
    1 = 
    2 = 
    3 = 
    4 = 
    5 = 
    12 = 
    13 = 
    14 = 
    15 = (int64_t)3, (uint64_t)3
    17 = (int64_t)3, (uint64_t)3
    18 = (int64_t)4, (uint64_t)4
    19 = (int64_t)4, (uint64_t)4
    20 = 
    22 = 
    24 = 
    25 = 
    26 = 
    27 = (int64_t)3, (uint64_t)3
    28 = (int64_t)3, (uint64_t)3
    29 = 
    30 = (int64_t)3, (uint64_t)3
    31 = (int64_t)3, (uint64_t)3
    32 = 
    34 = 
    35 = (int64_t)1, (uint64_t)1
    38 = 
    40 = (int64_t)0, (uint64_t)0

Process @12
 Dynamic Allocations: 0
 Open Streams: 3
 Open DIRs: 0
 Thread #1 @TT=39
  Function [Index=0]
   Allocas:
    0 =[1x4]
    1 =[1x4]
    2 =[1x8]
    3 =[1x4]
    4 =[1x8]
    5 =[1x4]
    22 =[4x1]
   Instruction values [Active=38]:
    0 = 
    1 = 
    2 = 
    3 = 
    4 = 
    5 = 
    12 = 
    13 = 
    14 = 
    15 = (int64_t)3, (uint64_t)3
    17 = (int64_t)3, (uint64_t)3
    18 = (int64_t)4, (uint64_t)4
    19 = (int64_t)4, (uint64_t)4
    20 = 
    22 = 
    24 = 
    25 = 
    26 = 
    27 = (int64_t)3, (uint64_t)3
    28 = (int64_t)3, (uint64_t)3
    29 = 
    30 = (int64_t)3, (uint64_t)3
    31 = (int64_t)3, (uint64_t)3
    32 = 
    34 = 
    35 = (int64_t)1, (uint64_t)1
    38 = 

Process @11
 Dynamic Allocations: 0
 Open Streams: 3
 Open DIRs: 0
 Thread #1 @TT=37
  Function [Index=0]
   Allocas:
    0 =[1x4]
    1 =[1x4]
    2 =[1x8]
    3 =[1x4]
    4 =[1x8]
    5 =[1x4]
    22 =[4x1]
   Instruction values [Active=36]:
    0 = 
    1 = 
    2 = 
    3 = 
    4 = 
    5 = 
    12 = 
    13 = 
    14 = 
    15 = (int64_t)3, (uint64_t)3
    17 = (int64_t)3, (uint64_t)3
    18 = (int64_t)4, (uint64_t)4
    19 = (int64_t)4, (uint64_t)4
    20 = 
    22 = 
    24 = 
    25 = 
    26 = 
    27 = (int64_t)3, (uint64_t)3
    28 = (int64_t)3, (uint64_t)3
    29 = 
    30 = (int64_t)3, (uint64_t)3
    31 = (int64_t)3, (uint64_t)3
    32 = 
    34 = 
    35 = (int64_t)1, (uint64_t)1

Process @10
 Dynamic Allocations: 0
 Open Streams: 3
 Open DIRs: 0
 Thread #1 @TT=36
  Function [Index=0]
   Allocas:
    0 =[1x4]
    1 =[1x4]
    2 =[1x8]
    3 =[1x4]
    4 =[1x8]
    5 =[1x4]
    22 =[4x1]
   Instruction values [Active=35]:
    0 = 
    1 = 
    2 = 
    3 = 
    4 = 
    5 = 
    12 = 
    13 = 
    14 = 
    15 = (int64_t)3, (uint64_t)3
    17 = (int64_t)3, (uint64_t)3
    18 = (int64_t)4, (uint64_t)4
    19 = (int64_t)4, (uint64_t)4
    20 = 
    22 = 
    24 = 
    25 = 
    26 = 
    27 = (int64_t)3, (uint64_t)3
    28 = (int64_t)3, (uint64_t)3
    29 = 
    30 = (int64_t)3, (uint64_t)3
    31 = (int64_t)3, (uint64_t)3
    32 = 
    34 = 
    35 = (int64_t)1, (uint64_t)1

Process @9
 Dynamic Allocations: 0
 Open Streams: 3
 Open DIRs: 0
 Thread #1 @TT=35
  Function [Index=0]
   Allocas:
    0 =[1x4]
    1 =[1x4]
    2 =[1x8]
    3 =[1x4]
    4 =[1x8]
    5 =[1x4]
    22 =[4x1]
   Instruction values [Active=35]:
    0 = 
    1 = 
    2 = 
    3 = 
    4 = 
    5 = 
    12 = 
    13 = 
    14 = 
    15 = (int64_t)3, (uint64_t)3
    17 = (int64_t)3, (uint64_t)3
    18 = (int64_t)4, (uint64_t)4
    19 = (int64_t)4, (uint64_t)4
    20 = 
    22 = 
    24 = 
    25 = 
    26 = 
    27 = (int64_t)3, (uint64_t)3
    28 = (int64_t)3, (uint64_t)3
    29 = 
    30 = (int64_t)3, (uint64_t)3
    31 = (int64_t)3, (uint64_t)3
    32 = 
    34 = 

Process @8
 Dynamic Allocations: 0
 Open Streams: 3
 Open DIRs: 0
 Thread #1 @TT=32
  Function [Index=0]
   Allocas:
    0 =[1x4]
    1 =[1x4]
    2 =[1x8]
    3 =[1x4]
    4 =[1x8]
    5 =[1x4]
    22 =[4x1]
   Instruction values [Active=32]:
    0 = 
    1 = 
    2 = 
    3 = 
    4 = 
    5 = 
    12 = 
    13 = 
    14 = 
    15 = (int64_t)3, (uint64_t)3
    17 = (int64_t)3, (uint64_t)3
    18 = (int64_t)4, (uint64_t)4
    19 = (int64_t)4, (uint64_t)4
    20 = 
    22 = 
    24 = 
    25 = 
    26 = 
    27 = (int64_t)3, (uint64_t)3
    28 = (int64_t)3, (uint64_t)3
    29 = 
    30 = (int64_t)3, (uint64_t)3
    31 = (int64_t)3, (uint64_t)3
    32 = 

Process @7
 Dynamic Allocations: 0
 Open Streams: 3
 Open DIRs: 0
 Thread #1 @TT=28
  Function [Index=0]
   Allocas:
    0 =[1x4]
    1 =[1x4]
    2 =[1x8]
    3 =[1x4]
    4 =[1x8]
    5 =[1x4]
    22 =[4x1]
   Instruction values [Active=29]:
    0 = 
    1 = 
    2 = 
    3 = 
    4 = 
    5 = 
    12 = 
    13 = 
    14 = 
    15 = (int64_t)3, (uint64_t)3
    17 = (int64_t)3, (uint64_t)3
    18 = (int64_t)4, (uint64_t)4
    19 = (int64_t)4, (uint64_t)4
    20 = 
    22 = 
    24 = 
    25 = 
    26 = 
    27 = (int64_t)3, (uint64_t)3
    28 = (int64_t)3, (uint64_t)3

Process @6
 Dynamic Allocations: 0
 Open Streams: 3
 Open DIRs: 0
 Thread #1 @TT=20
  Function [Index=0]
   Allocas:
    0 =[1x4]
    1 =[1x4]
    2 =[1x8]
    3 =[1x4]
    4 =[1x8]
    5 =[1x4]
   Instruction values [Active=20]:
    0 = 
    1 = 
    2 = 
    3 = 
    4 = 
    5 = 
    12 = 
    13 = 
    14 = 
    15 = (int64_t)3, (uint64_t)3
    17 = (int64_t)3, (uint64_t)3
    18 = (int64_t)4, (uint64_t)4
    19 = (int64_t)4, (uint64_t)4
    20 = 

Process @5
 Dynamic Allocations: 0
 Open Streams: 3
 Open DIRs: 0
 Thread #1 @TT=15
  Function [Index=0]
   Allocas:
    0 =[1x4]
    1 =[1x4]
    2 =[1x8]
    3 =[1x4]
    4 =[1x8]
    5 =[1x4]
   Instruction values [Active=15]:
    0 = 
    1 = 
    2 = 
    3 = 
    4 = 
    5 = 
    12 = 
    13 = 
    14 = 
    15 = (int64_t)3, (uint64_t)3

Process @4
 Dynamic Allocations: 0
 Open Streams: 3
 Open DIRs: 0
 Thread #1 @TT=9
  Function [Index=0]
   Allocas:
    0 =[1x4]
    1 =[1x4]
    2 =[1x8]
    3 =[1x4]
    4 =[1x8]
    5 =[1x4]
   Instruction values [Active=7]:
    0 = 
    1 = 
    2 = 
    3 = 
    4 = 
    5 = 

Process @3
 Dynamic Allocations: 0
 Open Streams: 3
 Open DIRs: 0
 Thread #1 @TT=8
  Function [Index=0]
   Allocas:
    0 =[1x4]
    1 =[1x4]
    2 =[1x8]
    3 =[1x4]
    4 =[1x8]
    5 =[1x4]
   Instruction values [Active=6]:
    0 = 
    1 = 
    2 = 
    3 = 
    4 = 
    5 = 

Process @2
 Dynamic Allocations: 0
 Open Streams: 3
 Open DIRs: 0
 Thread #1 @TT=7
  Function [Index=0]
   Allocas:
    0 =[1x4]
    1 =[1x4]
    2 =[1x8]
    3 =[1x4]
    4 =[1x8]
    5 =[1x4]
   Instruction values [Active=5]:
    0 = 
    1 = 
    2 = 
    3 = 
    4 = 
    5 = 

Process @0
 Dynamic Allocations: 0
 Open Streams: 3
 Open DIRs: 0
 Thread #1 @TT=0

